2007.01.15 11:11 B C:\Serguei_All\Brushes\cart\skin1\payments\cc_2checkoutcom.tpl <-- KolinskyArtBrushes /public_html/cart/skin1/payments cc_2checkoutcom.tpl
2007.01.15 11:11 B C:\Serguei_All\Brushes\cart\skin1\payments\cc_2conew.tpl <-- KolinskyArtBrushes /public_html/cart/skin1/payments cc_2conew.tpl
2007.01.15 11:11 B C:\Serguei_All\Brushes\cart\skin1\payments\cc_3delta.tpl <-- KolinskyArtBrushes /public_html/cart/skin1/payments cc_3delta.tpl
2007.01.15 11:11 B C:\Serguei_All\Brushes\cart\skin1\payments\cc_anz.tpl <-- KolinskyArtBrushes /public_html/cart/skin1/payments cc_anz.tpl
2007.01.15 11:11 B C:\Serguei_All\Brushes\cart\skin1\payments\cc_asiadeb.tpl <-- KolinskyArtBrushes /public_html/cart/skin1/payments cc_asiadeb.tpl
2007.01.15 11:11 B C:\Serguei_All\Brushes\cart\skin1\payments\cc_authorizenet.tpl <-- KolinskyArtBrushes /public_html/cart/skin1/payments cc_authorizenet.tpl
2007.01.15 11:11 B C:\Serguei_All\Brushes\cart\skin1\payments\cc_authorizenet_sim.tpl <-- KolinskyArtBrushes /public_html/cart/skin1/payments cc_authorizenet_sim.tpl
2007.01.15 11:11 B C:\Serguei_All\Brushes\cart\skin1\payments\cc_bank.tpl <-- KolinskyArtBrushes /public_html/cart/skin1/payments cc_bank.tpl
2007.01.15 11:11 B C:\Serguei_All\Brushes\cart\skin1\payments\cc_bean.tpl <-- KolinskyArtBrushes /public_html/cart/skin1/payments cc_bean.tpl
2007.01.15 11:11 B C:\Serguei_All\Brushes\cart\skin1\payments\cc_bibit.tpl <-- KolinskyArtBrushes /public_html/cart/skin1/payments cc_bibit.tpl
2007.01.15 11:11 B C:\Serguei_All\Brushes\cart\skin1\payments\cc_blue.tpl <-- KolinskyArtBrushes /public_html/cart/skin1/payments cc_blue.tpl
2007.01.15 11:11 B C:\Serguei_All\Brushes\cart\skin1\payments\cc_caledon.tpl <-- KolinskyArtBrushes /public_html/cart/skin1/payments cc_caledon.tpl
2007.01.15 11:11 B C:\Serguei_All\Brushes\cart\skin1\payments\cc_cambist.tpl <-- KolinskyArtBrushes /public_html/cart/skin1/payments cc_cambist.tpl
2007.01.15 11:11 B C:\Serguei_All\Brushes\cart\skin1\payments\cc_cardia2.tpl <-- KolinskyArtBrushes /public_html/cart/skin1/payments cc_cardia2.tpl
2007.01.15 11:11 B C:\Serguei_All\Brushes\cart\skin1\payments\cc_ccash.tpl <-- KolinskyArtBrushes /public_html/cart/skin1/payments cc_ccash.tpl
2007.01.15 11:11 B C:\Serguei_All\Brushes\cart\skin1\payments\cc_censeo.tpl <-- KolinskyArtBrushes /public_html/cart/skin1/payments cc_censeo.tpl
2007.01.15 11:11 B C:\Serguei_All\Brushes\cart\skin1\payments\cc_centi.tpl <-- KolinskyArtBrushes /public_html/cart/skin1/payments cc_centi.tpl
2007.01.15 11:11 B C:\Serguei_All\Brushes\cart\skin1\payments\cc_chargeit.tpl <-- KolinskyArtBrushes /public_html/cart/skin1/payments cc_chargeit.tpl
2007.01.15 11:11 B C:\Serguei_All\Brushes\cart\skin1\payments\cc_cpac.tpl <-- KolinskyArtBrushes /public_html/cart/skin1/payments cc_cpac.tpl
2007.01.15 11:11 B C:\Serguei_All\Brushes\cart\skin1\payments\cc_csrc.tpl <-- KolinskyArtBrushes /public_html/cart/skin1/payments cc_csrc.tpl
2007.01.15 11:11 B C:\Serguei_All\Brushes\cart\skin1\payments\cc_datatrans.tpl <-- KolinskyArtBrushes /public_html/cart/skin1/payments cc_datatrans.tpl
2007.01.15 11:11 B C:\Serguei_All\Brushes\cart\skin1\payments\cc_delta.tpl <-- KolinskyArtBrushes /public_html/cart/skin1/payments cc_delta.tpl
2007.01.15 11:11 B C:\Serguei_All\Brushes\cart\skin1\payments\cc_directone.tpl <-- KolinskyArtBrushes /public_html/cart/skin1/payments cc_directone.tpl
2007.01.15 11:11 B C:\Serguei_All\Brushes\cart\skin1\payments\cc_dpil.tpl <-- KolinskyArtBrushes /public_html/cart/skin1/payments cc_dpil.tpl
2007.01.15 11:11 B C:\Serguei_All\Brushes\cart\skin1\payments\cc_dpilpx.tpl <-- KolinskyArtBrushes /public_html/cart/skin1/payments cc_dpilpx.tpl
2007.01.15 11:11 B C:\Serguei_All\Brushes\cart\skin1\payments\cc_dps.tpl <-- KolinskyArtBrushes /public_html/cart/skin1/payments cc_dps.tpl
2007.01.15 11:11 B C:\Serguei_All\Brushes\cart\skin1\payments\cc_easypay.tpl <-- KolinskyArtBrushes /public_html/cart/skin1/payments cc_easypay.tpl
2007.01.15 11:11 B C:\Serguei_All\Brushes\cart\skin1\payments\cc_echo.tpl <-- KolinskyArtBrushes /public_html/cart/skin1/payments cc_echo.tpl
2007.01.15 11:11 B C:\Serguei_All\Brushes\cart\skin1\payments\cc_edinar.tpl <-- KolinskyArtBrushes /public_html/cart/skin1/payments cc_edinar.tpl
2007.01.15 11:11 B C:\Serguei_All\Brushes\cart\skin1\payments\cc_efs.tpl <-- KolinskyArtBrushes /public_html/cart/skin1/payments cc_efs.tpl
2007.01.15 11:11 B C:\Serguei_All\Brushes\cart\skin1\payments\cc_egateway.tpl <-- KolinskyArtBrushes /public_html/cart/skin1/payments cc_egateway.tpl
2007.01.15 11:11 B C:\Serguei_All\Brushes\cart\skin1\payments\cc_egold.tpl <-- KolinskyArtBrushes /public_html/cart/skin1/payments cc_egold.tpl
2007.01.15 11:11 B C:\Serguei_All\Brushes\cart\skin1\payments\cc_epdq.tpl <-- KolinskyArtBrushes /public_html/cart/skin1/payments cc_epdq.tpl
2007.01.15 11:11 B C:\Serguei_All\Brushes\cart\skin1\payments\cc_epoch.tpl <-- KolinskyArtBrushes /public_html/cart/skin1/payments cc_epoch.tpl
2007.01.15 11:11 B C:\Serguei_All\Brushes\cart\skin1\payments\cc_eproc.tpl <-- KolinskyArtBrushes /public_html/cart/skin1/payments cc_eproc.tpl
2007.01.15 11:11 B C:\Serguei_All\Brushes\cart\skin1\payments\cc_esec.tpl <-- KolinskyArtBrushes /public_html/cart/skin1/payments cc_esec.tpl
2007.01.15 11:11 B C:\Serguei_All\Brushes\cart\skin1\payments\cc_eselect.tpl <-- KolinskyArtBrushes /public_html/cart/skin1/payments cc_eselect.tpl
2007.01.15 11:11 B C:\Serguei_All\Brushes\cart\skin1\payments\cc_eway.tpl <-- KolinskyArtBrushes /public_html/cart/skin1/payments cc_eway.tpl
2007.01.15 11:11 B C:\Serguei_All\Brushes\cart\skin1\payments\cc_ewayweb.tpl <-- KolinskyArtBrushes /public_html/cart/skin1/payments cc_ewayweb.tpl
2007.01.15 11:11 B C:\Serguei_All\Brushes\cart\skin1\payments\cc_ezic.tpl <-- KolinskyArtBrushes /public_html/cart/skin1/payments cc_ezic.tpl
2007.01.15 11:11 B C:\Serguei_All\Brushes\cart\skin1\payments\cc_eztp.tpl <-- KolinskyArtBrushes /public_html/cart/skin1/payments cc_eztp.tpl
2007.01.15 11:11 B C:\Serguei_All\Brushes\cart\skin1\payments\cc_fire.tpl <-- KolinskyArtBrushes /public_html/cart/skin1/payments cc_fire.tpl
2007.01.15 11:11 B C:\Serguei_All\Brushes\cart\skin1\payments\cc_fuse.tpl <-- KolinskyArtBrushes /public_html/cart/skin1/payments cc_fuse.tpl
2007.01.15 11:11 B C:\Serguei_All\Brushes\cart\skin1\payments\cc_gcomm.tpl <-- KolinskyArtBrushes /public_html/cart/skin1/payments cc_gcomm.tpl
2007.01.15 11:11 B C:\Serguei_All\Brushes\cart\skin1\payments\cc_gestpay.tpl <-- KolinskyArtBrushes /public_html/cart/skin1/payments cc_gestpay.tpl
2007.01.15 11:11 B C:\Serguei_All\Brushes\cart\skin1\payments\cc_goem.tpl <-- KolinskyArtBrushes /public_html/cart/skin1/payments cc_goem.tpl
2007.01.15 11:11 B C:\Serguei_All\Brushes\cart\skin1\payments\cc_gzs.tpl <-- KolinskyArtBrushes /public_html/cart/skin1/payments cc_gzs.tpl
2007.01.15 11:11 B C:\Serguei_All\Brushes\cart\skin1\payments\cc_hsbc.tpl <-- KolinskyArtBrushes /public_html/cart/skin1/payments cc_hsbc.tpl
2007.01.15 11:11 B C:\Serguei_All\Brushes\cart\skin1\payments\cc_ideb.tpl <-- KolinskyArtBrushes /public_html/cart/skin1/payments cc_ideb.tpl
2007.01.15 11:11 B C:\Serguei_All\Brushes\cart\skin1\payments\cc_innec.tpl <-- KolinskyArtBrushes /public_html/cart/skin1/payments cc_innec.tpl
2007.01.15 11:11 B C:\Serguei_All\Brushes\cart\skin1\payments\cc_intellipaycom.tpl <-- KolinskyArtBrushes /public_html/cart/skin1/payments cc_intellipaycom.tpl
2007.01.15 11:11 B C:\Serguei_All\Brushes\cart\skin1\payments\cc_iongatecom.tpl <-- KolinskyArtBrushes /public_html/cart/skin1/payments cc_iongatecom.tpl
2007.01.15 11:11 B C:\Serguei_All\Brushes\cart\skin1\payments\cc_isecure.tpl <-- KolinskyArtBrushes /public_html/cart/skin1/payments cc_isecure.tpl
2007.01.15 11:11 B C:\Serguei_All\Brushes\cart\skin1\payments\cc_jettis.tpl <-- KolinskyArtBrushes /public_html/cart/skin1/payments cc_jettis.tpl
2007.01.15 11:11 B C:\Serguei_All\Brushes\cart\skin1\payments\cc_linkpoint.tpl <-- KolinskyArtBrushes /public_html/cart/skin1/payments cc_linkpoint.tpl
2007.01.15 11:11 B C:\Serguei_All\Brushes\cart\skin1\payments\cc_lynksystems.tpl <-- KolinskyArtBrushes /public_html/cart/skin1/payments cc_lynksystems.tpl
2007.01.15 11:11 B C:\Serguei_All\Brushes\cart\skin1\payments\cc_mbookers.tpl <-- KolinskyArtBrushes /public_html/cart/skin1/payments cc_mbookers.tpl
2007.01.15 11:11 B C:\Serguei_All\Brushes\cart\skin1\payments\cc_mm.tpl <-- KolinskyArtBrushes /public_html/cart/skin1/payments cc_mm.tpl
2007.01.15 11:11 B C:\Serguei_All\Brushes\cart\skin1\payments\cc_multi.tpl <-- KolinskyArtBrushes /public_html/cart/skin1/payments cc_multi.tpl
2007.01.15 11:11 B C:\Serguei_All\Brushes\cart\skin1\payments\cc_multicard.tpl <-- KolinskyArtBrushes /public_html/cart/skin1/payments cc_multicard.tpl
2007.01.15 11:11 B C:\Serguei_All\Brushes\cart\skin1\payments\cc_netbanx.tpl <-- KolinskyArtBrushes /public_html/cart/skin1/payments cc_netbanx.tpl
2007.01.15 11:11 B C:\Serguei_All\Brushes\cart\skin1\payments\cc_netbilling.tpl <-- KolinskyArtBrushes /public_html/cart/skin1/payments cc_netbilling.tpl
2007.01.15 11:11 B C:\Serguei_All\Brushes\cart\skin1\payments\cc_netpay.tpl <-- KolinskyArtBrushes /public_html/cart/skin1/payments cc_netpay.tpl
2007.01.15 11:11 B C:\Serguei_All\Brushes\cart\skin1\payments\cc_nrecom.tpl <-- KolinskyArtBrushes /public_html/cart/skin1/payments cc_nrecom.tpl
2007.01.15 11:11 B C:\Serguei_All\Brushes\cart\skin1\payments\cc_ogone.tpl <-- KolinskyArtBrushes /public_html/cart/skin1/payments cc_ogone.tpl
2007.01.15 11:11 B C:\Serguei_All\Brushes\cart\skin1\payments\cc_ogoneweb.tpl <-- KolinskyArtBrushes /public_html/cart/skin1/payments cc_ogoneweb.tpl
2007.01.15 11:11 B C:\Serguei_All\Brushes\cart\skin1\payments\cc_paybox.tpl <-- KolinskyArtBrushes /public_html/cart/skin1/payments cc_paybox.tpl
2007.01.15 11:11 B C:\Serguei_All\Brushes\cart\skin1\payments\cc_paygate.tpl <-- KolinskyArtBrushes /public_html/cart/skin1/payments cc_paygate.tpl
2007.01.15 11:11 B C:\Serguei_All\Brushes\cart\skin1\payments\cc_paynet.tpl <-- KolinskyArtBrushes /public_html/cart/skin1/payments cc_paynet.tpl
2007.01.15 11:11 B C:\Serguei_All\Brushes\cart\skin1\payments\cc_paysystems.tpl <-- KolinskyArtBrushes /public_html/cart/skin1/payments cc_paysystems.tpl
2007.01.15 11:11 B C:\Serguei_All\Brushes\cart\skin1\payments\cc_payweb.tpl <-- KolinskyArtBrushes /public_html/cart/skin1/payments cc_payweb.tpl
2007.01.15 11:11 B C:\Serguei_All\Brushes\cart\skin1\payments\cc_payzip.tpl <-- KolinskyArtBrushes /public_html/cart/skin1/payments cc_payzip.tpl
2007.01.15 11:11 B C:\Serguei_All\Brushes\cart\skin1\payments\cc_people.tpl <-- KolinskyArtBrushes /public_html/cart/skin1/payments cc_people.tpl
2007.01.15 11:11 B C:\Serguei_All\Brushes\cart\skin1\payments\cc_pgw.tpl <-- KolinskyArtBrushes /public_html/cart/skin1/payments cc_pgw.tpl
2007.01.15 11:11 B C:\Serguei_All\Brushes\cart\skin1\payments\cc_pi.tpl <-- KolinskyArtBrushes /public_html/cart/skin1/payments cc_pi.tpl
2007.01.15 11:11 B C:\Serguei_All\Brushes\cart\skin1\payments\cc_plugnpaycom.tpl <-- KolinskyArtBrushes /public_html/cart/skin1/payments cc_plugnpaycom.tpl
2007.01.15 11:11 B C:\Serguei_All\Brushes\cart\skin1\payments\cc_pnpss.tpl <-- KolinskyArtBrushes /public_html/cart/skin1/payments cc_pnpss.tpl
2007.01.15 11:11 B C:\Serguei_All\Brushes\cart\skin1\payments\cc_pp3.tpl <-- KolinskyArtBrushes /public_html/cart/skin1/payments cc_pp3.tpl
2007.01.15 11:11 B C:\Serguei_All\Brushes\cart\skin1\payments\cc_pri.tpl <-- KolinskyArtBrushes /public_html/cart/skin1/payments cc_pri.tpl
2007.01.15 11:12 B C:\Serguei_All\Brushes\cart\skin1\payments\cc_prip.tpl <-- KolinskyArtBrushes /public_html/cart/skin1/payments cc_prip.tpl
2007.01.15 11:12 B C:\Serguei_All\Brushes\cart\skin1\payments\cc_priw.tpl <-- KolinskyArtBrushes /public_html/cart/skin1/payments cc_priw.tpl
2007.01.15 11:12 B C:\Serguei_All\Brushes\cart\skin1\payments\cc_processusa.tpl <-- KolinskyArtBrushes /public_html/cart/skin1/payments cc_processusa.tpl
2007.01.15 11:12 B C:\Serguei_All\Brushes\cart\skin1\payments\cc_protx.tpl <-- KolinskyArtBrushes /public_html/cart/skin1/payments cc_protx.tpl
2007.01.15 11:12 B C:\Serguei_All\Brushes\cart\skin1\payments\cc_protxdir.tpl <-- KolinskyArtBrushes /public_html/cart/skin1/payments cc_protxdir.tpl
2007.01.15 11:12 B C:\Serguei_All\Brushes\cart\skin1\payments\cc_psclient.tpl <-- KolinskyArtBrushes /public_html/cart/skin1/payments cc_psclient.tpl
2007.01.15 11:12 B C:\Serguei_All\Brushes\cart\skin1\payments\cc_psigate.tpl <-- KolinskyArtBrushes /public_html/cart/skin1/payments cc_psigate.tpl
2007.01.15 11:12 B C:\Serguei_All\Brushes\cart\skin1\payments\cc_pswbill.tpl <-- KolinskyArtBrushes /public_html/cart/skin1/payments cc_pswbill.tpl
2007.01.15 11:12 B C:\Serguei_All\Brushes\cart\skin1\payments\cc_rtware.tpl <-- KolinskyArtBrushes /public_html/cart/skin1/payments cc_rtware.tpl
2007.01.15 11:12 B C:\Serguei_All\Brushes\cart\skin1\payments\cc_saferpay.tpl <-- KolinskyArtBrushes /public_html/cart/skin1/payments cc_saferpay.tpl
2007.01.15 11:12 B C:\Serguei_All\Brushes\cart\skin1\payments\cc_scopus.tpl <-- KolinskyArtBrushes /public_html/cart/skin1/payments cc_scopus.tpl
2007.01.15 11:12 B C:\Serguei_All\Brushes\cart\skin1\payments\cc_secpay.tpl <-- KolinskyArtBrushes /public_html/cart/skin1/payments cc_secpay.tpl
2007.01.15 11:12 B C:\Serguei_All\Brushes\cart\skin1\payments\cc_securepay.tpl <-- KolinskyArtBrushes /public_html/cart/skin1/payments cc_securepay.tpl
2007.01.15 11:12 B C:\Serguei_All\Brushes\cart\skin1\payments\cc_securetrading.tpl <-- KolinskyArtBrushes /public_html/cart/skin1/payments cc_securetrading.tpl
2007.01.15 11:12 B C:\Serguei_All\Brushes\cart\skin1\payments\cc_skipjack.tpl <-- KolinskyArtBrushes /public_html/cart/skin1/payments cc_skipjack.tpl
2007.01.15 11:12 B C:\Serguei_All\Brushes\cart\skin1\payments\cc_slim.tpl <-- KolinskyArtBrushes /public_html/cart/skin1/payments cc_slim.tpl
2007.01.15 11:12 B C:\Serguei_All\Brushes\cart\skin1\payments\cc_smartpag.tpl <-- KolinskyArtBrushes /public_html/cart/skin1/payments cc_smartpag.tpl
2007.01.15 11:12 B C:\Serguei_All\Brushes\cart\skin1\payments\cc_surepay.tpl <-- KolinskyArtBrushes /public_html/cart/skin1/payments cc_surepay.tpl
2007.01.15 11:12 B C:\Serguei_All\Brushes\cart\skin1\payments\cc_test.tpl <-- KolinskyArtBrushes /public_html/cart/skin1/payments cc_test.tpl
2007.01.15 11:12 B C:\Serguei_All\Brushes\cart\skin1\payments\cc_triple.tpl <-- KolinskyArtBrushes /public_html/cart/skin1/payments cc_triple.tpl
2007.01.15 11:12 B C:\Serguei_All\Brushes\cart\skin1\payments\cc_trolley.tpl <-- KolinskyArtBrushes /public_html/cart/skin1/payments cc_trolley.tpl
2007.01.15 11:12 B C:\Serguei_All\Brushes\cart\skin1\payments\cc_trustcommerce.tpl <-- KolinskyArtBrushes /public_html/cart/skin1/payments cc_trustcommerce.tpl
2007.01.15 11:12 B C:\Serguei_All\Brushes\cart\skin1\payments\cc_usaepay.tpl <-- KolinskyArtBrushes /public_html/cart/skin1/payments cc_usaepay.tpl
2007.01.15 11:12 B C:\Serguei_All\Brushes\cart\skin1\payments\cc_usight.tpl <-- KolinskyArtBrushes /public_html/cart/skin1/payments cc_usight.tpl
2007.01.15 11:12 B C:\Serguei_All\Brushes\cart\skin1\payments\cc_vaultx.tpl <-- KolinskyArtBrushes /public_html/cart/skin1/payments cc_vaultx.tpl
2007.01.15 11:12 B C:\Serguei_All\Brushes\cart\skin1\payments\cc_verisign.tpl <-- KolinskyArtBrushes /public_html/cart/skin1/payments cc_verisign.tpl
2007.01.15 11:12 B C:\Serguei_All\Brushes\cart\skin1\payments\cc_verisignl.tpl <-- KolinskyArtBrushes /public_html/cart/skin1/payments cc_verisignl.tpl
2007.01.15 11:12 B C:\Serguei_All\Brushes\cart\skin1\payments\cc_viaklix.tpl <-- KolinskyArtBrushes /public_html/cart/skin1/payments cc_viaklix.tpl
2007.01.15 11:12 B C:\Serguei_All\Brushes\cart\skin1\payments\cc_viaklix2.tpl <-- KolinskyArtBrushes /public_html/cart/skin1/payments cc_viaklix2.tpl
2007.01.15 11:12 B C:\Serguei_All\Brushes\cart\skin1\payments\cc_vp.tpl <-- KolinskyArtBrushes /public_html/cart/skin1/payments cc_vp.tpl
2007.01.15 11:12 B C:\Serguei_All\Brushes\cart\skin1\payments\cc_w2p.tpl <-- KolinskyArtBrushes /public_html/cart/skin1/payments cc_w2p.tpl
2007.01.15 11:12 B C:\Serguei_All\Brushes\cart\skin1\payments\cc_webcraft.tpl <-- KolinskyArtBrushes /public_html/cart/skin1/payments cc_webcraft.tpl
2007.01.15 11:12 B C:\Serguei_All\Brushes\cart\skin1\payments\cc_wells.tpl <-- KolinskyArtBrushes /public_html/cart/skin1/payments cc_wells.tpl
2007.01.15 11:12 B C:\Serguei_All\Brushes\cart\skin1\payments\cc_worldpay.tpl <-- KolinskyArtBrushes /public_html/cart/skin1/payments cc_worldpay.tpl
2007.01.15 11:12 B C:\Serguei_All\Brushes\cart\skin1\payments\cc_wswift.tpl <-- KolinskyArtBrushes /public_html/cart/skin1/payments cc_wswift.tpl
2007.01.15 11:12 B C:\Serguei_All\Brushes\cart\skin1\payments\cc_yellow.tpl <-- KolinskyArtBrushes /public_html/cart/skin1/payments cc_yellow.tpl
2007.01.15 11:12 B C:\Serguei_All\Brushes\cart\skin1\payments\cc_yourpay.tpl <-- KolinskyArtBrushes /public_html/cart/skin1/payments cc_yourpay.tpl
2007.01.15 11:12 B C:\Serguei_All\Brushes\cart\skin1\payments\cc_zipzap.tpl <-- KolinskyArtBrushes /public_html/cart/skin1/payments cc_zipzap.tpl
2007.01.15 11:12 B C:\Serguei_All\Brushes\cart\skin1\payments\ch_authorizenet.tpl <-- KolinskyArtBrushes /public_html/cart/skin1/payments ch_authorizenet.tpl
2007.01.15 11:12 B C:\Serguei_All\Brushes\cart\skin1\payments\ch_paybycheck.tpl <-- KolinskyArtBrushes /public_html/cart/skin1/payments ch_paybycheck.tpl
2007.01.15 11:12 B C:\Serguei_All\Brushes\cart\skin1\payments\ch_pbcxml.tpl <-- KolinskyArtBrushes /public_html/cart/skin1/payments ch_pbcxml.tpl
2007.01.15 11:12 B C:\Serguei_All\Brushes\cart\skin1\payments\ch_wtsbank.tpl <-- KolinskyArtBrushes /public_html/cart/skin1/payments ch_wtsbank.tpl
2007.01.15 11:12 B C:\Serguei_All\Brushes\cart\skin1\payments\ps_nochex.tpl <-- KolinskyArtBrushes /public_html/cart/skin1/payments ps_nochex.tpl
2007.01.15 11:12 B C:\Serguei_All\Brushes\cart\skin1\payments\ps_paypal.tpl <-- KolinskyArtBrushes /public_html/cart/skin1/payments ps_paypal.tpl
2007.01.15 11:12 B C:\Serguei_All\Brushes\cart\skin1\payments\ps_paypal_group.tpl <-- KolinskyArtBrushes /public_html/cart/skin1/payments ps_paypal_group.tpl
2007.01.15 11:12 B C:\Serguei_All\Brushes\cart\skin1\payments\ps_paypal_pro.tpl <-- KolinskyArtBrushes /public_html/cart/skin1/payments ps_paypal_pro.tpl
2007.01.15 11:12 B C:\Serguei_All\Brushes\cart\skin1\payments\ps_paypal_pro_express_checkout.tpl <-- KolinskyArtBrushes /public_html/cart/skin1/payments ps_paypal_pro_express_checkout.tpl
2007.01.15 11:29 B C:\Serguei_All\Vorojtsov.com\public_html\shop\skin1\payments\cc_2checkoutcom.tpl --> ftp.vorojtsov.com /public_html/vorojtsov/shop/skin1/payments cc_2checkoutcom.tpl
2007.01.15 11:29 B C:\Serguei_All\Vorojtsov.com\public_html\shop\skin1\payments\cc_2conew.tpl --> ftp.vorojtsov.com /public_html/vorojtsov/shop/skin1/payments cc_2conew.tpl
2007.01.15 11:29 B C:\Serguei_All\Vorojtsov.com\public_html\shop\skin1\payments\cc_3delta.tpl --> ftp.vorojtsov.com /public_html/vorojtsov/shop/skin1/payments cc_3delta.tpl
2007.01.15 11:29 B C:\Serguei_All\Vorojtsov.com\public_html\shop\skin1\payments\cc_anz.tpl --> ftp.vorojtsov.com /public_html/vorojtsov/shop/skin1/payments cc_anz.tpl
2007.01.15 11:29 B C:\Serguei_All\Vorojtsov.com\public_html\shop\skin1\payments\cc_asiadeb.tpl --> ftp.vorojtsov.com /public_html/vorojtsov/shop/skin1/payments cc_asiadeb.tpl
2007.01.15 11:29 B C:\Serguei_All\Vorojtsov.com\public_html\shop\skin1\payments\cc_authorizenet.tpl --> ftp.vorojtsov.com /public_html/vorojtsov/shop/skin1/payments cc_authorizenet.tpl
2007.01.15 11:29 B C:\Serguei_All\Vorojtsov.com\public_html\shop\skin1\payments\cc_authorizenet_sim.tpl --> ftp.vorojtsov.com /public_html/vorojtsov/shop/skin1/payments cc_authorizenet_sim.tpl
2007.01.15 11:29 B C:\Serguei_All\Vorojtsov.com\public_html\shop\skin1\payments\cc_bank.tpl --> ftp.vorojtsov.com /public_html/vorojtsov/shop/skin1/payments cc_bank.tpl
2007.01.15 11:29 B C:\Serguei_All\Vorojtsov.com\public_html\shop\skin1\payments\cc_bean.tpl --> ftp.vorojtsov.com /public_html/vorojtsov/shop/skin1/payments cc_bean.tpl
2007.01.15 11:29 B C:\Serguei_All\Vorojtsov.com\public_html\shop\skin1\payments\cc_bibit.tpl --> ftp.vorojtsov.com /public_html/vorojtsov/shop/skin1/payments cc_bibit.tpl
2007.01.15 11:29 B C:\Serguei_All\Vorojtsov.com\public_html\shop\skin1\payments\cc_blue.tpl --> ftp.vorojtsov.com /public_html/vorojtsov/shop/skin1/payments cc_blue.tpl
2007.01.15 11:29 B C:\Serguei_All\Vorojtsov.com\public_html\shop\skin1\payments\cc_caledon.tpl --> ftp.vorojtsov.com /public_html/vorojtsov/shop/skin1/payments cc_caledon.tpl
2007.01.15 11:29 B C:\Serguei_All\Vorojtsov.com\public_html\shop\skin1\payments\cc_cambist.tpl --> ftp.vorojtsov.com /public_html/vorojtsov/shop/skin1/payments cc_cambist.tpl
2007.01.15 11:29 B C:\Serguei_All\Vorojtsov.com\public_html\shop\skin1\payments\cc_cardia2.tpl --> ftp.vorojtsov.com /public_html/vorojtsov/shop/skin1/payments cc_cardia2.tpl
2007.01.15 11:29 B C:\Serguei_All\Vorojtsov.com\public_html\shop\skin1\payments\cc_ccash.tpl --> ftp.vorojtsov.com /public_html/vorojtsov/shop/skin1/payments cc_ccash.tpl
2007.01.15 11:29 B C:\Serguei_All\Vorojtsov.com\public_html\shop\skin1\payments\cc_censeo.tpl --> ftp.vorojtsov.com /public_html/vorojtsov/shop/skin1/payments cc_censeo.tpl
2007.01.15 11:29 B C:\Serguei_All\Vorojtsov.com\public_html\shop\skin1\payments\cc_centi.tpl --> ftp.vorojtsov.com /public_html/vorojtsov/shop/skin1/payments cc_centi.tpl
2007.01.15 11:29 B C:\Serguei_All\Vorojtsov.com\public_html\shop\skin1\payments\cc_chargeit.tpl --> ftp.vorojtsov.com /public_html/vorojtsov/shop/skin1/payments cc_chargeit.tpl
2007.01.15 11:29 B C:\Serguei_All\Vorojtsov.com\public_html\shop\skin1\payments\cc_cpac.tpl --> ftp.vorojtsov.com /public_html/vorojtsov/shop/skin1/payments cc_cpac.tpl
2007.01.15 11:29 B C:\Serguei_All\Vorojtsov.com\public_html\shop\skin1\payments\cc_csrc.tpl --> ftp.vorojtsov.com /public_html/vorojtsov/shop/skin1/payments cc_csrc.tpl
2007.01.15 11:29 B C:\Serguei_All\Vorojtsov.com\public_html\shop\skin1\payments\cc_datatrans.tpl --> ftp.vorojtsov.com /public_html/vorojtsov/shop/skin1/payments cc_datatrans.tpl
2007.01.15 11:29 B C:\Serguei_All\Vorojtsov.com\public_html\shop\skin1\payments\cc_delta.tpl --> ftp.vorojtsov.com /public_html/vorojtsov/shop/skin1/payments cc_delta.tpl
2007.01.15 11:29 B C:\Serguei_All\Vorojtsov.com\public_html\shop\skin1\payments\cc_directone.tpl --> ftp.vorojtsov.com /public_html/vorojtsov/shop/skin1/payments cc_directone.tpl
2007.01.15 11:29 B C:\Serguei_All\Vorojtsov.com\public_html\shop\skin1\payments\cc_dpil.tpl --> ftp.vorojtsov.com /public_html/vorojtsov/shop/skin1/payments cc_dpil.tpl
2007.01.15 11:29 B C:\Serguei_All\Vorojtsov.com\public_html\shop\skin1\payments\cc_dpilpx.tpl --> ftp.vorojtsov.com /public_html/vorojtsov/shop/skin1/payments cc_dpilpx.tpl
2007.01.15 11:29 B C:\Serguei_All\Vorojtsov.com\public_html\shop\skin1\payments\cc_dps.tpl --> ftp.vorojtsov.com /public_html/vorojtsov/shop/skin1/payments cc_dps.tpl
2007.01.15 11:29 B C:\Serguei_All\Vorojtsov.com\public_html\shop\skin1\payments\cc_easypay.tpl --> ftp.vorojtsov.com /public_html/vorojtsov/shop/skin1/payments cc_easypay.tpl
2007.01.15 11:29 B C:\Serguei_All\Vorojtsov.com\public_html\shop\skin1\payments\cc_echo.tpl --> ftp.vorojtsov.com /public_html/vorojtsov/shop/skin1/payments cc_echo.tpl
2007.01.15 11:29 B C:\Serguei_All\Vorojtsov.com\public_html\shop\skin1\payments\cc_edinar.tpl --> ftp.vorojtsov.com /public_html/vorojtsov/shop/skin1/payments cc_edinar.tpl
2007.01.15 11:29 B C:\Serguei_All\Vorojtsov.com\public_html\shop\skin1\payments\cc_efs.tpl --> ftp.vorojtsov.com /public_html/vorojtsov/shop/skin1/payments cc_efs.tpl
2007.01.15 11:29 B C:\Serguei_All\Vorojtsov.com\public_html\shop\skin1\payments\cc_egateway.tpl --> ftp.vorojtsov.com /public_html/vorojtsov/shop/skin1/payments cc_egateway.tpl
2007.01.15 11:29 B C:\Serguei_All\Vorojtsov.com\public_html\shop\skin1\payments\cc_egold.tpl --> ftp.vorojtsov.com /public_html/vorojtsov/shop/skin1/payments cc_egold.tpl
2007.01.15 11:29 B C:\Serguei_All\Vorojtsov.com\public_html\shop\skin1\payments\cc_epdq.tpl --> ftp.vorojtsov.com /public_html/vorojtsov/shop/skin1/payments cc_epdq.tpl
2007.01.15 11:29 B C:\Serguei_All\Vorojtsov.com\public_html\shop\skin1\payments\cc_epoch.tpl --> ftp.vorojtsov.com /public_html/vorojtsov/shop/skin1/payments cc_epoch.tpl
2007.01.15 11:29 B C:\Serguei_All\Vorojtsov.com\public_html\shop\skin1\payments\cc_eproc.tpl --> ftp.vorojtsov.com /public_html/vorojtsov/shop/skin1/payments cc_eproc.tpl
2007.01.15 11:29 B C:\Serguei_All\Vorojtsov.com\public_html\shop\skin1\payments\cc_esec.tpl --> ftp.vorojtsov.com /public_html/vorojtsov/shop/skin1/payments cc_esec.tpl
2007.01.15 11:29 B C:\Serguei_All\Vorojtsov.com\public_html\shop\skin1\payments\cc_eselect.tpl --> ftp.vorojtsov.com /public_html/vorojtsov/shop/skin1/payments cc_eselect.tpl
2007.01.15 11:29 B C:\Serguei_All\Vorojtsov.com\public_html\shop\skin1\payments\cc_eway.tpl --> ftp.vorojtsov.com /public_html/vorojtsov/shop/skin1/payments cc_eway.tpl
2007.01.15 11:29 B C:\Serguei_All\Vorojtsov.com\public_html\shop\skin1\payments\cc_ewayweb.tpl --> ftp.vorojtsov.com /public_html/vorojtsov/shop/skin1/payments cc_ewayweb.tpl
2007.01.15 11:29 B C:\Serguei_All\Vorojtsov.com\public_html\shop\skin1\payments\cc_ezic.tpl --> ftp.vorojtsov.com /public_html/vorojtsov/shop/skin1/payments cc_ezic.tpl
2007.01.15 11:29 B C:\Serguei_All\Vorojtsov.com\public_html\shop\skin1\payments\cc_eztp.tpl --> ftp.vorojtsov.com /public_html/vorojtsov/shop/skin1/payments cc_eztp.tpl
2007.01.15 11:29 B C:\Serguei_All\Vorojtsov.com\public_html\shop\skin1\payments\cc_fire.tpl --> ftp.vorojtsov.com /public_html/vorojtsov/shop/skin1/payments cc_fire.tpl
2007.01.15 11:29 B C:\Serguei_All\Vorojtsov.com\public_html\shop\skin1\payments\cc_fuse.tpl --> ftp.vorojtsov.com /public_html/vorojtsov/shop/skin1/payments cc_fuse.tpl
2007.01.15 11:29 B C:\Serguei_All\Vorojtsov.com\public_html\shop\skin1\payments\cc_gcomm.tpl --> ftp.vorojtsov.com /public_html/vorojtsov/shop/skin1/payments cc_gcomm.tpl
2007.01.15 11:29 B C:\Serguei_All\Vorojtsov.com\public_html\shop\skin1\payments\cc_gestpay.tpl --> ftp.vorojtsov.com /public_html/vorojtsov/shop/skin1/payments cc_gestpay.tpl
2007.01.15 11:29 B C:\Serguei_All\Vorojtsov.com\public_html\shop\skin1\payments\cc_goem.tpl --> ftp.vorojtsov.com /public_html/vorojtsov/shop/skin1/payments cc_goem.tpl
2007.01.15 11:29 B C:\Serguei_All\Vorojtsov.com\public_html\shop\skin1\payments\cc_gzs.tpl --> ftp.vorojtsov.com /public_html/vorojtsov/shop/skin1/payments cc_gzs.tpl
2007.01.15 11:29 B C:\Serguei_All\Vorojtsov.com\public_html\shop\skin1\payments\cc_hsbc.tpl --> ftp.vorojtsov.com /public_html/vorojtsov/shop/skin1/payments cc_hsbc.tpl
2007.01.15 11:29 B C:\Serguei_All\Vorojtsov.com\public_html\shop\skin1\payments\cc_ideb.tpl --> ftp.vorojtsov.com /public_html/vorojtsov/shop/skin1/payments cc_ideb.tpl
2007.01.15 11:29 B C:\Serguei_All\Vorojtsov.com\public_html\shop\skin1\payments\cc_innec.tpl --> ftp.vorojtsov.com /public_html/vorojtsov/shop/skin1/payments cc_innec.tpl
2007.01.15 11:29 B C:\Serguei_All\Vorojtsov.com\public_html\shop\skin1\payments\cc_intellipaycom.tpl --> ftp.vorojtsov.com /public_html/vorojtsov/shop/skin1/payments cc_intellipaycom.tpl
2007.01.15 11:29 B C:\Serguei_All\Vorojtsov.com\public_html\shop\skin1\payments\cc_iongatecom.tpl --> ftp.vorojtsov.com /public_html/vorojtsov/shop/skin1/payments cc_iongatecom.tpl
2007.01.15 11:29 B C:\Serguei_All\Vorojtsov.com\public_html\shop\skin1\payments\cc_isecure.tpl --> ftp.vorojtsov.com /public_html/vorojtsov/shop/skin1/payments cc_isecure.tpl
2007.01.15 11:29 B C:\Serguei_All\Vorojtsov.com\public_html\shop\skin1\payments\cc_jettis.tpl --> ftp.vorojtsov.com /public_html/vorojtsov/shop/skin1/payments cc_jettis.tpl
2007.01.15 11:29 B C:\Serguei_All\Vorojtsov.com\public_html\shop\skin1\payments\cc_linkpoint.tpl --> ftp.vorojtsov.com /public_html/vorojtsov/shop/skin1/payments cc_linkpoint.tpl
2007.01.15 11:29 B C:\Serguei_All\Vorojtsov.com\public_html\shop\skin1\payments\cc_lynksystems.tpl --> ftp.vorojtsov.com /public_html/vorojtsov/shop/skin1/payments cc_lynksystems.tpl
2007.01.15 11:29 B C:\Serguei_All\Vorojtsov.com\public_html\shop\skin1\payments\cc_mbookers.tpl --> ftp.vorojtsov.com /public_html/vorojtsov/shop/skin1/payments cc_mbookers.tpl
2007.01.15 11:29 B C:\Serguei_All\Vorojtsov.com\public_html\shop\skin1\payments\cc_mm.tpl --> ftp.vorojtsov.com /public_html/vorojtsov/shop/skin1/payments cc_mm.tpl
2007.01.15 11:29 B C:\Serguei_All\Vorojtsov.com\public_html\shop\skin1\payments\cc_multi.tpl --> ftp.vorojtsov.com /public_html/vorojtsov/shop/skin1/payments cc_multi.tpl
2007.01.15 11:29 B C:\Serguei_All\Vorojtsov.com\public_html\shop\skin1\payments\cc_multicard.tpl --> ftp.vorojtsov.com /public_html/vorojtsov/shop/skin1/payments cc_multicard.tpl
2007.01.15 11:29 B C:\Serguei_All\Vorojtsov.com\public_html\shop\skin1\payments\cc_netbanx.tpl --> ftp.vorojtsov.com /public_html/vorojtsov/shop/skin1/payments cc_netbanx.tpl
2007.01.15 11:29 B C:\Serguei_All\Vorojtsov.com\public_html\shop\skin1\payments\cc_netbilling.tpl --> ftp.vorojtsov.com /public_html/vorojtsov/shop/skin1/payments cc_netbilling.tpl
2007.01.15 11:29 B C:\Serguei_All\Vorojtsov.com\public_html\shop\skin1\payments\cc_netpay.tpl --> ftp.vorojtsov.com /public_html/vorojtsov/shop/skin1/payments cc_netpay.tpl
2007.01.15 11:29 B C:\Serguei_All\Vorojtsov.com\public_html\shop\skin1\payments\cc_nrecom.tpl --> ftp.vorojtsov.com /public_html/vorojtsov/shop/skin1/payments cc_nrecom.tpl
2007.01.15 11:29 B C:\Serguei_All\Vorojtsov.com\public_html\shop\skin1\payments\cc_ogone.tpl --> ftp.vorojtsov.com /public_html/vorojtsov/shop/skin1/payments cc_ogone.tpl
2007.01.15 11:29 B C:\Serguei_All\Vorojtsov.com\public_html\shop\skin1\payments\cc_ogoneweb.tpl --> ftp.vorojtsov.com /public_html/vorojtsov/shop/skin1/payments cc_ogoneweb.tpl
2007.01.15 11:29 B C:\Serguei_All\Vorojtsov.com\public_html\shop\skin1\payments\cc_paybox.tpl --> ftp.vorojtsov.com /public_html/vorojtsov/shop/skin1/payments cc_paybox.tpl
2007.01.15 11:29 B C:\Serguei_All\Vorojtsov.com\public_html\shop\skin1\payments\cc_paygate.tpl --> ftp.vorojtsov.com /public_html/vorojtsov/shop/skin1/payments cc_paygate.tpl
2007.01.15 11:29 B C:\Serguei_All\Vorojtsov.com\public_html\shop\skin1\payments\cc_paynet.tpl --> ftp.vorojtsov.com /public_html/vorojtsov/shop/skin1/payments cc_paynet.tpl
2007.01.15 11:29 B C:\Serguei_All\Vorojtsov.com\public_html\shop\skin1\payments\cc_paysystems.tpl --> ftp.vorojtsov.com /public_html/vorojtsov/shop/skin1/payments cc_paysystems.tpl
2007.01.15 11:29 B C:\Serguei_All\Vorojtsov.com\public_html\shop\skin1\payments\cc_payweb.tpl --> ftp.vorojtsov.com /public_html/vorojtsov/shop/skin1/payments cc_payweb.tpl
2007.01.15 11:29 B C:\Serguei_All\Vorojtsov.com\public_html\shop\skin1\payments\cc_payzip.tpl --> ftp.vorojtsov.com /public_html/vorojtsov/shop/skin1/payments cc_payzip.tpl
2007.01.15 11:29 B C:\Serguei_All\Vorojtsov.com\public_html\shop\skin1\payments\cc_people.tpl --> ftp.vorojtsov.com /public_html/vorojtsov/shop/skin1/payments cc_people.tpl
2007.01.15 11:29 B C:\Serguei_All\Vorojtsov.com\public_html\shop\skin1\payments\cc_pgw.tpl --> ftp.vorojtsov.com /public_html/vorojtsov/shop/skin1/payments cc_pgw.tpl
2007.01.15 11:29 B C:\Serguei_All\Vorojtsov.com\public_html\shop\skin1\payments\cc_pi.tpl --> ftp.vorojtsov.com /public_html/vorojtsov/shop/skin1/payments cc_pi.tpl
2007.01.15 11:29 B C:\Serguei_All\Vorojtsov.com\public_html\shop\skin1\payments\cc_plugnpaycom.tpl --> ftp.vorojtsov.com /public_html/vorojtsov/shop/skin1/payments cc_plugnpaycom.tpl
2007.01.15 11:29 B C:\Serguei_All\Vorojtsov.com\public_html\shop\skin1\payments\cc_pnpss.tpl --> ftp.vorojtsov.com /public_html/vorojtsov/shop/skin1/payments cc_pnpss.tpl
2007.01.15 11:29 B C:\Serguei_All\Vorojtsov.com\public_html\shop\skin1\payments\cc_pp3.tpl --> ftp.vorojtsov.com /public_html/vorojtsov/shop/skin1/payments cc_pp3.tpl
2007.01.15 11:29 B C:\Serguei_All\Vorojtsov.com\public_html\shop\skin1\payments\cc_pri.tpl --> ftp.vorojtsov.com /public_html/vorojtsov/shop/skin1/payments cc_pri.tpl
2007.01.15 11:29 B C:\Serguei_All\Vorojtsov.com\public_html\shop\skin1\payments\cc_prip.tpl --> ftp.vorojtsov.com /public_html/vorojtsov/shop/skin1/payments cc_prip.tpl
2007.01.15 11:29 B C:\Serguei_All\Vorojtsov.com\public_html\shop\skin1\payments\cc_priw.tpl --> ftp.vorojtsov.com /public_html/vorojtsov/shop/skin1/payments cc_priw.tpl
2007.01.15 11:29 B C:\Serguei_All\Vorojtsov.com\public_html\shop\skin1\payments\cc_processusa.tpl --> ftp.vorojtsov.com /public_html/vorojtsov/shop/skin1/payments cc_processusa.tpl
2007.01.15 11:29 B C:\Serguei_All\Vorojtsov.com\public_html\shop\skin1\payments\cc_protx.tpl --> ftp.vorojtsov.com /public_html/vorojtsov/shop/skin1/payments cc_protx.tpl
2007.01.15 11:29 B C:\Serguei_All\Vorojtsov.com\public_html\shop\skin1\payments\cc_protxdir.tpl --> ftp.vorojtsov.com /public_html/vorojtsov/shop/skin1/payments cc_protxdir.tpl
2007.01.15 11:29 B C:\Serguei_All\Vorojtsov.com\public_html\shop\skin1\payments\cc_psclient.tpl --> ftp.vorojtsov.com /public_html/vorojtsov/shop/skin1/payments cc_psclient.tpl
2007.01.15 11:29 B C:\Serguei_All\Vorojtsov.com\public_html\shop\skin1\payments\cc_psigate.tpl --> ftp.vorojtsov.com /public_html/vorojtsov/shop/skin1/payments cc_psigate.tpl
2007.01.15 11:29 B C:\Serguei_All\Vorojtsov.com\public_html\shop\skin1\payments\cc_pswbill.tpl --> ftp.vorojtsov.com /public_html/vorojtsov/shop/skin1/payments cc_pswbill.tpl
2007.01.15 11:29 B C:\Serguei_All\Vorojtsov.com\public_html\shop\skin1\payments\cc_rtware.tpl --> ftp.vorojtsov.com /public_html/vorojtsov/shop/skin1/payments cc_rtware.tpl
2007.01.15 11:29 B C:\Serguei_All\Vorojtsov.com\public_html\shop\skin1\payments\cc_saferpay.tpl --> ftp.vorojtsov.com /public_html/vorojtsov/shop/skin1/payments cc_saferpay.tpl
2007.01.15 11:29 B C:\Serguei_All\Vorojtsov.com\public_html\shop\skin1\payments\cc_scopus.tpl --> ftp.vorojtsov.com /public_html/vorojtsov/shop/skin1/payments cc_scopus.tpl
2007.01.15 11:29 B C:\Serguei_All\Vorojtsov.com\public_html\shop\skin1\payments\cc_secpay.tpl --> ftp.vorojtsov.com /public_html/vorojtsov/shop/skin1/payments cc_secpay.tpl
2007.01.15 11:29 B C:\Serguei_All\Vorojtsov.com\public_html\shop\skin1\payments\cc_securepay.tpl --> ftp.vorojtsov.com /public_html/vorojtsov/shop/skin1/payments cc_securepay.tpl
2007.01.15 11:29 B C:\Serguei_All\Vorojtsov.com\public_html\shop\skin1\payments\cc_securetrading.tpl --> ftp.vorojtsov.com /public_html/vorojtsov/shop/skin1/payments cc_securetrading.tpl
2007.01.15 11:29 B C:\Serguei_All\Vorojtsov.com\public_html\shop\skin1\payments\cc_skipjack.tpl --> ftp.vorojtsov.com /public_html/vorojtsov/shop/skin1/payments cc_skipjack.tpl
2007.01.15 11:29 B C:\Serguei_All\Vorojtsov.com\public_html\shop\skin1\payments\cc_slim.tpl --> ftp.vorojtsov.com /public_html/vorojtsov/shop/skin1/payments cc_slim.tpl
2007.01.15 11:29 B C:\Serguei_All\Vorojtsov.com\public_html\shop\skin1\payments\cc_smartpag.tpl --> ftp.vorojtsov.com /public_html/vorojtsov/shop/skin1/payments cc_smartpag.tpl
2007.01.15 11:29 B C:\Serguei_All\Vorojtsov.com\public_html\shop\skin1\payments\cc_surepay.tpl --> ftp.vorojtsov.com /public_html/vorojtsov/shop/skin1/payments cc_surepay.tpl
2007.01.15 11:29 B C:\Serguei_All\Vorojtsov.com\public_html\shop\skin1\payments\cc_test.tpl --> ftp.vorojtsov.com /public_html/vorojtsov/shop/skin1/payments cc_test.tpl
2007.01.15 11:29 B C:\Serguei_All\Vorojtsov.com\public_html\shop\skin1\payments\cc_triple.tpl --> ftp.vorojtsov.com /public_html/vorojtsov/shop/skin1/payments cc_triple.tpl
2007.01.15 11:29 B C:\Serguei_All\Vorojtsov.com\public_html\shop\skin1\payments\cc_trolley.tpl --> ftp.vorojtsov.com /public_html/vorojtsov/shop/skin1/payments cc_trolley.tpl
2007.01.15 11:29 B C:\Serguei_All\Vorojtsov.com\public_html\shop\skin1\payments\cc_trustcommerce.tpl --> ftp.vorojtsov.com /public_html/vorojtsov/shop/skin1/payments cc_trustcommerce.tpl
2007.01.15 11:29 B C:\Serguei_All\Vorojtsov.com\public_html\shop\skin1\payments\cc_usaepay.tpl --> ftp.vorojtsov.com /public_html/vorojtsov/shop/skin1/payments cc_usaepay.tpl
2007.01.15 11:29 B C:\Serguei_All\Vorojtsov.com\public_html\shop\skin1\payments\cc_usight.tpl --> ftp.vorojtsov.com /public_html/vorojtsov/shop/skin1/payments cc_usight.tpl
2007.01.15 11:29 B C:\Serguei_All\Vorojtsov.com\public_html\shop\skin1\payments\cc_vaultx.tpl --> ftp.vorojtsov.com /public_html/vorojtsov/shop/skin1/payments cc_vaultx.tpl
2007.01.15 11:29 B C:\Serguei_All\Vorojtsov.com\public_html\shop\skin1\payments\cc_verisign.tpl --> ftp.vorojtsov.com /public_html/vorojtsov/shop/skin1/payments cc_verisign.tpl
2007.01.15 11:29 B C:\Serguei_All\Vorojtsov.com\public_html\shop\skin1\payments\cc_verisignl.tpl --> ftp.vorojtsov.com /public_html/vorojtsov/shop/skin1/payments cc_verisignl.tpl
2007.01.15 11:29 B C:\Serguei_All\Vorojtsov.com\public_html\shop\skin1\payments\cc_viaklix.tpl --> ftp.vorojtsov.com /public_html/vorojtsov/shop/skin1/payments cc_viaklix.tpl
2007.01.15 11:29 B C:\Serguei_All\Vorojtsov.com\public_html\shop\skin1\payments\cc_viaklix2.tpl --> ftp.vorojtsov.com /public_html/vorojtsov/shop/skin1/payments cc_viaklix2.tpl
2007.01.15 11:29 B C:\Serguei_All\Vorojtsov.com\public_html\shop\skin1\payments\cc_vp.tpl --> ftp.vorojtsov.com /public_html/vorojtsov/shop/skin1/payments cc_vp.tpl
2007.01.15 11:29 B C:\Serguei_All\Vorojtsov.com\public_html\shop\skin1\payments\cc_w2p.tpl --> ftp.vorojtsov.com /public_html/vorojtsov/shop/skin1/payments cc_w2p.tpl
2007.01.15 11:29 B C:\Serguei_All\Vorojtsov.com\public_html\shop\skin1\payments\cc_webcraft.tpl --> ftp.vorojtsov.com /public_html/vorojtsov/shop/skin1/payments cc_webcraft.tpl
2007.01.15 11:29 B C:\Serguei_All\Vorojtsov.com\public_html\shop\skin1\payments\cc_wells.tpl --> ftp.vorojtsov.com /public_html/vorojtsov/shop/skin1/payments cc_wells.tpl
2007.01.15 11:29 B C:\Serguei_All\Vorojtsov.com\public_html\shop\skin1\payments\cc_worldpay.tpl --> ftp.vorojtsov.com /public_html/vorojtsov/shop/skin1/payments cc_worldpay.tpl
2007.01.15 11:29 B C:\Serguei_All\Vorojtsov.com\public_html\shop\skin1\payments\cc_wswift.tpl --> ftp.vorojtsov.com /public_html/vorojtsov/shop/skin1/payments cc_wswift.tpl
2007.01.15 11:29 B C:\Serguei_All\Vorojtsov.com\public_html\shop\skin1\payments\cc_yellow.tpl --> ftp.vorojtsov.com /public_html/vorojtsov/shop/skin1/payments cc_yellow.tpl
2007.01.15 11:29 B C:\Serguei_All\Vorojtsov.com\public_html\shop\skin1\payments\cc_yourpay.tpl --> ftp.vorojtsov.com /public_html/vorojtsov/shop/skin1/payments cc_yourpay.tpl
2007.01.15 11:29 B C:\Serguei_All\Vorojtsov.com\public_html\shop\skin1\payments\cc_zipzap.tpl --> ftp.vorojtsov.com /public_html/vorojtsov/shop/skin1/payments cc_zipzap.tpl
2007.01.15 11:29 B C:\Serguei_All\Vorojtsov.com\public_html\shop\skin1\payments\ch_authorizenet.tpl --> ftp.vorojtsov.com /public_html/vorojtsov/shop/skin1/payments ch_authorizenet.tpl
2007.01.15 11:29 B C:\Serguei_All\Vorojtsov.com\public_html\shop\skin1\payments\ch_paybycheck.tpl --> ftp.vorojtsov.com /public_html/vorojtsov/shop/skin1/payments ch_paybycheck.tpl
2007.01.15 11:29 B C:\Serguei_All\Vorojtsov.com\public_html\shop\skin1\payments\ch_pbcxml.tpl --> ftp.vorojtsov.com /public_html/vorojtsov/shop/skin1/payments ch_pbcxml.tpl
2007.01.15 11:29 B C:\Serguei_All\Vorojtsov.com\public_html\shop\skin1\payments\ch_wtsbank.tpl --> ftp.vorojtsov.com /public_html/vorojtsov/shop/skin1/payments ch_wtsbank.tpl
2007.01.15 11:29 B C:\Serguei_All\Vorojtsov.com\public_html\shop\skin1\payments\ps_nochex.tpl --> ftp.vorojtsov.com /public_html/vorojtsov/shop/skin1/payments ps_nochex.tpl
2007.01.15 11:29 B C:\Serguei_All\Vorojtsov.com\public_html\shop\skin1\payments\ps_paypal.tpl --> ftp.vorojtsov.com /public_html/vorojtsov/shop/skin1/payments ps_paypal.tpl
2007.01.15 11:30 B C:\Serguei_All\Vorojtsov.com\public_html\shop\skin1\payments\ps_paypal_group.tpl --> ftp.vorojtsov.com /public_html/vorojtsov/shop/skin1/payments ps_paypal_group.tpl
2007.01.15 11:30 B C:\Serguei_All\Vorojtsov.com\public_html\shop\skin1\payments\ps_paypal_pro.tpl --> ftp.vorojtsov.com /public_html/vorojtsov/shop/skin1/payments ps_paypal_pro.tpl
2007.01.15 11:30 B C:\Serguei_All\Vorojtsov.com\public_html\shop\skin1\payments\ps_paypal_pro_express_checkout.tpl --> ftp.vorojtsov.com /public_html/vorojtsov/shop/skin1/payments ps_paypal_pro_express_checkout.tpl
