2007.01.15 11:11 B C:\Serguei_All\Brushes\cart\skin1\partner\main\howto.tpl <-- KolinskyArtBrushes /public_html/cart/skin1/partner/main howto.tpl
2007.01.15 11:11 B C:\Serguei_All\Brushes\cart\skin1\partner\main\module_disabled.tpl <-- KolinskyArtBrushes /public_html/cart/skin1/partner/main module_disabled.tpl
2007.01.15 11:11 B C:\Serguei_All\Brushes\cart\skin1\partner\main\payment_history.tpl <-- KolinskyArtBrushes /public_html/cart/skin1/partner/main payment_history.tpl
2007.01.15 11:11 B C:\Serguei_All\Brushes\cart\skin1\partner\main\product.tpl <-- KolinskyArtBrushes /public_html/cart/skin1/partner/main product.tpl
2007.01.15 11:11 B C:\Serguei_All\Brushes\cart\skin1\partner\main\promotions.tpl <-- KolinskyArtBrushes /public_html/cart/skin1/partner/main promotions.tpl
2007.01.15 11:11 B C:\Serguei_All\Brushes\cart\skin1\partner\main\register.tpl <-- KolinskyArtBrushes /public_html/cart/skin1/partner/main register.tpl
2007.01.15 11:11 B C:\Serguei_All\Brushes\cart\skin1\partner\main\register_plan.tpl <-- KolinskyArtBrushes /public_html/cart/skin1/partner/main register_plan.tpl
2007.01.15 11:11 B C:\Serguei_All\Brushes\cart\skin1\partner\main\search_result.tpl <-- KolinskyArtBrushes /public_html/cart/skin1/partner/main search_result.tpl
2007.01.15 11:11 B C:\Serguei_All\Brushes\cart\skin1\partner\main\secure_login_form.tpl <-- KolinskyArtBrushes /public_html/cart/skin1/partner/main secure_login_form.tpl
2007.01.15 11:11 B C:\Serguei_All\Brushes\cart\skin1\partner\main\stats.tpl <-- KolinskyArtBrushes /public_html/cart/skin1/partner/main stats.tpl
2007.01.15 11:11 B C:\Serguei_All\Brushes\cart\skin1\partner\main\welcome.tpl <-- KolinskyArtBrushes /public_html/cart/skin1/partner/main welcome.tpl
2007.01.15 11:11 B C:\Serguei_All\Brushes\cart\skin1\partner\main\welcome_queued.tpl <-- KolinskyArtBrushes /public_html/cart/skin1/partner/main welcome_queued.tpl
2007.01.15 11:29 B C:\Serguei_All\Vorojtsov.com\public_html\shop\skin1\partner\main\howto.tpl --> ftp.vorojtsov.com /public_html/vorojtsov/shop/skin1/partner/main howto.tpl
2007.01.15 11:29 B C:\Serguei_All\Vorojtsov.com\public_html\shop\skin1\partner\main\module_disabled.tpl --> ftp.vorojtsov.com /public_html/vorojtsov/shop/skin1/partner/main module_disabled.tpl
2007.01.15 11:29 B C:\Serguei_All\Vorojtsov.com\public_html\shop\skin1\partner\main\payment_history.tpl --> ftp.vorojtsov.com /public_html/vorojtsov/shop/skin1/partner/main payment_history.tpl
2007.01.15 11:29 B C:\Serguei_All\Vorojtsov.com\public_html\shop\skin1\partner\main\product.tpl --> ftp.vorojtsov.com /public_html/vorojtsov/shop/skin1/partner/main product.tpl
2007.01.15 11:29 B C:\Serguei_All\Vorojtsov.com\public_html\shop\skin1\partner\main\promotions.tpl --> ftp.vorojtsov.com /public_html/vorojtsov/shop/skin1/partner/main promotions.tpl
2007.01.15 11:29 B C:\Serguei_All\Vorojtsov.com\public_html\shop\skin1\partner\main\register.tpl --> ftp.vorojtsov.com /public_html/vorojtsov/shop/skin1/partner/main register.tpl
2007.01.15 11:29 B C:\Serguei_All\Vorojtsov.com\public_html\shop\skin1\partner\main\register_plan.tpl --> ftp.vorojtsov.com /public_html/vorojtsov/shop/skin1/partner/main register_plan.tpl
2007.01.15 11:29 B C:\Serguei_All\Vorojtsov.com\public_html\shop\skin1\partner\main\search_result.tpl --> ftp.vorojtsov.com /public_html/vorojtsov/shop/skin1/partner/main search_result.tpl
2007.01.15 11:29 B C:\Serguei_All\Vorojtsov.com\public_html\shop\skin1\partner\main\secure_login_form.tpl --> ftp.vorojtsov.com /public_html/vorojtsov/shop/skin1/partner/main secure_login_form.tpl
2007.01.15 11:29 B C:\Serguei_All\Vorojtsov.com\public_html\shop\skin1\partner\main\stats.tpl --> ftp.vorojtsov.com /public_html/vorojtsov/shop/skin1/partner/main stats.tpl
2007.01.15 11:29 B C:\Serguei_All\Vorojtsov.com\public_html\shop\skin1\partner\main\welcome.tpl --> ftp.vorojtsov.com /public_html/vorojtsov/shop/skin1/partner/main welcome.tpl
2007.01.15 11:29 B C:\Serguei_All\Vorojtsov.com\public_html\shop\skin1\partner\main\welcome_queued.tpl --> ftp.vorojtsov.com /public_html/vorojtsov/shop/skin1/partner/main welcome_queued.tpl
