2007.01.15 11:07 B C:\Serguei_All\Brushes\cart\skin1\mail\html\anti_fraud_sk_expire.tpl <-- KolinskyArtBrushes /public_html/cart/skin1/mail/html anti_fraud_sk_expire.tpl
2007.01.15 11:07 B C:\Serguei_All\Brushes\cart\skin1\mail\html\anti_fraud_sk_invalid.tpl <-- KolinskyArtBrushes /public_html/cart/skin1/mail/html anti_fraud_sk_invalid.tpl
2007.01.15 11:07 B C:\Serguei_All\Brushes\cart\skin1\mail\html\decline_notification.tpl <-- KolinskyArtBrushes /public_html/cart/skin1/mail/html decline_notification.tpl
2007.01.15 11:07 B C:\Serguei_All\Brushes\cart\skin1\mail\html\egoods_download_keys.tpl <-- KolinskyArtBrushes /public_html/cart/skin1/mail/html egoods_download_keys.tpl
2007.01.15 11:07 B C:\Serguei_All\Brushes\cart\skin1\mail\html\giftcert.tpl <-- KolinskyArtBrushes /public_html/cart/skin1/mail/html giftcert.tpl
2007.01.15 11:07 B C:\Serguei_All\Brushes\cart\skin1\mail\html\giftcert_notification.tpl <-- KolinskyArtBrushes /public_html/cart/skin1/mail/html giftcert_notification.tpl
2007.01.15 11:07 B C:\Serguei_All\Brushes\cart\skin1\mail\html\giftcert_return.tpl <-- KolinskyArtBrushes /public_html/cart/skin1/mail/html giftcert_return.tpl
2007.01.15 11:07 B C:\Serguei_All\Brushes\cart\skin1\mail\html\help_contactus.tpl <-- KolinskyArtBrushes /public_html/cart/skin1/mail/html help_contactus.tpl
2007.01.15 11:07 B C:\Serguei_All\Brushes\cart\skin1\mail\html\html_message_template.tpl <-- KolinskyArtBrushes /public_html/cart/skin1/mail/html html_message_template.tpl
2007.01.15 11:07 B C:\Serguei_All\Brushes\cart\skin1\mail\html\init_order_customer.tpl <-- KolinskyArtBrushes /public_html/cart/skin1/mail/html init_order_customer.tpl
2007.01.15 11:07 B C:\Serguei_All\Brushes\cart\skin1\mail\html\login_error.tpl <-- KolinskyArtBrushes /public_html/cart/skin1/mail/html login_error.tpl
2007.01.15 11:07 B C:\Serguei_All\Brushes\cart\skin1\mail\html\lowlimit_warning_notification_admin.tpl <-- KolinskyArtBrushes /public_html/cart/skin1/mail/html lowlimit_warning_notification_admin.tpl
2007.01.15 11:07 B C:\Serguei_All\Brushes\cart\skin1\mail\html\mail_header.tpl <-- KolinskyArtBrushes /public_html/cart/skin1/mail/html mail_header.tpl
2007.01.15 11:07 B C:\Serguei_All\Brushes\cart\skin1\mail\html\newsletter_admin.tpl <-- KolinskyArtBrushes /public_html/cart/skin1/mail/html newsletter_admin.tpl
2007.01.15 11:08 B C:\Serguei_All\Brushes\cart\skin1\mail\html\newsletter_signature.tpl <-- KolinskyArtBrushes /public_html/cart/skin1/mail/html newsletter_signature.tpl
2007.01.15 11:08 B C:\Serguei_All\Brushes\cart\skin1\mail\html\newsletter_subscribe.tpl <-- KolinskyArtBrushes /public_html/cart/skin1/mail/html newsletter_subscribe.tpl
2007.01.15 11:08 B C:\Serguei_All\Brushes\cart\skin1\mail\html\newsletter_unsubscribe.tpl <-- KolinskyArtBrushes /public_html/cart/skin1/mail/html newsletter_unsubscribe.tpl
2007.01.15 11:08 B C:\Serguei_All\Brushes\cart\skin1\mail\html\newsltr_unsubscr_admin.tpl <-- KolinskyArtBrushes /public_html/cart/skin1/mail/html newsltr_unsubscr_admin.tpl
2007.01.15 11:08 B C:\Serguei_All\Brushes\cart\skin1\mail\html\order_customer.tpl <-- KolinskyArtBrushes /public_html/cart/skin1/mail/html order_customer.tpl
2007.01.15 11:08 B C:\Serguei_All\Brushes\cart\skin1\mail\html\order_customer_complete.tpl <-- KolinskyArtBrushes /public_html/cart/skin1/mail/html order_customer_complete.tpl
2007.01.15 11:08 B C:\Serguei_All\Brushes\cart\skin1\mail\html\order_customer_processed.tpl <-- KolinskyArtBrushes /public_html/cart/skin1/mail/html order_customer_processed.tpl
2007.01.15 11:08 B C:\Serguei_All\Brushes\cart\skin1\mail\html\order_data.tpl <-- KolinskyArtBrushes /public_html/cart/skin1/mail/html order_data.tpl
2007.01.15 11:08 B C:\Serguei_All\Brushes\cart\skin1\mail\html\order_invoice.tpl <-- KolinskyArtBrushes /public_html/cart/skin1/mail/html order_invoice.tpl
2007.01.15 11:08 B C:\Serguei_All\Brushes\cart\skin1\mail\html\order_notification.tpl <-- KolinskyArtBrushes /public_html/cart/skin1/mail/html order_notification.tpl
2007.01.15 11:08 B C:\Serguei_All\Brushes\cart\skin1\mail\html\order_notification_admin.tpl <-- KolinskyArtBrushes /public_html/cart/skin1/mail/html order_notification_admin.tpl
2007.01.15 11:08 B C:\Serguei_All\Brushes\cart\skin1\mail\html\partner_approved.tpl <-- KolinskyArtBrushes /public_html/cart/skin1/mail/html partner_approved.tpl
2007.01.15 11:08 B C:\Serguei_All\Brushes\cart\skin1\mail\html\partner_declined.tpl <-- KolinskyArtBrushes /public_html/cart/skin1/mail/html partner_declined.tpl
2007.01.15 11:08 B C:\Serguei_All\Brushes\cart\skin1\mail\html\password_recover.tpl <-- KolinskyArtBrushes /public_html/cart/skin1/mail/html password_recover.tpl
2007.01.15 11:08 B C:\Serguei_All\Brushes\cart\skin1\mail\html\paypal_enable.tpl <-- KolinskyArtBrushes /public_html/cart/skin1/mail/html paypal_enable.tpl
2007.01.15 11:08 B C:\Serguei_All\Brushes\cart\skin1\mail\html\profile_admin_deleted.tpl <-- KolinskyArtBrushes /public_html/cart/skin1/mail/html profile_admin_deleted.tpl
2007.01.15 11:08 B C:\Serguei_All\Brushes\cart\skin1\mail\html\profile_admin_modified.tpl <-- KolinskyArtBrushes /public_html/cart/skin1/mail/html profile_admin_modified.tpl
2007.01.15 11:08 B C:\Serguei_All\Brushes\cart\skin1\mail\html\profile_data.tpl <-- KolinskyArtBrushes /public_html/cart/skin1/mail/html profile_data.tpl
2007.01.15 11:08 B C:\Serguei_All\Brushes\cart\skin1\mail\html\profile_deleted.tpl <-- KolinskyArtBrushes /public_html/cart/skin1/mail/html profile_deleted.tpl
2007.01.15 11:08 B C:\Serguei_All\Brushes\cart\skin1\mail\html\profile_modified.tpl <-- KolinskyArtBrushes /public_html/cart/skin1/mail/html profile_modified.tpl
2007.01.15 11:08 B C:\Serguei_All\Brushes\cart\skin1\mail\html\recurring_notification_admin.tpl <-- KolinskyArtBrushes /public_html/cart/skin1/mail/html recurring_notification_admin.tpl
2007.01.15 11:08 B C:\Serguei_All\Brushes\cart\skin1\mail\html\send2friend.tpl <-- KolinskyArtBrushes /public_html/cart/skin1/mail/html send2friend.tpl
2007.01.15 11:08 B C:\Serguei_All\Brushes\cart\skin1\mail\html\shipping_information.tpl <-- KolinskyArtBrushes /public_html/cart/skin1/mail/html shipping_information.tpl
2007.01.15 11:08 B C:\Serguei_All\Brushes\cart\skin1\mail\html\signature.tpl <-- KolinskyArtBrushes /public_html/cart/skin1/mail/html signature.tpl
2007.01.15 11:08 B C:\Serguei_All\Brushes\cart\skin1\mail\html\signin_admin_notification.tpl <-- KolinskyArtBrushes /public_html/cart/skin1/mail/html signin_admin_notification.tpl
2007.01.15 11:08 B C:\Serguei_All\Brushes\cart\skin1\mail\html\signin_notification.tpl <-- KolinskyArtBrushes /public_html/cart/skin1/mail/html signin_notification.tpl
2007.01.15 11:08 B C:\Serguei_All\Brushes\cart\skin1\mail\html\signin_partner_notif.tpl <-- KolinskyArtBrushes /public_html/cart/skin1/mail/html signin_partner_notif.tpl
2007.01.15 11:08 B C:\Serguei_All\Brushes\cart\skin1\mail\html\wishlist_send2friend.tpl <-- KolinskyArtBrushes /public_html/cart/skin1/mail/html wishlist_send2friend.tpl
2007.01.15 11:08 B C:\Serguei_All\Brushes\cart\skin1\mail\html\wishlist_sendall2friend.tpl <-- KolinskyArtBrushes /public_html/cart/skin1/mail/html wishlist_sendall2friend.tpl
2007.01.15 11:27 B C:\Serguei_All\Vorojtsov.com\public_html\shop\skin1\mail\html\anti_fraud_sk_expire.tpl --> ftp.vorojtsov.com /public_html/vorojtsov/shop/skin1/mail/html anti_fraud_sk_expire.tpl
2007.01.15 11:27 B C:\Serguei_All\Vorojtsov.com\public_html\shop\skin1\mail\html\anti_fraud_sk_invalid.tpl --> ftp.vorojtsov.com /public_html/vorojtsov/shop/skin1/mail/html anti_fraud_sk_invalid.tpl
2007.01.15 11:27 B C:\Serguei_All\Vorojtsov.com\public_html\shop\skin1\mail\html\decline_notification.tpl --> ftp.vorojtsov.com /public_html/vorojtsov/shop/skin1/mail/html decline_notification.tpl
2007.01.15 11:27 B C:\Serguei_All\Vorojtsov.com\public_html\shop\skin1\mail\html\egoods_download_keys.tpl --> ftp.vorojtsov.com /public_html/vorojtsov/shop/skin1/mail/html egoods_download_keys.tpl
2007.01.15 11:27 B C:\Serguei_All\Vorojtsov.com\public_html\shop\skin1\mail\html\giftcert.tpl --> ftp.vorojtsov.com /public_html/vorojtsov/shop/skin1/mail/html giftcert.tpl
2007.01.15 11:27 B C:\Serguei_All\Vorojtsov.com\public_html\shop\skin1\mail\html\giftcert_notification.tpl --> ftp.vorojtsov.com /public_html/vorojtsov/shop/skin1/mail/html giftcert_notification.tpl
2007.01.15 11:27 B C:\Serguei_All\Vorojtsov.com\public_html\shop\skin1\mail\html\giftcert_return.tpl --> ftp.vorojtsov.com /public_html/vorojtsov/shop/skin1/mail/html giftcert_return.tpl
2007.01.15 11:27 B C:\Serguei_All\Vorojtsov.com\public_html\shop\skin1\mail\html\help_contactus.tpl --> ftp.vorojtsov.com /public_html/vorojtsov/shop/skin1/mail/html help_contactus.tpl
2007.01.15 11:27 B C:\Serguei_All\Vorojtsov.com\public_html\shop\skin1\mail\html\html_message_template.tpl --> ftp.vorojtsov.com /public_html/vorojtsov/shop/skin1/mail/html html_message_template.tpl
2007.01.15 11:27 B C:\Serguei_All\Vorojtsov.com\public_html\shop\skin1\mail\html\init_order_customer.tpl --> ftp.vorojtsov.com /public_html/vorojtsov/shop/skin1/mail/html init_order_customer.tpl
2007.01.15 11:27 B C:\Serguei_All\Vorojtsov.com\public_html\shop\skin1\mail\html\login_error.tpl --> ftp.vorojtsov.com /public_html/vorojtsov/shop/skin1/mail/html login_error.tpl
2007.01.15 11:27 B C:\Serguei_All\Vorojtsov.com\public_html\shop\skin1\mail\html\lowlimit_warning_notification_admin.tpl --> ftp.vorojtsov.com /public_html/vorojtsov/shop/skin1/mail/html lowlimit_warning_notification_admin.tpl
2007.01.15 11:27 B C:\Serguei_All\Vorojtsov.com\public_html\shop\skin1\mail\html\mail_header.tpl --> ftp.vorojtsov.com /public_html/vorojtsov/shop/skin1/mail/html mail_header.tpl
2007.01.15 11:27 B C:\Serguei_All\Vorojtsov.com\public_html\shop\skin1\mail\html\newsletter_admin.tpl --> ftp.vorojtsov.com /public_html/vorojtsov/shop/skin1/mail/html newsletter_admin.tpl
2007.01.15 11:27 B C:\Serguei_All\Vorojtsov.com\public_html\shop\skin1\mail\html\newsletter_signature.tpl --> ftp.vorojtsov.com /public_html/vorojtsov/shop/skin1/mail/html newsletter_signature.tpl
2007.01.15 11:27 B C:\Serguei_All\Vorojtsov.com\public_html\shop\skin1\mail\html\newsletter_subscribe.tpl --> ftp.vorojtsov.com /public_html/vorojtsov/shop/skin1/mail/html newsletter_subscribe.tpl
2007.01.15 11:27 B C:\Serguei_All\Vorojtsov.com\public_html\shop\skin1\mail\html\newsletter_unsubscribe.tpl --> ftp.vorojtsov.com /public_html/vorojtsov/shop/skin1/mail/html newsletter_unsubscribe.tpl
2007.01.15 11:27 B C:\Serguei_All\Vorojtsov.com\public_html\shop\skin1\mail\html\newsltr_unsubscr_admin.tpl --> ftp.vorojtsov.com /public_html/vorojtsov/shop/skin1/mail/html newsltr_unsubscr_admin.tpl
2007.01.15 11:27 B C:\Serguei_All\Vorojtsov.com\public_html\shop\skin1\mail\html\order_customer.tpl --> ftp.vorojtsov.com /public_html/vorojtsov/shop/skin1/mail/html order_customer.tpl
2007.01.15 11:27 B C:\Serguei_All\Vorojtsov.com\public_html\shop\skin1\mail\html\order_customer_complete.tpl --> ftp.vorojtsov.com /public_html/vorojtsov/shop/skin1/mail/html order_customer_complete.tpl
2007.01.15 11:27 B C:\Serguei_All\Vorojtsov.com\public_html\shop\skin1\mail\html\order_customer_processed.tpl --> ftp.vorojtsov.com /public_html/vorojtsov/shop/skin1/mail/html order_customer_processed.tpl
2007.01.15 11:27 B C:\Serguei_All\Vorojtsov.com\public_html\shop\skin1\mail\html\order_data.tpl --> ftp.vorojtsov.com /public_html/vorojtsov/shop/skin1/mail/html order_data.tpl
2007.01.15 11:27 B C:\Serguei_All\Vorojtsov.com\public_html\shop\skin1\mail\html\order_invoice.tpl --> ftp.vorojtsov.com /public_html/vorojtsov/shop/skin1/mail/html order_invoice.tpl
2007.01.15 11:27 B C:\Serguei_All\Vorojtsov.com\public_html\shop\skin1\mail\html\order_notification.tpl --> ftp.vorojtsov.com /public_html/vorojtsov/shop/skin1/mail/html order_notification.tpl
2007.01.15 11:27 B C:\Serguei_All\Vorojtsov.com\public_html\shop\skin1\mail\html\order_notification_admin.tpl --> ftp.vorojtsov.com /public_html/vorojtsov/shop/skin1/mail/html order_notification_admin.tpl
2007.01.15 11:27 B C:\Serguei_All\Vorojtsov.com\public_html\shop\skin1\mail\html\partner_approved.tpl --> ftp.vorojtsov.com /public_html/vorojtsov/shop/skin1/mail/html partner_approved.tpl
2007.01.15 11:27 B C:\Serguei_All\Vorojtsov.com\public_html\shop\skin1\mail\html\partner_declined.tpl --> ftp.vorojtsov.com /public_html/vorojtsov/shop/skin1/mail/html partner_declined.tpl
2007.01.15 11:27 B C:\Serguei_All\Vorojtsov.com\public_html\shop\skin1\mail\html\password_recover.tpl --> ftp.vorojtsov.com /public_html/vorojtsov/shop/skin1/mail/html password_recover.tpl
2007.01.15 11:27 B C:\Serguei_All\Vorojtsov.com\public_html\shop\skin1\mail\html\paypal_enable.tpl --> ftp.vorojtsov.com /public_html/vorojtsov/shop/skin1/mail/html paypal_enable.tpl
2007.01.15 11:27 B C:\Serguei_All\Vorojtsov.com\public_html\shop\skin1\mail\html\profile_admin_deleted.tpl --> ftp.vorojtsov.com /public_html/vorojtsov/shop/skin1/mail/html profile_admin_deleted.tpl
2007.01.15 11:27 B C:\Serguei_All\Vorojtsov.com\public_html\shop\skin1\mail\html\profile_admin_modified.tpl --> ftp.vorojtsov.com /public_html/vorojtsov/shop/skin1/mail/html profile_admin_modified.tpl
2007.01.15 11:27 B C:\Serguei_All\Vorojtsov.com\public_html\shop\skin1\mail\html\profile_data.tpl --> ftp.vorojtsov.com /public_html/vorojtsov/shop/skin1/mail/html profile_data.tpl
2007.01.15 11:27 B C:\Serguei_All\Vorojtsov.com\public_html\shop\skin1\mail\html\profile_deleted.tpl --> ftp.vorojtsov.com /public_html/vorojtsov/shop/skin1/mail/html profile_deleted.tpl
2007.01.15 11:27 B C:\Serguei_All\Vorojtsov.com\public_html\shop\skin1\mail\html\profile_modified.tpl --> ftp.vorojtsov.com /public_html/vorojtsov/shop/skin1/mail/html profile_modified.tpl
2007.01.15 11:27 B C:\Serguei_All\Vorojtsov.com\public_html\shop\skin1\mail\html\recurring_notification_admin.tpl --> ftp.vorojtsov.com /public_html/vorojtsov/shop/skin1/mail/html recurring_notification_admin.tpl
2007.01.15 11:27 B C:\Serguei_All\Vorojtsov.com\public_html\shop\skin1\mail\html\send2friend.tpl --> ftp.vorojtsov.com /public_html/vorojtsov/shop/skin1/mail/html send2friend.tpl
2007.01.15 11:27 B C:\Serguei_All\Vorojtsov.com\public_html\shop\skin1\mail\html\shipping_information.tpl --> ftp.vorojtsov.com /public_html/vorojtsov/shop/skin1/mail/html shipping_information.tpl
2007.01.15 11:27 B C:\Serguei_All\Vorojtsov.com\public_html\shop\skin1\mail\html\signature.tpl --> ftp.vorojtsov.com /public_html/vorojtsov/shop/skin1/mail/html signature.tpl
2007.01.15 11:27 B C:\Serguei_All\Vorojtsov.com\public_html\shop\skin1\mail\html\signin_admin_notification.tpl --> ftp.vorojtsov.com /public_html/vorojtsov/shop/skin1/mail/html signin_admin_notification.tpl
2007.01.15 11:27 B C:\Serguei_All\Vorojtsov.com\public_html\shop\skin1\mail\html\signin_notification.tpl --> ftp.vorojtsov.com /public_html/vorojtsov/shop/skin1/mail/html signin_notification.tpl
2007.01.15 11:27 B C:\Serguei_All\Vorojtsov.com\public_html\shop\skin1\mail\html\signin_partner_notif.tpl --> ftp.vorojtsov.com /public_html/vorojtsov/shop/skin1/mail/html signin_partner_notif.tpl
2007.01.15 11:27 B C:\Serguei_All\Vorojtsov.com\public_html\shop\skin1\mail\html\wishlist_send2friend.tpl --> ftp.vorojtsov.com /public_html/vorojtsov/shop/skin1/mail/html wishlist_send2friend.tpl
2007.01.15 11:27 B C:\Serguei_All\Vorojtsov.com\public_html\shop\skin1\mail\html\wishlist_sendall2friend.tpl --> ftp.vorojtsov.com /public_html/vorojtsov/shop/skin1/mail/html wishlist_sendall2friend.tpl
