2007.01.15 11:08 B C:\Serguei_All\Brushes\cart\skin1\mail\anti_fraud_sk_expire.tpl <-- KolinskyArtBrushes /public_html/cart/skin1/mail anti_fraud_sk_expire.tpl
2007.01.15 11:08 B C:\Serguei_All\Brushes\cart\skin1\mail\anti_fraud_sk_expire_subj.tpl <-- KolinskyArtBrushes /public_html/cart/skin1/mail anti_fraud_sk_expire_subj.tpl
2007.01.15 11:08 B C:\Serguei_All\Brushes\cart\skin1\mail\anti_fraud_sk_invalid.tpl <-- KolinskyArtBrushes /public_html/cart/skin1/mail anti_fraud_sk_invalid.tpl
2007.01.15 11:08 B C:\Serguei_All\Brushes\cart\skin1\mail\anti_fraud_sk_invalid_subj.tpl <-- KolinskyArtBrushes /public_html/cart/skin1/mail anti_fraud_sk_invalid_subj.tpl
2007.01.15 11:08 B C:\Serguei_All\Brushes\cart\skin1\mail\decline_notification.tpl <-- KolinskyArtBrushes /public_html/cart/skin1/mail decline_notification.tpl
2007.01.15 11:08 B C:\Serguei_All\Brushes\cart\skin1\mail\decline_notification_subj.tpl <-- KolinskyArtBrushes /public_html/cart/skin1/mail decline_notification_subj.tpl
2007.01.15 11:08 B C:\Serguei_All\Brushes\cart\skin1\mail\egoods_download_keys.tpl <-- KolinskyArtBrushes /public_html/cart/skin1/mail egoods_download_keys.tpl
2007.01.15 11:08 B C:\Serguei_All\Brushes\cart\skin1\mail\egoods_download_keys_subj.tpl <-- KolinskyArtBrushes /public_html/cart/skin1/mail egoods_download_keys_subj.tpl
2007.01.15 11:08 B C:\Serguei_All\Brushes\cart\skin1\mail\giftcert.tpl <-- KolinskyArtBrushes /public_html/cart/skin1/mail giftcert.tpl
2007.01.15 11:08 B C:\Serguei_All\Brushes\cart\skin1\mail\giftcert_notification.tpl <-- KolinskyArtBrushes /public_html/cart/skin1/mail giftcert_notification.tpl
2007.01.15 11:08 B C:\Serguei_All\Brushes\cart\skin1\mail\giftcert_notification_subj.tpl <-- KolinskyArtBrushes /public_html/cart/skin1/mail giftcert_notification_subj.tpl
2007.01.15 11:08 B C:\Serguei_All\Brushes\cart\skin1\mail\giftcert_return.tpl <-- KolinskyArtBrushes /public_html/cart/skin1/mail giftcert_return.tpl
2007.01.15 11:08 B C:\Serguei_All\Brushes\cart\skin1\mail\giftcert_return_subj.tpl <-- KolinskyArtBrushes /public_html/cart/skin1/mail giftcert_return_subj.tpl
2007.01.15 11:08 B C:\Serguei_All\Brushes\cart\skin1\mail\giftcert_subj.tpl <-- KolinskyArtBrushes /public_html/cart/skin1/mail giftcert_subj.tpl
2007.01.15 11:08 B C:\Serguei_All\Brushes\cart\skin1\mail\help_contactus.tpl <-- KolinskyArtBrushes /public_html/cart/skin1/mail help_contactus.tpl
2007.01.15 11:08 B C:\Serguei_All\Brushes\cart\skin1\mail\help_contactus_subj.tpl <-- KolinskyArtBrushes /public_html/cart/skin1/mail help_contactus_subj.tpl
2007.01.15 11:08 B C:\Serguei_All\Brushes\cart\skin1\mail\init_order_customer.tpl <-- KolinskyArtBrushes /public_html/cart/skin1/mail init_order_customer.tpl
2007.01.15 11:08 B C:\Serguei_All\Brushes\cart\skin1\mail\init_order_customer_subj.tpl <-- KolinskyArtBrushes /public_html/cart/skin1/mail init_order_customer_subj.tpl
2007.01.15 11:08 B C:\Serguei_All\Brushes\cart\skin1\mail\init_order_notification_subj.tpl <-- KolinskyArtBrushes /public_html/cart/skin1/mail init_order_notification_subj.tpl
2007.01.15 11:08 B C:\Serguei_All\Brushes\cart\skin1\mail\login_error.tpl <-- KolinskyArtBrushes /public_html/cart/skin1/mail login_error.tpl
2007.01.15 11:08 B C:\Serguei_All\Brushes\cart\skin1\mail\login_error_subj.tpl <-- KolinskyArtBrushes /public_html/cart/skin1/mail login_error_subj.tpl
2007.01.15 11:08 B C:\Serguei_All\Brushes\cart\skin1\mail\lowlimit_warning_notification_admin.tpl <-- KolinskyArtBrushes /public_html/cart/skin1/mail lowlimit_warning_notification_admin.tpl
2007.01.15 11:08 B C:\Serguei_All\Brushes\cart\skin1\mail\lowlimit_warning_notification_subj.tpl <-- KolinskyArtBrushes /public_html/cart/skin1/mail lowlimit_warning_notification_subj.tpl
2007.01.15 11:08 B C:\Serguei_All\Brushes\cart\skin1\mail\mail_header.tpl <-- KolinskyArtBrushes /public_html/cart/skin1/mail mail_header.tpl
2007.01.15 11:08 B C:\Serguei_All\Brushes\cart\skin1\mail\newsletter_admin.tpl <-- KolinskyArtBrushes /public_html/cart/skin1/mail newsletter_admin.tpl
2007.01.15 11:08 B C:\Serguei_All\Brushes\cart\skin1\mail\newsletter_admin_subj.tpl <-- KolinskyArtBrushes /public_html/cart/skin1/mail newsletter_admin_subj.tpl
2007.01.15 11:08 B C:\Serguei_All\Brushes\cart\skin1\mail\newsletter_signature.tpl <-- KolinskyArtBrushes /public_html/cart/skin1/mail newsletter_signature.tpl
2007.01.15 11:08 B C:\Serguei_All\Brushes\cart\skin1\mail\newsletter_subscribe.tpl <-- KolinskyArtBrushes /public_html/cart/skin1/mail newsletter_subscribe.tpl
2007.01.15 11:08 B C:\Serguei_All\Brushes\cart\skin1\mail\newsletter_subscribe_subj.tpl <-- KolinskyArtBrushes /public_html/cart/skin1/mail newsletter_subscribe_subj.tpl
2007.01.15 11:08 B C:\Serguei_All\Brushes\cart\skin1\mail\newsletter_unsubscribe.tpl <-- KolinskyArtBrushes /public_html/cart/skin1/mail newsletter_unsubscribe.tpl
2007.01.15 11:08 B C:\Serguei_All\Brushes\cart\skin1\mail\newsletter_unsubscribe_subj.tpl <-- KolinskyArtBrushes /public_html/cart/skin1/mail newsletter_unsubscribe_subj.tpl
2007.01.15 11:08 B C:\Serguei_All\Brushes\cart\skin1\mail\newsltr_unsubscr_admin.tpl <-- KolinskyArtBrushes /public_html/cart/skin1/mail newsltr_unsubscr_admin.tpl
2007.01.15 11:08 B C:\Serguei_All\Brushes\cart\skin1\mail\newsltr_unsubscr_admin_subj.tpl <-- KolinskyArtBrushes /public_html/cart/skin1/mail newsltr_unsubscr_admin_subj.tpl
2007.01.15 11:08 B C:\Serguei_All\Brushes\cart\skin1\mail\order_cust_complete_subj.tpl <-- KolinskyArtBrushes /public_html/cart/skin1/mail order_cust_complete_subj.tpl
2007.01.15 11:08 B C:\Serguei_All\Brushes\cart\skin1\mail\order_cust_processed_subj.tpl <-- KolinskyArtBrushes /public_html/cart/skin1/mail order_cust_processed_subj.tpl
2007.01.15 11:08 B C:\Serguei_All\Brushes\cart\skin1\mail\order_customer.tpl <-- KolinskyArtBrushes /public_html/cart/skin1/mail order_customer.tpl
2007.01.15 11:08 B C:\Serguei_All\Brushes\cart\skin1\mail\order_customer_complete.tpl <-- KolinskyArtBrushes /public_html/cart/skin1/mail order_customer_complete.tpl
2007.01.15 11:08 B C:\Serguei_All\Brushes\cart\skin1\mail\order_customer_processed.tpl <-- KolinskyArtBrushes /public_html/cart/skin1/mail order_customer_processed.tpl
2007.01.15 11:08 B C:\Serguei_All\Brushes\cart\skin1\mail\order_customer_subj.tpl <-- KolinskyArtBrushes /public_html/cart/skin1/mail order_customer_subj.tpl
2007.01.15 11:08 B C:\Serguei_All\Brushes\cart\skin1\mail\order_data.tpl <-- KolinskyArtBrushes /public_html/cart/skin1/mail order_data.tpl
2007.01.15 11:08 B C:\Serguei_All\Brushes\cart\skin1\mail\order_invoice.tpl <-- KolinskyArtBrushes /public_html/cart/skin1/mail order_invoice.tpl
2007.01.15 11:08 B C:\Serguei_All\Brushes\cart\skin1\mail\order_notification.tpl <-- KolinskyArtBrushes /public_html/cart/skin1/mail order_notification.tpl
2007.01.15 11:08 B C:\Serguei_All\Brushes\cart\skin1\mail\order_notification_admin.tpl <-- KolinskyArtBrushes /public_html/cart/skin1/mail order_notification_admin.tpl
2007.01.15 11:08 B C:\Serguei_All\Brushes\cart\skin1\mail\order_notification_subj.tpl <-- KolinskyArtBrushes /public_html/cart/skin1/mail order_notification_subj.tpl
2007.01.15 11:08 B C:\Serguei_All\Brushes\cart\skin1\mail\partner_approved.tpl <-- KolinskyArtBrushes /public_html/cart/skin1/mail partner_approved.tpl
2007.01.15 11:08 B C:\Serguei_All\Brushes\cart\skin1\mail\partner_approved_subj.tpl <-- KolinskyArtBrushes /public_html/cart/skin1/mail partner_approved_subj.tpl
2007.01.15 11:08 B C:\Serguei_All\Brushes\cart\skin1\mail\partner_declined.tpl <-- KolinskyArtBrushes /public_html/cart/skin1/mail partner_declined.tpl
2007.01.15 11:08 B C:\Serguei_All\Brushes\cart\skin1\mail\partner_declined_subj.tpl <-- KolinskyArtBrushes /public_html/cart/skin1/mail partner_declined_subj.tpl
2007.01.15 11:08 B C:\Serguei_All\Brushes\cart\skin1\mail\password_recover.tpl <-- KolinskyArtBrushes /public_html/cart/skin1/mail password_recover.tpl
2007.01.15 11:08 B C:\Serguei_All\Brushes\cart\skin1\mail\password_recover_subj.tpl <-- KolinskyArtBrushes /public_html/cart/skin1/mail password_recover_subj.tpl
2007.01.15 11:08 B C:\Serguei_All\Brushes\cart\skin1\mail\paypal_enable.tpl <-- KolinskyArtBrushes /public_html/cart/skin1/mail paypal_enable.tpl
2007.01.15 11:08 B C:\Serguei_All\Brushes\cart\skin1\mail\paypal_enable_subj.tpl <-- KolinskyArtBrushes /public_html/cart/skin1/mail paypal_enable_subj.tpl
2007.01.15 11:08 B C:\Serguei_All\Brushes\cart\skin1\mail\profile_admin_deleted.tpl <-- KolinskyArtBrushes /public_html/cart/skin1/mail profile_admin_deleted.tpl
2007.01.15 11:08 B C:\Serguei_All\Brushes\cart\skin1\mail\profile_admin_deleted_subj.tpl <-- KolinskyArtBrushes /public_html/cart/skin1/mail profile_admin_deleted_subj.tpl
2007.01.15 11:08 B C:\Serguei_All\Brushes\cart\skin1\mail\profile_admin_modified.tpl <-- KolinskyArtBrushes /public_html/cart/skin1/mail profile_admin_modified.tpl
2007.01.15 11:08 B C:\Serguei_All\Brushes\cart\skin1\mail\profile_admin_modified_subj.tpl <-- KolinskyArtBrushes /public_html/cart/skin1/mail profile_admin_modified_subj.tpl
2007.01.15 11:08 B C:\Serguei_All\Brushes\cart\skin1\mail\profile_data.tpl <-- KolinskyArtBrushes /public_html/cart/skin1/mail profile_data.tpl
2007.01.15 11:08 B C:\Serguei_All\Brushes\cart\skin1\mail\profile_deleted.tpl <-- KolinskyArtBrushes /public_html/cart/skin1/mail profile_deleted.tpl
2007.01.15 11:08 B C:\Serguei_All\Brushes\cart\skin1\mail\profile_deleted_subj.tpl <-- KolinskyArtBrushes /public_html/cart/skin1/mail profile_deleted_subj.tpl
2007.01.15 11:08 B C:\Serguei_All\Brushes\cart\skin1\mail\profile_modified.tpl <-- KolinskyArtBrushes /public_html/cart/skin1/mail profile_modified.tpl
2007.01.15 11:08 B C:\Serguei_All\Brushes\cart\skin1\mail\profile_modified_subj.tpl <-- KolinskyArtBrushes /public_html/cart/skin1/mail profile_modified_subj.tpl
2007.01.15 11:08 B C:\Serguei_All\Brushes\cart\skin1\mail\recurring_notification_admin.tpl <-- KolinskyArtBrushes /public_html/cart/skin1/mail recurring_notification_admin.tpl
2007.01.15 11:08 B C:\Serguei_All\Brushes\cart\skin1\mail\recurring_notification_subj.tpl <-- KolinskyArtBrushes /public_html/cart/skin1/mail recurring_notification_subj.tpl
2007.01.15 11:08 B C:\Serguei_All\Brushes\cart\skin1\mail\send2friend.tpl <-- KolinskyArtBrushes /public_html/cart/skin1/mail send2friend.tpl
2007.01.15 11:08 B C:\Serguei_All\Brushes\cart\skin1\mail\send2friend_subj.tpl <-- KolinskyArtBrushes /public_html/cart/skin1/mail send2friend_subj.tpl
2007.01.15 11:08 B C:\Serguei_All\Brushes\cart\skin1\mail\shipping_information.tpl <-- KolinskyArtBrushes /public_html/cart/skin1/mail shipping_information.tpl
2007.01.15 11:08 B C:\Serguei_All\Brushes\cart\skin1\mail\signature.tpl <-- KolinskyArtBrushes /public_html/cart/skin1/mail signature.tpl
2007.01.15 11:08 B C:\Serguei_All\Brushes\cart\skin1\mail\signin_admin_notif_subj.tpl <-- KolinskyArtBrushes /public_html/cart/skin1/mail signin_admin_notif_subj.tpl
2007.01.15 11:08 B C:\Serguei_All\Brushes\cart\skin1\mail\signin_admin_notification.tpl <-- KolinskyArtBrushes /public_html/cart/skin1/mail signin_admin_notification.tpl
2007.01.15 11:08 B C:\Serguei_All\Brushes\cart\skin1\mail\signin_notification.tpl <-- KolinskyArtBrushes /public_html/cart/skin1/mail signin_notification.tpl
2007.01.15 11:08 B C:\Serguei_All\Brushes\cart\skin1\mail\signin_notification_subj.tpl <-- KolinskyArtBrushes /public_html/cart/skin1/mail signin_notification_subj.tpl
2007.01.15 11:08 B C:\Serguei_All\Brushes\cart\skin1\mail\signin_partner_notif.tpl <-- KolinskyArtBrushes /public_html/cart/skin1/mail signin_partner_notif.tpl
2007.01.15 11:08 B C:\Serguei_All\Brushes\cart\skin1\mail\wishlist_send2friend.tpl <-- KolinskyArtBrushes /public_html/cart/skin1/mail wishlist_send2friend.tpl
2007.01.15 11:08 B C:\Serguei_All\Brushes\cart\skin1\mail\wishlist_send2friend_subj.tpl <-- KolinskyArtBrushes /public_html/cart/skin1/mail wishlist_send2friend_subj.tpl
2007.01.15 11:08 B C:\Serguei_All\Brushes\cart\skin1\mail\wishlist_sendall2friend.tpl <-- KolinskyArtBrushes /public_html/cart/skin1/mail wishlist_sendall2friend.tpl
2007.01.15 11:08 B C:\Serguei_All\Brushes\cart\skin1\mail\wishlist_sendall2friend_subj.tpl <-- KolinskyArtBrushes /public_html/cart/skin1/mail wishlist_sendall2friend_subj.tpl
2007.01.15 11:27 B C:\Serguei_All\Vorojtsov.com\public_html\shop\skin1\mail\anti_fraud_sk_expire.tpl --> ftp.vorojtsov.com /public_html/vorojtsov/shop/skin1/mail anti_fraud_sk_expire.tpl
2007.01.15 11:27 B C:\Serguei_All\Vorojtsov.com\public_html\shop\skin1\mail\anti_fraud_sk_expire_subj.tpl --> ftp.vorojtsov.com /public_html/vorojtsov/shop/skin1/mail anti_fraud_sk_expire_subj.tpl
2007.01.15 11:27 B C:\Serguei_All\Vorojtsov.com\public_html\shop\skin1\mail\anti_fraud_sk_invalid.tpl --> ftp.vorojtsov.com /public_html/vorojtsov/shop/skin1/mail anti_fraud_sk_invalid.tpl
2007.01.15 11:27 B C:\Serguei_All\Vorojtsov.com\public_html\shop\skin1\mail\anti_fraud_sk_invalid_subj.tpl --> ftp.vorojtsov.com /public_html/vorojtsov/shop/skin1/mail anti_fraud_sk_invalid_subj.tpl
2007.01.15 11:27 B C:\Serguei_All\Vorojtsov.com\public_html\shop\skin1\mail\decline_notification.tpl --> ftp.vorojtsov.com /public_html/vorojtsov/shop/skin1/mail decline_notification.tpl
2007.01.15 11:27 B C:\Serguei_All\Vorojtsov.com\public_html\shop\skin1\mail\decline_notification_subj.tpl --> ftp.vorojtsov.com /public_html/vorojtsov/shop/skin1/mail decline_notification_subj.tpl
2007.01.15 11:27 B C:\Serguei_All\Vorojtsov.com\public_html\shop\skin1\mail\egoods_download_keys.tpl --> ftp.vorojtsov.com /public_html/vorojtsov/shop/skin1/mail egoods_download_keys.tpl
2007.01.15 11:27 B C:\Serguei_All\Vorojtsov.com\public_html\shop\skin1\mail\egoods_download_keys_subj.tpl --> ftp.vorojtsov.com /public_html/vorojtsov/shop/skin1/mail egoods_download_keys_subj.tpl
2007.01.15 11:27 B C:\Serguei_All\Vorojtsov.com\public_html\shop\skin1\mail\giftcert.tpl --> ftp.vorojtsov.com /public_html/vorojtsov/shop/skin1/mail giftcert.tpl
2007.01.15 11:27 B C:\Serguei_All\Vorojtsov.com\public_html\shop\skin1\mail\giftcert_notification.tpl --> ftp.vorojtsov.com /public_html/vorojtsov/shop/skin1/mail giftcert_notification.tpl
2007.01.15 11:27 B C:\Serguei_All\Vorojtsov.com\public_html\shop\skin1\mail\giftcert_notification_subj.tpl --> ftp.vorojtsov.com /public_html/vorojtsov/shop/skin1/mail giftcert_notification_subj.tpl
2007.01.15 11:27 B C:\Serguei_All\Vorojtsov.com\public_html\shop\skin1\mail\giftcert_return.tpl --> ftp.vorojtsov.com /public_html/vorojtsov/shop/skin1/mail giftcert_return.tpl
2007.01.15 11:27 B C:\Serguei_All\Vorojtsov.com\public_html\shop\skin1\mail\giftcert_return_subj.tpl --> ftp.vorojtsov.com /public_html/vorojtsov/shop/skin1/mail giftcert_return_subj.tpl
2007.01.15 11:27 B C:\Serguei_All\Vorojtsov.com\public_html\shop\skin1\mail\giftcert_subj.tpl --> ftp.vorojtsov.com /public_html/vorojtsov/shop/skin1/mail giftcert_subj.tpl
2007.01.15 11:27 B C:\Serguei_All\Vorojtsov.com\public_html\shop\skin1\mail\help_contactus.tpl --> ftp.vorojtsov.com /public_html/vorojtsov/shop/skin1/mail help_contactus.tpl
2007.01.15 11:27 B C:\Serguei_All\Vorojtsov.com\public_html\shop\skin1\mail\help_contactus_subj.tpl --> ftp.vorojtsov.com /public_html/vorojtsov/shop/skin1/mail help_contactus_subj.tpl
2007.01.15 11:27 B C:\Serguei_All\Vorojtsov.com\public_html\shop\skin1\mail\init_order_customer.tpl --> ftp.vorojtsov.com /public_html/vorojtsov/shop/skin1/mail init_order_customer.tpl
2007.01.15 11:27 B C:\Serguei_All\Vorojtsov.com\public_html\shop\skin1\mail\init_order_customer_subj.tpl --> ftp.vorojtsov.com /public_html/vorojtsov/shop/skin1/mail init_order_customer_subj.tpl
2007.01.15 11:27 B C:\Serguei_All\Vorojtsov.com\public_html\shop\skin1\mail\init_order_notification_subj.tpl --> ftp.vorojtsov.com /public_html/vorojtsov/shop/skin1/mail init_order_notification_subj.tpl
2007.01.15 11:27 B C:\Serguei_All\Vorojtsov.com\public_html\shop\skin1\mail\login_error.tpl --> ftp.vorojtsov.com /public_html/vorojtsov/shop/skin1/mail login_error.tpl
2007.01.15 11:27 B C:\Serguei_All\Vorojtsov.com\public_html\shop\skin1\mail\login_error_subj.tpl --> ftp.vorojtsov.com /public_html/vorojtsov/shop/skin1/mail login_error_subj.tpl
2007.01.15 11:27 B C:\Serguei_All\Vorojtsov.com\public_html\shop\skin1\mail\lowlimit_warning_notification_admin.tpl --> ftp.vorojtsov.com /public_html/vorojtsov/shop/skin1/mail lowlimit_warning_notification_admin.tpl
2007.01.15 11:27 B C:\Serguei_All\Vorojtsov.com\public_html\shop\skin1\mail\lowlimit_warning_notification_subj.tpl --> ftp.vorojtsov.com /public_html/vorojtsov/shop/skin1/mail lowlimit_warning_notification_subj.tpl
2007.01.15 11:27 B C:\Serguei_All\Vorojtsov.com\public_html\shop\skin1\mail\mail_header.tpl --> ftp.vorojtsov.com /public_html/vorojtsov/shop/skin1/mail mail_header.tpl
2007.01.15 11:27 B C:\Serguei_All\Vorojtsov.com\public_html\shop\skin1\mail\newsletter_admin.tpl --> ftp.vorojtsov.com /public_html/vorojtsov/shop/skin1/mail newsletter_admin.tpl
2007.01.15 11:27 B C:\Serguei_All\Vorojtsov.com\public_html\shop\skin1\mail\newsletter_admin_subj.tpl --> ftp.vorojtsov.com /public_html/vorojtsov/shop/skin1/mail newsletter_admin_subj.tpl
2007.01.15 11:27 B C:\Serguei_All\Vorojtsov.com\public_html\shop\skin1\mail\newsletter_signature.tpl --> ftp.vorojtsov.com /public_html/vorojtsov/shop/skin1/mail newsletter_signature.tpl
2007.01.15 11:27 B C:\Serguei_All\Vorojtsov.com\public_html\shop\skin1\mail\newsletter_subscribe.tpl --> ftp.vorojtsov.com /public_html/vorojtsov/shop/skin1/mail newsletter_subscribe.tpl
2007.01.15 11:27 B C:\Serguei_All\Vorojtsov.com\public_html\shop\skin1\mail\newsletter_subscribe_subj.tpl --> ftp.vorojtsov.com /public_html/vorojtsov/shop/skin1/mail newsletter_subscribe_subj.tpl
2007.01.15 11:27 B C:\Serguei_All\Vorojtsov.com\public_html\shop\skin1\mail\newsletter_unsubscribe.tpl --> ftp.vorojtsov.com /public_html/vorojtsov/shop/skin1/mail newsletter_unsubscribe.tpl
2007.01.15 11:27 B C:\Serguei_All\Vorojtsov.com\public_html\shop\skin1\mail\newsletter_unsubscribe_subj.tpl --> ftp.vorojtsov.com /public_html/vorojtsov/shop/skin1/mail newsletter_unsubscribe_subj.tpl
2007.01.15 11:27 B C:\Serguei_All\Vorojtsov.com\public_html\shop\skin1\mail\newsltr_unsubscr_admin.tpl --> ftp.vorojtsov.com /public_html/vorojtsov/shop/skin1/mail newsltr_unsubscr_admin.tpl
2007.01.15 11:27 B C:\Serguei_All\Vorojtsov.com\public_html\shop\skin1\mail\newsltr_unsubscr_admin_subj.tpl --> ftp.vorojtsov.com /public_html/vorojtsov/shop/skin1/mail newsltr_unsubscr_admin_subj.tpl
2007.01.15 11:27 B C:\Serguei_All\Vorojtsov.com\public_html\shop\skin1\mail\order_cust_complete_subj.tpl --> ftp.vorojtsov.com /public_html/vorojtsov/shop/skin1/mail order_cust_complete_subj.tpl
2007.01.15 11:27 B C:\Serguei_All\Vorojtsov.com\public_html\shop\skin1\mail\order_cust_processed_subj.tpl --> ftp.vorojtsov.com /public_html/vorojtsov/shop/skin1/mail order_cust_processed_subj.tpl
2007.01.15 11:27 B C:\Serguei_All\Vorojtsov.com\public_html\shop\skin1\mail\order_customer.tpl --> ftp.vorojtsov.com /public_html/vorojtsov/shop/skin1/mail order_customer.tpl
2007.01.15 11:27 B C:\Serguei_All\Vorojtsov.com\public_html\shop\skin1\mail\order_customer_complete.tpl --> ftp.vorojtsov.com /public_html/vorojtsov/shop/skin1/mail order_customer_complete.tpl
2007.01.15 11:27 B C:\Serguei_All\Vorojtsov.com\public_html\shop\skin1\mail\order_customer_processed.tpl --> ftp.vorojtsov.com /public_html/vorojtsov/shop/skin1/mail order_customer_processed.tpl
2007.01.15 11:27 B C:\Serguei_All\Vorojtsov.com\public_html\shop\skin1\mail\order_customer_subj.tpl --> ftp.vorojtsov.com /public_html/vorojtsov/shop/skin1/mail order_customer_subj.tpl
2007.01.15 11:27 B C:\Serguei_All\Vorojtsov.com\public_html\shop\skin1\mail\order_data.tpl --> ftp.vorojtsov.com /public_html/vorojtsov/shop/skin1/mail order_data.tpl
2007.01.15 11:27 B C:\Serguei_All\Vorojtsov.com\public_html\shop\skin1\mail\order_invoice.tpl --> ftp.vorojtsov.com /public_html/vorojtsov/shop/skin1/mail order_invoice.tpl
2007.01.15 11:27 B C:\Serguei_All\Vorojtsov.com\public_html\shop\skin1\mail\order_notification.tpl --> ftp.vorojtsov.com /public_html/vorojtsov/shop/skin1/mail order_notification.tpl
2007.01.15 11:27 B C:\Serguei_All\Vorojtsov.com\public_html\shop\skin1\mail\order_notification_admin.tpl --> ftp.vorojtsov.com /public_html/vorojtsov/shop/skin1/mail order_notification_admin.tpl
2007.01.15 11:27 B C:\Serguei_All\Vorojtsov.com\public_html\shop\skin1\mail\order_notification_subj.tpl --> ftp.vorojtsov.com /public_html/vorojtsov/shop/skin1/mail order_notification_subj.tpl
2007.01.15 11:27 B C:\Serguei_All\Vorojtsov.com\public_html\shop\skin1\mail\partner_approved.tpl --> ftp.vorojtsov.com /public_html/vorojtsov/shop/skin1/mail partner_approved.tpl
2007.01.15 11:27 B C:\Serguei_All\Vorojtsov.com\public_html\shop\skin1\mail\partner_approved_subj.tpl --> ftp.vorojtsov.com /public_html/vorojtsov/shop/skin1/mail partner_approved_subj.tpl
2007.01.15 11:27 B C:\Serguei_All\Vorojtsov.com\public_html\shop\skin1\mail\partner_declined.tpl --> ftp.vorojtsov.com /public_html/vorojtsov/shop/skin1/mail partner_declined.tpl
2007.01.15 11:27 B C:\Serguei_All\Vorojtsov.com\public_html\shop\skin1\mail\partner_declined_subj.tpl --> ftp.vorojtsov.com /public_html/vorojtsov/shop/skin1/mail partner_declined_subj.tpl
2007.01.15 11:27 B C:\Serguei_All\Vorojtsov.com\public_html\shop\skin1\mail\password_recover.tpl --> ftp.vorojtsov.com /public_html/vorojtsov/shop/skin1/mail password_recover.tpl
2007.01.15 11:27 B C:\Serguei_All\Vorojtsov.com\public_html\shop\skin1\mail\password_recover_subj.tpl --> ftp.vorojtsov.com /public_html/vorojtsov/shop/skin1/mail password_recover_subj.tpl
2007.01.15 11:27 B C:\Serguei_All\Vorojtsov.com\public_html\shop\skin1\mail\paypal_enable.tpl --> ftp.vorojtsov.com /public_html/vorojtsov/shop/skin1/mail paypal_enable.tpl
2007.01.15 11:27 B C:\Serguei_All\Vorojtsov.com\public_html\shop\skin1\mail\paypal_enable_subj.tpl --> ftp.vorojtsov.com /public_html/vorojtsov/shop/skin1/mail paypal_enable_subj.tpl
2007.01.15 11:27 B C:\Serguei_All\Vorojtsov.com\public_html\shop\skin1\mail\profile_admin_deleted.tpl --> ftp.vorojtsov.com /public_html/vorojtsov/shop/skin1/mail profile_admin_deleted.tpl
2007.01.15 11:27 B C:\Serguei_All\Vorojtsov.com\public_html\shop\skin1\mail\profile_admin_deleted_subj.tpl --> ftp.vorojtsov.com /public_html/vorojtsov/shop/skin1/mail profile_admin_deleted_subj.tpl
2007.01.15 11:27 B C:\Serguei_All\Vorojtsov.com\public_html\shop\skin1\mail\profile_admin_modified.tpl --> ftp.vorojtsov.com /public_html/vorojtsov/shop/skin1/mail profile_admin_modified.tpl
2007.01.15 11:27 B C:\Serguei_All\Vorojtsov.com\public_html\shop\skin1\mail\profile_admin_modified_subj.tpl --> ftp.vorojtsov.com /public_html/vorojtsov/shop/skin1/mail profile_admin_modified_subj.tpl
2007.01.15 11:27 B C:\Serguei_All\Vorojtsov.com\public_html\shop\skin1\mail\profile_data.tpl --> ftp.vorojtsov.com /public_html/vorojtsov/shop/skin1/mail profile_data.tpl
2007.01.15 11:27 B C:\Serguei_All\Vorojtsov.com\public_html\shop\skin1\mail\profile_deleted.tpl --> ftp.vorojtsov.com /public_html/vorojtsov/shop/skin1/mail profile_deleted.tpl
2007.01.15 11:27 B C:\Serguei_All\Vorojtsov.com\public_html\shop\skin1\mail\profile_deleted_subj.tpl --> ftp.vorojtsov.com /public_html/vorojtsov/shop/skin1/mail profile_deleted_subj.tpl
2007.01.15 11:27 B C:\Serguei_All\Vorojtsov.com\public_html\shop\skin1\mail\profile_modified.tpl --> ftp.vorojtsov.com /public_html/vorojtsov/shop/skin1/mail profile_modified.tpl
2007.01.15 11:27 B C:\Serguei_All\Vorojtsov.com\public_html\shop\skin1\mail\profile_modified_subj.tpl --> ftp.vorojtsov.com /public_html/vorojtsov/shop/skin1/mail profile_modified_subj.tpl
2007.01.15 11:27 B C:\Serguei_All\Vorojtsov.com\public_html\shop\skin1\mail\recurring_notification_admin.tpl --> ftp.vorojtsov.com /public_html/vorojtsov/shop/skin1/mail recurring_notification_admin.tpl
2007.01.15 11:27 B C:\Serguei_All\Vorojtsov.com\public_html\shop\skin1\mail\recurring_notification_subj.tpl --> ftp.vorojtsov.com /public_html/vorojtsov/shop/skin1/mail recurring_notification_subj.tpl
2007.01.15 11:27 B C:\Serguei_All\Vorojtsov.com\public_html\shop\skin1\mail\send2friend.tpl --> ftp.vorojtsov.com /public_html/vorojtsov/shop/skin1/mail send2friend.tpl
2007.01.15 11:27 B C:\Serguei_All\Vorojtsov.com\public_html\shop\skin1\mail\send2friend_subj.tpl --> ftp.vorojtsov.com /public_html/vorojtsov/shop/skin1/mail send2friend_subj.tpl
2007.01.15 11:27 B C:\Serguei_All\Vorojtsov.com\public_html\shop\skin1\mail\shipping_information.tpl --> ftp.vorojtsov.com /public_html/vorojtsov/shop/skin1/mail shipping_information.tpl
2007.01.15 11:27 B C:\Serguei_All\Vorojtsov.com\public_html\shop\skin1\mail\signature.tpl --> ftp.vorojtsov.com /public_html/vorojtsov/shop/skin1/mail signature.tpl
2007.01.15 11:27 B C:\Serguei_All\Vorojtsov.com\public_html\shop\skin1\mail\signin_admin_notif_subj.tpl --> ftp.vorojtsov.com /public_html/vorojtsov/shop/skin1/mail signin_admin_notif_subj.tpl
2007.01.15 11:27 B C:\Serguei_All\Vorojtsov.com\public_html\shop\skin1\mail\signin_admin_notification.tpl --> ftp.vorojtsov.com /public_html/vorojtsov/shop/skin1/mail signin_admin_notification.tpl
2007.01.15 11:27 B C:\Serguei_All\Vorojtsov.com\public_html\shop\skin1\mail\signin_notification.tpl --> ftp.vorojtsov.com /public_html/vorojtsov/shop/skin1/mail signin_notification.tpl
2007.01.15 11:27 B C:\Serguei_All\Vorojtsov.com\public_html\shop\skin1\mail\signin_notification_subj.tpl --> ftp.vorojtsov.com /public_html/vorojtsov/shop/skin1/mail signin_notification_subj.tpl
2007.01.15 11:27 B C:\Serguei_All\Vorojtsov.com\public_html\shop\skin1\mail\signin_partner_notif.tpl --> ftp.vorojtsov.com /public_html/vorojtsov/shop/skin1/mail signin_partner_notif.tpl
2007.01.15 11:27 B C:\Serguei_All\Vorojtsov.com\public_html\shop\skin1\mail\wishlist_send2friend.tpl --> ftp.vorojtsov.com /public_html/vorojtsov/shop/skin1/mail wishlist_send2friend.tpl
2007.01.15 11:27 B C:\Serguei_All\Vorojtsov.com\public_html\shop\skin1\mail\wishlist_send2friend_subj.tpl --> ftp.vorojtsov.com /public_html/vorojtsov/shop/skin1/mail wishlist_send2friend_subj.tpl
2007.01.15 11:27 B C:\Serguei_All\Vorojtsov.com\public_html\shop\skin1\mail\wishlist_sendall2friend.tpl --> ftp.vorojtsov.com /public_html/vorojtsov/shop/skin1/mail wishlist_sendall2friend.tpl
2007.01.15 11:27 B C:\Serguei_All\Vorojtsov.com\public_html\shop\skin1\mail\wishlist_sendall2friend_subj.tpl --> ftp.vorojtsov.com /public_html/vorojtsov/shop/skin1/mail wishlist_sendall2friend_subj.tpl
