2007.01.15 11:05 B C:\Serguei_All\Brushes\cart\skin1\customer\main\advanced_search.tpl <-- KolinskyArtBrushes /public_html/cart/skin1/customer/main advanced_search.tpl
2007.01.15 11:05 B C:\Serguei_All\Brushes\cart\skin1\customer\main\alter_currency_value.tpl <-- KolinskyArtBrushes /public_html/cart/skin1/customer/main alter_currency_value.tpl
2007.01.15 11:05 B C:\Serguei_All\Brushes\cart\skin1\customer\main\anonymous_checkout.tpl <-- KolinskyArtBrushes /public_html/cart/skin1/customer/main anonymous_checkout.tpl
2007.01.15 11:05 B C:\Serguei_All\Brushes\cart\skin1\customer\main\buy_now.tpl <-- KolinskyArtBrushes /public_html/cart/skin1/customer/main buy_now.tpl
2007.01.15 11:05 B C:\Serguei_All\Brushes\cart\skin1\customer\main\cart.tpl <-- KolinskyArtBrushes /public_html/cart/skin1/customer/main cart.tpl
2007.01.15 11:06 B C:\Serguei_All\Brushes\cart\skin1\customer\main\cart_contents.tpl <-- KolinskyArtBrushes /public_html/cart/skin1/customer/main cart_contents.tpl
2007.01.15 11:06 B C:\Serguei_All\Brushes\cart\skin1\customer\main\cart_details.tpl <-- KolinskyArtBrushes /public_html/cart/skin1/customer/main cart_details.tpl
2007.01.15 11:06 B C:\Serguei_All\Brushes\cart\skin1\customer\main\cart_totals.tpl <-- KolinskyArtBrushes /public_html/cart/skin1/customer/main cart_totals.tpl
2007.01.15 11:06 B C:\Serguei_All\Brushes\cart\skin1\customer\main\ch_authorizenet.tpl <-- KolinskyArtBrushes /public_html/cart/skin1/customer/main ch_authorizenet.tpl
2007.01.15 11:06 B C:\Serguei_All\Brushes\cart\skin1\customer\main\change_password.tpl <-- KolinskyArtBrushes /public_html/cart/skin1/customer/main change_password.tpl
2007.01.15 11:06 B C:\Serguei_All\Brushes\cart\skin1\customer\main\checkout.tpl <-- KolinskyArtBrushes /public_html/cart/skin1/customer/main checkout.tpl
2007.01.15 11:06 B C:\Serguei_All\Brushes\cart\skin1\customer\main\checkout_notes.tpl <-- KolinskyArtBrushes /public_html/cart/skin1/customer/main checkout_notes.tpl
2007.01.15 11:06 B C:\Serguei_All\Brushes\cart\skin1\customer\main\customer_details.tpl <-- KolinskyArtBrushes /public_html/cart/skin1/customer/main customer_details.tpl
2007.01.15 11:06 B C:\Serguei_All\Brushes\cart\skin1\customer\main\error_already_voted.tpl <-- KolinskyArtBrushes /public_html/cart/skin1/customer/main error_already_voted.tpl
2007.01.15 11:06 B C:\Serguei_All\Brushes\cart\skin1\customer\main\error_review_exists.tpl <-- KolinskyArtBrushes /public_html/cart/skin1/customer/main error_review_exists.tpl
2007.01.15 11:06 B C:\Serguei_All\Brushes\cart\skin1\customer\main\featured.tpl <-- KolinskyArtBrushes /public_html/cart/skin1/customer/main featured.tpl
2007.01.15 11:06 B C:\Serguei_All\Brushes\cart\skin1\customer\main\main.tpl <-- KolinskyArtBrushes /public_html/cart/skin1/customer/main main.tpl
2007.01.15 11:06 B C:\Serguei_All\Brushes\cart\skin1\customer\main\minicart.tpl <-- KolinskyArtBrushes /public_html/cart/skin1/customer/main minicart.tpl
2007.01.15 11:06 B C:\Serguei_All\Brushes\cart\skin1\customer\main\navigation.tpl <-- KolinskyArtBrushes /public_html/cart/skin1/customer/main navigation.tpl
2007.01.15 11:06 B C:\Serguei_All\Brushes\cart\skin1\customer\main\order_message.tpl <-- KolinskyArtBrushes /public_html/cart/skin1/customer/main order_message.tpl
2007.01.15 11:06 B C:\Serguei_All\Brushes\cart\skin1\customer\main\pages.tpl <-- KolinskyArtBrushes /public_html/cart/skin1/customer/main pages.tpl
2007.01.15 11:06 B C:\Serguei_All\Brushes\cart\skin1\customer\main\payment_cc.tpl <-- KolinskyArtBrushes /public_html/cart/skin1/customer/main payment_cc.tpl
2007.01.15 11:06 B C:\Serguei_All\Brushes\cart\skin1\customer\main\payment_chk.tpl <-- KolinskyArtBrushes /public_html/cart/skin1/customer/main payment_chk.tpl
2007.01.15 11:06 B C:\Serguei_All\Brushes\cart\skin1\customer\main\payment_giftcert.tpl <-- KolinskyArtBrushes /public_html/cart/skin1/customer/main payment_giftcert.tpl
2007.01.15 11:06 B C:\Serguei_All\Brushes\cart\skin1\customer\main\payment_nochex.tpl <-- KolinskyArtBrushes /public_html/cart/skin1/customer/main payment_nochex.tpl
2007.01.15 11:06 B C:\Serguei_All\Brushes\cart\skin1\customer\main\payment_offline.tpl <-- KolinskyArtBrushes /public_html/cart/skin1/customer/main payment_offline.tpl
2007.01.15 11:06 B C:\Serguei_All\Brushes\cart\skin1\customer\main\payment_po.tpl <-- KolinskyArtBrushes /public_html/cart/skin1/customer/main payment_po.tpl
2007.01.15 11:06 B C:\Serguei_All\Brushes\cart\skin1\customer\main\popup_poptions.tpl <-- KolinskyArtBrushes /public_html/cart/skin1/customer/main popup_poptions.tpl
2007.01.15 11:06 B C:\Serguei_All\Brushes\cart\skin1\customer\main\product.tpl <-- KolinskyArtBrushes /public_html/cart/skin1/customer/main product.tpl
2007.01.15 11:06 B C:\Serguei_All\Brushes\cart\skin1\customer\main\product_prices.tpl <-- KolinskyArtBrushes /public_html/cart/skin1/customer/main product_prices.tpl
2007.01.15 11:06 B C:\Serguei_All\Brushes\cart\skin1\customer\main\products.tpl <-- KolinskyArtBrushes /public_html/cart/skin1/customer/main products.tpl
2007.01.15 11:06 B C:\Serguei_All\Brushes\cart\skin1\customer\main\products_t.tpl <-- KolinskyArtBrushes /public_html/cart/skin1/customer/main products_t.tpl
2007.01.15 11:06 B C:\Serguei_All\Brushes\cart\skin1\customer\main\register.tpl <-- KolinskyArtBrushes /public_html/cart/skin1/customer/main register.tpl
2007.01.15 11:06 B C:\Serguei_All\Brushes\cart\skin1\customer\main\search_result.tpl <-- KolinskyArtBrushes /public_html/cart/skin1/customer/main search_result.tpl
2007.01.15 11:06 B C:\Serguei_All\Brushes\cart\skin1\customer\main\secure_login_form.tpl <-- KolinskyArtBrushes /public_html/cart/skin1/customer/main secure_login_form.tpl
2007.01.15 11:06 B C:\Serguei_All\Brushes\cart\skin1\customer\main\send_to_friend.tpl <-- KolinskyArtBrushes /public_html/cart/skin1/customer/main send_to_friend.tpl
2007.01.15 11:06 B C:\Serguei_All\Brushes\cart\skin1\customer\main\ship_to.tpl <-- KolinskyArtBrushes /public_html/cart/skin1/customer/main ship_to.tpl
2007.01.15 11:06 B C:\Serguei_All\Brushes\cart\skin1\customer\main\subcategories.tpl <-- KolinskyArtBrushes /public_html/cart/skin1/customer/main subcategories.tpl
2007.01.15 11:06 B C:\Serguei_All\Brushes\cart\skin1\customer\main\taxed_price.tpl <-- KolinskyArtBrushes /public_html/cart/skin1/customer/main taxed_price.tpl
2007.01.15 11:06 B C:\Serguei_All\Brushes\cart\skin1\customer\main\welcome.tpl <-- KolinskyArtBrushes /public_html/cart/skin1/customer/main welcome.tpl
2007.01.15 11:26 B C:\Serguei_All\Vorojtsov.com\public_html\shop\skin1\customer\main\advanced_search.tpl --> ftp.vorojtsov.com /public_html/vorojtsov/shop/skin1/customer/main advanced_search.tpl
2007.01.15 11:26 B C:\Serguei_All\Vorojtsov.com\public_html\shop\skin1\customer\main\alter_currency_value.tpl --> ftp.vorojtsov.com /public_html/vorojtsov/shop/skin1/customer/main alter_currency_value.tpl
2007.01.15 11:26 B C:\Serguei_All\Vorojtsov.com\public_html\shop\skin1\customer\main\anonymous_checkout.tpl --> ftp.vorojtsov.com /public_html/vorojtsov/shop/skin1/customer/main anonymous_checkout.tpl
2007.01.15 11:26 B C:\Serguei_All\Vorojtsov.com\public_html\shop\skin1\customer\main\buy_now.tpl --> ftp.vorojtsov.com /public_html/vorojtsov/shop/skin1/customer/main buy_now.tpl
2007.01.15 11:26 B C:\Serguei_All\Vorojtsov.com\public_html\shop\skin1\customer\main\cart.tpl --> ftp.vorojtsov.com /public_html/vorojtsov/shop/skin1/customer/main cart.tpl
2007.01.15 11:26 B C:\Serguei_All\Vorojtsov.com\public_html\shop\skin1\customer\main\cart_contents.tpl --> ftp.vorojtsov.com /public_html/vorojtsov/shop/skin1/customer/main cart_contents.tpl
2007.01.15 11:26 B C:\Serguei_All\Vorojtsov.com\public_html\shop\skin1\customer\main\cart_details.tpl --> ftp.vorojtsov.com /public_html/vorojtsov/shop/skin1/customer/main cart_details.tpl
2007.01.15 11:26 B C:\Serguei_All\Vorojtsov.com\public_html\shop\skin1\customer\main\cart_totals.tpl --> ftp.vorojtsov.com /public_html/vorojtsov/shop/skin1/customer/main cart_totals.tpl
2007.01.15 11:26 B C:\Serguei_All\Vorojtsov.com\public_html\shop\skin1\customer\main\ch_authorizenet.tpl --> ftp.vorojtsov.com /public_html/vorojtsov/shop/skin1/customer/main ch_authorizenet.tpl
2007.01.15 11:26 B C:\Serguei_All\Vorojtsov.com\public_html\shop\skin1\customer\main\change_password.tpl --> ftp.vorojtsov.com /public_html/vorojtsov/shop/skin1/customer/main change_password.tpl
2007.01.15 11:26 B C:\Serguei_All\Vorojtsov.com\public_html\shop\skin1\customer\main\checkout.tpl --> ftp.vorojtsov.com /public_html/vorojtsov/shop/skin1/customer/main checkout.tpl
2007.01.15 11:26 B C:\Serguei_All\Vorojtsov.com\public_html\shop\skin1\customer\main\checkout_notes.tpl --> ftp.vorojtsov.com /public_html/vorojtsov/shop/skin1/customer/main checkout_notes.tpl
2007.01.15 11:26 B C:\Serguei_All\Vorojtsov.com\public_html\shop\skin1\customer\main\customer_details.tpl --> ftp.vorojtsov.com /public_html/vorojtsov/shop/skin1/customer/main customer_details.tpl
2007.01.15 11:26 B C:\Serguei_All\Vorojtsov.com\public_html\shop\skin1\customer\main\error_already_voted.tpl --> ftp.vorojtsov.com /public_html/vorojtsov/shop/skin1/customer/main error_already_voted.tpl
2007.01.15 11:26 B C:\Serguei_All\Vorojtsov.com\public_html\shop\skin1\customer\main\error_review_exists.tpl --> ftp.vorojtsov.com /public_html/vorojtsov/shop/skin1/customer/main error_review_exists.tpl
2007.01.15 11:26 B C:\Serguei_All\Vorojtsov.com\public_html\shop\skin1\customer\main\featured.tpl --> ftp.vorojtsov.com /public_html/vorojtsov/shop/skin1/customer/main featured.tpl
2007.01.15 11:26 B C:\Serguei_All\Vorojtsov.com\public_html\shop\skin1\customer\main\main.tpl --> ftp.vorojtsov.com /public_html/vorojtsov/shop/skin1/customer/main main.tpl
2007.01.15 11:26 B C:\Serguei_All\Vorojtsov.com\public_html\shop\skin1\customer\main\minicart.tpl --> ftp.vorojtsov.com /public_html/vorojtsov/shop/skin1/customer/main minicart.tpl
2007.01.15 11:26 B C:\Serguei_All\Vorojtsov.com\public_html\shop\skin1\customer\main\navigation.tpl --> ftp.vorojtsov.com /public_html/vorojtsov/shop/skin1/customer/main navigation.tpl
2007.01.15 11:26 B C:\Serguei_All\Vorojtsov.com\public_html\shop\skin1\customer\main\order_message.tpl --> ftp.vorojtsov.com /public_html/vorojtsov/shop/skin1/customer/main order_message.tpl
2007.01.15 11:26 B C:\Serguei_All\Vorojtsov.com\public_html\shop\skin1\customer\main\pages.tpl --> ftp.vorojtsov.com /public_html/vorojtsov/shop/skin1/customer/main pages.tpl
2007.01.15 11:26 B C:\Serguei_All\Vorojtsov.com\public_html\shop\skin1\customer\main\payment_cc.tpl --> ftp.vorojtsov.com /public_html/vorojtsov/shop/skin1/customer/main payment_cc.tpl
2007.01.15 11:26 B C:\Serguei_All\Vorojtsov.com\public_html\shop\skin1\customer\main\payment_chk.tpl --> ftp.vorojtsov.com /public_html/vorojtsov/shop/skin1/customer/main payment_chk.tpl
2007.01.15 11:26 B C:\Serguei_All\Vorojtsov.com\public_html\shop\skin1\customer\main\payment_giftcert.tpl --> ftp.vorojtsov.com /public_html/vorojtsov/shop/skin1/customer/main payment_giftcert.tpl
2007.01.15 11:26 B C:\Serguei_All\Vorojtsov.com\public_html\shop\skin1\customer\main\payment_nochex.tpl --> ftp.vorojtsov.com /public_html/vorojtsov/shop/skin1/customer/main payment_nochex.tpl
2007.01.15 11:26 B C:\Serguei_All\Vorojtsov.com\public_html\shop\skin1\customer\main\payment_offline.tpl --> ftp.vorojtsov.com /public_html/vorojtsov/shop/skin1/customer/main payment_offline.tpl
2007.01.15 11:26 B C:\Serguei_All\Vorojtsov.com\public_html\shop\skin1\customer\main\payment_po.tpl --> ftp.vorojtsov.com /public_html/vorojtsov/shop/skin1/customer/main payment_po.tpl
2007.01.15 11:26 B C:\Serguei_All\Vorojtsov.com\public_html\shop\skin1\customer\main\popup_poptions.tpl --> ftp.vorojtsov.com /public_html/vorojtsov/shop/skin1/customer/main popup_poptions.tpl
2007.01.15 11:26 B C:\Serguei_All\Vorojtsov.com\public_html\shop\skin1\customer\main\product.tpl --> ftp.vorojtsov.com /public_html/vorojtsov/shop/skin1/customer/main product.tpl
2007.01.15 11:26 B C:\Serguei_All\Vorojtsov.com\public_html\shop\skin1\customer\main\product_prices.tpl --> ftp.vorojtsov.com /public_html/vorojtsov/shop/skin1/customer/main product_prices.tpl
2007.01.15 11:26 B C:\Serguei_All\Vorojtsov.com\public_html\shop\skin1\customer\main\products.tpl --> ftp.vorojtsov.com /public_html/vorojtsov/shop/skin1/customer/main products.tpl
2007.01.15 11:26 B C:\Serguei_All\Vorojtsov.com\public_html\shop\skin1\customer\main\products_t.tpl --> ftp.vorojtsov.com /public_html/vorojtsov/shop/skin1/customer/main products_t.tpl
2007.01.15 11:26 B C:\Serguei_All\Vorojtsov.com\public_html\shop\skin1\customer\main\register.tpl --> ftp.vorojtsov.com /public_html/vorojtsov/shop/skin1/customer/main register.tpl
2007.01.15 11:26 B C:\Serguei_All\Vorojtsov.com\public_html\shop\skin1\customer\main\search_result.tpl --> ftp.vorojtsov.com /public_html/vorojtsov/shop/skin1/customer/main search_result.tpl
2007.01.15 11:26 B C:\Serguei_All\Vorojtsov.com\public_html\shop\skin1\customer\main\secure_login_form.tpl --> ftp.vorojtsov.com /public_html/vorojtsov/shop/skin1/customer/main secure_login_form.tpl
2007.01.15 11:26 B C:\Serguei_All\Vorojtsov.com\public_html\shop\skin1\customer\main\send_to_friend.tpl --> ftp.vorojtsov.com /public_html/vorojtsov/shop/skin1/customer/main send_to_friend.tpl
2007.01.15 11:26 B C:\Serguei_All\Vorojtsov.com\public_html\shop\skin1\customer\main\ship_to.tpl --> ftp.vorojtsov.com /public_html/vorojtsov/shop/skin1/customer/main ship_to.tpl
2007.01.15 11:26 B C:\Serguei_All\Vorojtsov.com\public_html\shop\skin1\customer\main\subcategories.tpl --> ftp.vorojtsov.com /public_html/vorojtsov/shop/skin1/customer/main subcategories.tpl
2007.01.15 11:26 B C:\Serguei_All\Vorojtsov.com\public_html\shop\skin1\customer\main\taxed_price.tpl --> ftp.vorojtsov.com /public_html/vorojtsov/shop/skin1/customer/main taxed_price.tpl
2007.01.15 11:26 B C:\Serguei_All\Vorojtsov.com\public_html\shop\skin1\customer\main\welcome.tpl --> ftp.vorojtsov.com /public_html/vorojtsov/shop/skin1/customer/main welcome.tpl
