2004.10.08 13:39 A C:\Serguei_All\Brushes\reviews\watercolorpainting_files\arrow.gif --> ftp.kolinskyartbrushes.com /public_html/reviews/watercolorpainting_files arrow.gif
2004.10.08 13:39 A C:\Serguei_All\Brushes\reviews\watercolorpainting_files\dot.gif --> ftp.kolinskyartbrushes.com /public_html/reviews/watercolorpainting_files dot.gif
2004.10.08 13:39 A C:\Serguei_All\Brushes\reviews\watercolorpainting_files\dotpurple.gif --> ftp.kolinskyartbrushes.com /public_html/reviews/watercolorpainting_files dotpurple.gif
2004.10.08 13:39 A C:\Serguei_All\Brushes\reviews\watercolorpainting_files\dotred.gif --> ftp.kolinskyartbrushes.com /public_html/reviews/watercolorpainting_files dotred.gif
2004.10.08 13:39 A C:\Serguei_All\Brushes\reviews\watercolorpainting_files\dotrose.gif --> ftp.kolinskyartbrushes.com /public_html/reviews/watercolorpainting_files dotrose.gif
2004.10.08 13:39 A C:\Serguei_All\Brushes\reviews\watercolorpainting_files\kolonok11087.jpg --> ftp.kolinskyartbrushes.com /public_html/reviews/watercolorpainting_files kolonok11087.jpg
2004.10.08 13:39 A C:\Serguei_All\Brushes\reviews\watercolorpainting_files\kolonok260150.jpg --> ftp.kolinskyartbrushes.com /public_html/reviews/watercolorpainting_files kolonok260150.jpg
2004.10.08 13:39 A C:\Serguei_All\Brushes\reviews\watercolorpainting_files\newlogoRAINBOW20033.jpg --> ftp.kolinskyartbrushes.com /public_html/reviews/watercolorpainting_files newlogoRAINBOW20033.jpg
2004.10.08 13:39 A C:\Serguei_All\Brushes\reviews\watercolorpainting_files\stackedlogorainbow18075.jpg --> ftp.kolinskyartbrushes.com /public_html/reviews/watercolorpainting_files stackedlogorainbow18075.jpg
2004.10.08 13:39 A C:\Serguei_All\Brushes\reviews\watercolorpainting_files\star.jpg --> ftp.kolinskyartbrushes.com /public_html/reviews/watercolorpainting_files star.jpg
2004.10.08 13:39 A C:\Serguei_All\Brushes\reviews\watercolorpainting_files\Thumbs.db --> ftp.kolinskyartbrushes.com /public_html/reviews/watercolorpainting_files Thumbs.db
2004.10.08 13:40 B C:\Serguei_All\Brushes\reviews\watercolorpainting_files\arrow.gif --> ftp.kolinskyartbrushes.com /public_html/reviews/watercolorpainting_files arrow.gif
2004.10.08 13:40 B C:\Serguei_All\Brushes\reviews\watercolorpainting_files\dot.gif --> ftp.kolinskyartbrushes.com /public_html/reviews/watercolorpainting_files dot.gif
2004.10.08 13:40 B C:\Serguei_All\Brushes\reviews\watercolorpainting_files\dotpurple.gif --> ftp.kolinskyartbrushes.com /public_html/reviews/watercolorpainting_files dotpurple.gif
2004.10.08 13:40 B C:\Serguei_All\Brushes\reviews\watercolorpainting_files\dotred.gif --> ftp.kolinskyartbrushes.com /public_html/reviews/watercolorpainting_files dotred.gif
2004.10.08 13:41 B C:\Serguei_All\Brushes\reviews\watercolorpainting_files\dotrose.gif --> ftp.kolinskyartbrushes.com /public_html/reviews/watercolorpainting_files dotrose.gif
2004.10.08 13:41 B C:\Serguei_All\Brushes\reviews\watercolorpainting_files\kolonok11087.jpg --> ftp.kolinskyartbrushes.com /public_html/reviews/watercolorpainting_files kolonok11087.jpg
2004.10.08 13:41 B C:\Serguei_All\Brushes\reviews\watercolorpainting_files\kolonok260150.jpg --> ftp.kolinskyartbrushes.com /public_html/reviews/watercolorpainting_files kolonok260150.jpg
2004.10.08 13:41 B C:\Serguei_All\Brushes\reviews\watercolorpainting_files\newlogoRAINBOW20033.jpg --> ftp.kolinskyartbrushes.com /public_html/reviews/watercolorpainting_files newlogoRAINBOW20033.jpg
2004.10.08 13:41 B C:\Serguei_All\Brushes\reviews\watercolorpainting_files\stackedlogorainbow18075.jpg --> ftp.kolinskyartbrushes.com /public_html/reviews/watercolorpainting_files stackedlogorainbow18075.jpg
2004.10.08 13:41 B C:\Serguei_All\Brushes\reviews\watercolorpainting_files\star.jpg --> ftp.kolinskyartbrushes.com /public_html/reviews/watercolorpainting_files star.jpg
2004.10.08 13:41 B C:\Serguei_All\Brushes\reviews\watercolorpainting_files\Thumbs.db --> ftp.kolinskyartbrushes.com /public_html/reviews/watercolorpainting_files Thumbs.db
2004.10.08 13:55 B C:\Serguei_All\Brushes\reviews\watercolorpainting_files\WS_FTP.LOG <-- KolinskyArtBrushes /public_html/reviews/watercolorpainting_files WS_FTP.LOG
2004.10.08 13:56 B C:\Serguei_All\Brushes\reviews\watercolorpainting_files\arrow.gif --> ftp.kolinskyartbrushes.com /public_html/reviews/watercolorpainting_files arrow.gif
2004.10.08 13:56 B C:\Serguei_All\Brushes\reviews\watercolorpainting_files\dot.gif --> ftp.kolinskyartbrushes.com /public_html/reviews/watercolorpainting_files dot.gif
2004.10.08 13:56 B C:\Serguei_All\Brushes\reviews\watercolorpainting_files\dotpurple.gif --> ftp.kolinskyartbrushes.com /public_html/reviews/watercolorpainting_files dotpurple.gif
2004.10.08 13:56 B C:\Serguei_All\Brushes\reviews\watercolorpainting_files\dotred.gif --> ftp.kolinskyartbrushes.com /public_html/reviews/watercolorpainting_files dotred.gif
2004.10.08 13:56 B C:\Serguei_All\Brushes\reviews\watercolorpainting_files\dotrose.gif --> ftp.kolinskyartbrushes.com /public_html/reviews/watercolorpainting_files dotrose.gif
2004.10.08 13:56 B C:\Serguei_All\Brushes\reviews\watercolorpainting_files\kolonok11087.jpg --> ftp.kolinskyartbrushes.com /public_html/reviews/watercolorpainting_files kolonok11087.jpg
2004.10.08 13:56 B C:\Serguei_All\Brushes\reviews\watercolorpainting_files\kolonok260150.jpg --> ftp.kolinskyartbrushes.com /public_html/reviews/watercolorpainting_files kolonok260150.jpg
2004.10.08 13:56 B C:\Serguei_All\Brushes\reviews\watercolorpainting_files\newlogoRAINBOW20033.jpg --> ftp.kolinskyartbrushes.com /public_html/reviews/watercolorpainting_files newlogoRAINBOW20033.jpg
2004.10.08 13:56 B C:\Serguei_All\Brushes\reviews\watercolorpainting_files\stackedlogorainbow18075.jpg --> ftp.kolinskyartbrushes.com /public_html/reviews/watercolorpainting_files stackedlogorainbow18075.jpg
2004.10.08 13:56 B C:\Serguei_All\Brushes\reviews\watercolorpainting_files\star.jpg --> ftp.kolinskyartbrushes.com /public_html/reviews/watercolorpainting_files star.jpg
2004.10.08 13:56 B C:\Serguei_All\Brushes\reviews\watercolorpainting_files\Thumbs.db --> ftp.kolinskyartbrushes.com /public_html/reviews/watercolorpainting_files Thumbs.db
