2007.01.15 11:12 B C:\Serguei_All\Brushes\cart\skin1\provider\main\discounts.tpl <-- KolinskyArtBrushes /public_html/cart/skin1/provider/main discounts.tpl
2007.01.15 11:12 B C:\Serguei_All\Brushes\cart\skin1\provider\main\export.tpl <-- KolinskyArtBrushes /public_html/cart/skin1/provider/main export.tpl
2007.01.15 11:12 B C:\Serguei_All\Brushes\cart\skin1\provider\main\general.tpl <-- KolinskyArtBrushes /public_html/cart/skin1/provider/main general.tpl
2007.01.15 11:12 B C:\Serguei_All\Brushes\cart\skin1\provider\main\ie_delimiter.tpl <-- KolinskyArtBrushes /public_html/cart/skin1/provider/main ie_delimiter.tpl
2007.01.15 11:12 B C:\Serguei_All\Brushes\cart\skin1\provider\main\import.tpl <-- KolinskyArtBrushes /public_html/cart/skin1/provider/main import.tpl
2007.01.15 11:12 B C:\Serguei_All\Brushes\cart\skin1\provider\main\import_errors.tpl <-- KolinskyArtBrushes /public_html/cart/skin1/provider/main import_errors.tpl
2007.01.15 11:12 B C:\Serguei_All\Brushes\cart\skin1\provider\main\import_images.tpl <-- KolinskyArtBrushes /public_html/cart/skin1/provider/main import_images.tpl
2007.01.15 11:12 B C:\Serguei_All\Brushes\cart\skin1\provider\main\import_results.tpl <-- KolinskyArtBrushes /public_html/cart/skin1/provider/main import_results.tpl
2007.01.15 11:12 B C:\Serguei_All\Brushes\cart\skin1\provider\main\inv_update.tpl <-- KolinskyArtBrushes /public_html/cart/skin1/provider/main inv_update.tpl
2007.01.15 11:12 B C:\Serguei_All\Brushes\cart\skin1\provider\main\promotions.tpl <-- KolinskyArtBrushes /public_html/cart/skin1/provider/main promotions.tpl
2007.01.15 11:12 B C:\Serguei_All\Brushes\cart\skin1\provider\main\register.tpl <-- KolinskyArtBrushes /public_html/cart/skin1/provider/main register.tpl
2007.01.15 11:12 B C:\Serguei_All\Brushes\cart\skin1\provider\main\secure_login_form.tpl <-- KolinskyArtBrushes /public_html/cart/skin1/provider/main secure_login_form.tpl
2007.01.15 11:12 B C:\Serguei_All\Brushes\cart\skin1\provider\main\shipping_rates.tpl <-- KolinskyArtBrushes /public_html/cart/skin1/provider/main shipping_rates.tpl
2007.01.15 11:12 B C:\Serguei_All\Brushes\cart\skin1\provider\main\tax_edit.tpl <-- KolinskyArtBrushes /public_html/cart/skin1/provider/main tax_edit.tpl
2007.01.15 11:12 B C:\Serguei_All\Brushes\cart\skin1\provider\main\tax_rates.tpl <-- KolinskyArtBrushes /public_html/cart/skin1/provider/main tax_rates.tpl
2007.01.15 11:12 B C:\Serguei_All\Brushes\cart\skin1\provider\main\taxes.tpl <-- KolinskyArtBrushes /public_html/cart/skin1/provider/main taxes.tpl
2007.01.15 11:12 B C:\Serguei_All\Brushes\cart\skin1\provider\main\welcome.tpl <-- KolinskyArtBrushes /public_html/cart/skin1/provider/main welcome.tpl
2007.01.15 11:12 B C:\Serguei_All\Brushes\cart\skin1\provider\main\zone_edit.tpl <-- KolinskyArtBrushes /public_html/cart/skin1/provider/main zone_edit.tpl
2007.01.15 11:12 B C:\Serguei_All\Brushes\cart\skin1\provider\main\zone_element.tpl <-- KolinskyArtBrushes /public_html/cart/skin1/provider/main zone_element.tpl
2007.01.15 11:12 B C:\Serguei_All\Brushes\cart\skin1\provider\main\zones.tpl <-- KolinskyArtBrushes /public_html/cart/skin1/provider/main zones.tpl
2007.01.15 11:30 B C:\Serguei_All\Vorojtsov.com\public_html\shop\skin1\provider\main\discounts.tpl --> ftp.vorojtsov.com /public_html/vorojtsov/shop/skin1/provider/main discounts.tpl
2007.01.15 11:30 B C:\Serguei_All\Vorojtsov.com\public_html\shop\skin1\provider\main\export.tpl --> ftp.vorojtsov.com /public_html/vorojtsov/shop/skin1/provider/main export.tpl
2007.01.15 11:30 B C:\Serguei_All\Vorojtsov.com\public_html\shop\skin1\provider\main\general.tpl --> ftp.vorojtsov.com /public_html/vorojtsov/shop/skin1/provider/main general.tpl
2007.01.15 11:30 B C:\Serguei_All\Vorojtsov.com\public_html\shop\skin1\provider\main\ie_delimiter.tpl --> ftp.vorojtsov.com /public_html/vorojtsov/shop/skin1/provider/main ie_delimiter.tpl
2007.01.15 11:30 B C:\Serguei_All\Vorojtsov.com\public_html\shop\skin1\provider\main\import.tpl --> ftp.vorojtsov.com /public_html/vorojtsov/shop/skin1/provider/main import.tpl
2007.01.15 11:30 B C:\Serguei_All\Vorojtsov.com\public_html\shop\skin1\provider\main\import_errors.tpl --> ftp.vorojtsov.com /public_html/vorojtsov/shop/skin1/provider/main import_errors.tpl
2007.01.15 11:30 B C:\Serguei_All\Vorojtsov.com\public_html\shop\skin1\provider\main\import_images.tpl --> ftp.vorojtsov.com /public_html/vorojtsov/shop/skin1/provider/main import_images.tpl
2007.01.15 11:30 B C:\Serguei_All\Vorojtsov.com\public_html\shop\skin1\provider\main\import_results.tpl --> ftp.vorojtsov.com /public_html/vorojtsov/shop/skin1/provider/main import_results.tpl
2007.01.15 11:30 B C:\Serguei_All\Vorojtsov.com\public_html\shop\skin1\provider\main\inv_update.tpl --> ftp.vorojtsov.com /public_html/vorojtsov/shop/skin1/provider/main inv_update.tpl
2007.01.15 11:30 B C:\Serguei_All\Vorojtsov.com\public_html\shop\skin1\provider\main\promotions.tpl --> ftp.vorojtsov.com /public_html/vorojtsov/shop/skin1/provider/main promotions.tpl
2007.01.15 11:30 B C:\Serguei_All\Vorojtsov.com\public_html\shop\skin1\provider\main\register.tpl --> ftp.vorojtsov.com /public_html/vorojtsov/shop/skin1/provider/main register.tpl
2007.01.15 11:30 B C:\Serguei_All\Vorojtsov.com\public_html\shop\skin1\provider\main\secure_login_form.tpl --> ftp.vorojtsov.com /public_html/vorojtsov/shop/skin1/provider/main secure_login_form.tpl
2007.01.15 11:30 B C:\Serguei_All\Vorojtsov.com\public_html\shop\skin1\provider\main\shipping_rates.tpl --> ftp.vorojtsov.com /public_html/vorojtsov/shop/skin1/provider/main shipping_rates.tpl
2007.01.15 11:30 B C:\Serguei_All\Vorojtsov.com\public_html\shop\skin1\provider\main\tax_edit.tpl --> ftp.vorojtsov.com /public_html/vorojtsov/shop/skin1/provider/main tax_edit.tpl
2007.01.15 11:30 B C:\Serguei_All\Vorojtsov.com\public_html\shop\skin1\provider\main\tax_rates.tpl --> ftp.vorojtsov.com /public_html/vorojtsov/shop/skin1/provider/main tax_rates.tpl
2007.01.15 11:30 B C:\Serguei_All\Vorojtsov.com\public_html\shop\skin1\provider\main\taxes.tpl --> ftp.vorojtsov.com /public_html/vorojtsov/shop/skin1/provider/main taxes.tpl
2007.01.15 11:30 B C:\Serguei_All\Vorojtsov.com\public_html\shop\skin1\provider\main\welcome.tpl --> ftp.vorojtsov.com /public_html/vorojtsov/shop/skin1/provider/main welcome.tpl
