2007.01.15 11:06 B C:\Serguei_All\Brushes\cart\skin1\images\add_obj.gif <-- KolinskyArtBrushes /public_html/cart/skin1/images add_obj.gif
2007.01.15 11:06 B C:\Serguei_All\Brushes\cart\skin1\images\admin_xlogo.gif <-- KolinskyArtBrushes /public_html/cart/skin1/images admin_xlogo.gif
2007.01.15 11:06 B C:\Serguei_All\Brushes\cart\skin1\images\bluespacer.gif <-- KolinskyArtBrushes /public_html/cart/skin1/images bluespacer.gif
2007.01.15 11:06 B C:\Serguei_All\Brushes\cart\skin1\images\bottom-left.jpg <-- KolinskyArtBrushes /public_html/cart/skin1/images bottom-left.jpg
2007.01.15 11:06 B C:\Serguei_All\Brushes\cart\skin1\images\bottom-right.jpg <-- KolinskyArtBrushes /public_html/cart/skin1/images bottom-right.jpg
2007.01.15 11:06 B C:\Serguei_All\Brushes\cart\skin1\images\but1.gif <-- KolinskyArtBrushes /public_html/cart/skin1/images but1.gif
2007.01.15 11:06 B C:\Serguei_All\Brushes\cart\skin1\images\but2.gif <-- KolinskyArtBrushes /public_html/cart/skin1/images but2.gif
2007.01.15 11:06 B C:\Serguei_All\Brushes\cart\skin1\images\butbg.gif <-- KolinskyArtBrushes /public_html/cart/skin1/images butbg.gif
2007.01.15 11:06 B C:\Serguei_All\Brushes\cart\skin1\images\cancel.gif <-- KolinskyArtBrushes /public_html/cart/skin1/images cancel.gif
2007.01.15 11:06 B C:\Serguei_All\Brushes\cart\skin1\images\cart_empty.gif <-- KolinskyArtBrushes /public_html/cart/skin1/images cart_empty.gif
2007.01.15 11:06 B C:\Serguei_All\Brushes\cart\skin1\images\cart_full.gif <-- KolinskyArtBrushes /public_html/cart/skin1/images cart_full.gif
2007.01.15 11:06 B C:\Serguei_All\Brushes\cart\skin1\images\ccards-cvv2-aex.gif <-- KolinskyArtBrushes /public_html/cart/skin1/images ccards-cvv2-aex.gif
2007.01.15 11:06 B C:\Serguei_All\Brushes\cart\skin1\images\ccards-cvv2-visa.gif <-- KolinskyArtBrushes /public_html/cart/skin1/images ccards-cvv2-visa.gif
2007.01.15 11:06 B C:\Serguei_All\Brushes\cart\skin1\images\certified_cart.gif <-- KolinskyArtBrushes /public_html/cart/skin1/images certified_cart.gif
2007.01.15 11:06 B C:\Serguei_All\Brushes\cart\skin1\images\clear.gif <-- KolinskyArtBrushes /public_html/cart/skin1/images clear.gif
2007.01.15 11:06 B C:\Serguei_All\Brushes\cart\skin1\images\close.gif <-- KolinskyArtBrushes /public_html/cart/skin1/images close.gif
2007.01.15 11:06 B C:\Serguei_All\Brushes\cart\skin1\images\close_a.gif <-- KolinskyArtBrushes /public_html/cart/skin1/images close_a.gif
2007.01.15 11:06 B C:\Serguei_All\Brushes\cart\skin1\images\companyname_small.gif <-- KolinskyArtBrushes /public_html/cart/skin1/images companyname_small.gif
2007.01.15 11:06 B C:\Serguei_All\Brushes\cart\skin1\images\companyname_small_old.gif <-- KolinskyArtBrushes /public_html/cart/skin1/images companyname_small_old.gif
2007.01.15 11:06 B C:\Serguei_All\Brushes\cart\skin1\images\compare1.gif <-- KolinskyArtBrushes /public_html/cart/skin1/images compare1.gif
2007.01.15 11:06 B C:\Serguei_All\Brushes\cart\skin1\images\compare2.gif <-- KolinskyArtBrushes /public_html/cart/skin1/images compare2.gif
2007.01.15 11:06 B C:\Serguei_All\Brushes\cart\skin1\images\compare3.gif <-- KolinskyArtBrushes /public_html/cart/skin1/images compare3.gif
2007.01.15 11:06 B C:\Serguei_All\Brushes\cart\skin1\images\compare_mark.gif <-- KolinskyArtBrushes /public_html/cart/skin1/images compare_mark.gif
2007.01.15 11:06 B C:\Serguei_All\Brushes\cart\skin1\images\copy.gif <-- KolinskyArtBrushes /public_html/cart/skin1/images copy.gif
2007.01.15 11:06 B C:\Serguei_All\Brushes\cart\skin1\images\darrow.gif <-- KolinskyArtBrushes /public_html/cart/skin1/images darrow.gif
2007.01.15 11:06 B C:\Serguei_All\Brushes\cart\skin1\images\delete_obj.gif <-- KolinskyArtBrushes /public_html/cart/skin1/images delete_obj.gif
2007.01.15 11:06 B C:\Serguei_All\Brushes\cart\skin1\images\dialog_1.gif <-- KolinskyArtBrushes /public_html/cart/skin1/images dialog_1.gif
2007.01.15 11:06 B C:\Serguei_All\Brushes\cart\skin1\images\dialog_2.gif <-- KolinskyArtBrushes /public_html/cart/skin1/images dialog_2.gif
2007.01.15 11:06 B C:\Serguei_All\Brushes\cart\skin1\images\dialog_bg.gif <-- KolinskyArtBrushes /public_html/cart/skin1/images dialog_bg.gif
2007.01.15 11:06 B C:\Serguei_All\Brushes\cart\skin1\images\dialog_bg_n.gif <-- KolinskyArtBrushes /public_html/cart/skin1/images dialog_bg_n.gif
2007.01.15 11:06 B C:\Serguei_All\Brushes\cart\skin1\images\dingbats_affiliates.gif <-- KolinskyArtBrushes /public_html/cart/skin1/images dingbats_affiliates.gif
2007.01.15 11:06 B C:\Serguei_All\Brushes\cart\skin1\images\dingbats_authentification.gif <-- KolinskyArtBrushes /public_html/cart/skin1/images dingbats_authentification.gif
2007.01.15 11:06 B C:\Serguei_All\Brushes\cart\skin1\images\dingbats_categorie.gif <-- KolinskyArtBrushes /public_html/cart/skin1/images dingbats_categorie.gif
2007.01.15 11:06 B C:\Serguei_All\Brushes\cart\skin1\images\dingbats_help.gif <-- KolinskyArtBrushes /public_html/cart/skin1/images dingbats_help.gif
2007.01.15 11:06 B C:\Serguei_All\Brushes\cart\skin1\images\dingbats_news.gif <-- KolinskyArtBrushes /public_html/cart/skin1/images dingbats_news.gif
2007.01.15 11:06 B C:\Serguei_All\Brushes\cart\skin1\images\dingbats_orders.gif <-- KolinskyArtBrushes /public_html/cart/skin1/images dingbats_orders.gif
2007.01.15 11:07 B C:\Serguei_All\Brushes\cart\skin1\images\dingbats_products.gif <-- KolinskyArtBrushes /public_html/cart/skin1/images dingbats_products.gif
2007.01.15 11:07 B C:\Serguei_All\Brushes\cart\skin1\images\dingbats_profil.gif <-- KolinskyArtBrushes /public_html/cart/skin1/images dingbats_profil.gif
2007.01.15 11:07 B C:\Serguei_All\Brushes\cart\skin1\images\doc.gif <-- KolinskyArtBrushes /public_html/cart/skin1/images doc.gif
2007.01.15 11:07 B C:\Serguei_All\Brushes\cart\skin1\images\flash.gif <-- KolinskyArtBrushes /public_html/cart/skin1/images flash.gif
2007.01.15 11:07 B C:\Serguei_All\Brushes\cart\skin1\images\flash_icon1.gif <-- KolinskyArtBrushes /public_html/cart/skin1/images flash_icon1.gif
2007.01.15 11:07 B C:\Serguei_All\Brushes\cart\skin1\images\folder.gif <-- KolinskyArtBrushes /public_html/cart/skin1/images folder.gif
2007.01.15 11:07 B C:\Serguei_All\Brushes\cart\skin1\images\gift.gif <-- KolinskyArtBrushes /public_html/cart/skin1/images gift.gif
2007.01.15 11:07 B C:\Serguei_All\Brushes\cart\skin1\images\go.gif <-- KolinskyArtBrushes /public_html/cart/skin1/images go.gif
2007.01.15 11:07 B C:\Serguei_All\Brushes\cart\skin1\images\go_menu.gif <-- KolinskyArtBrushes /public_html/cart/skin1/images go_menu.gif
2007.01.15 11:07 B C:\Serguei_All\Brushes\cart\skin1\images\godaddy.gif <-- KolinskyArtBrushes /public_html/cart/skin1/images godaddy.gif
2007.01.15 11:07 B C:\Serguei_All\Brushes\cart\skin1\images\goto_arr.gif <-- KolinskyArtBrushes /public_html/cart/skin1/images goto_arr.gif
2007.01.15 11:07 B C:\Serguei_All\Brushes\cart\skin1\images\header.jpg <-- KolinskyArtBrushes /public_html/cart/skin1/images header.jpg
2007.01.15 11:07 B C:\Serguei_All\Brushes\cart\skin1\images\larrow.gif <-- KolinskyArtBrushes /public_html/cart/skin1/images larrow.gif
2007.01.15 11:07 B C:\Serguei_All\Brushes\cart\skin1\images\larrow_2.gif <-- KolinskyArtBrushes /public_html/cart/skin1/images larrow_2.gif
2007.01.15 11:07 B C:\Serguei_All\Brushes\cart\skin1\images\lena-logo.jpg <-- KolinskyArtBrushes /public_html/cart/skin1/images lena-logo.jpg
2007.01.15 11:07 B C:\Serguei_All\Brushes\cart\skin1\images\livechat.gif <-- KolinskyArtBrushes /public_html/cart/skin1/images livechat.gif
2007.01.15 11:07 B C:\Serguei_All\Brushes\cart\skin1\images\log_type_Error.gif <-- KolinskyArtBrushes /public_html/cart/skin1/images log_type_Error.gif
2007.01.15 11:07 B C:\Serguei_All\Brushes\cart\skin1\images\log_type_Information.gif <-- KolinskyArtBrushes /public_html/cart/skin1/images log_type_Information.gif
2007.01.15 11:07 B C:\Serguei_All\Brushes\cart\skin1\images\log_type_Warning.gif <-- KolinskyArtBrushes /public_html/cart/skin1/images log_type_Warning.gif
2007.01.15 11:07 B C:\Serguei_All\Brushes\cart\skin1\images\logo.gif <-- KolinskyArtBrushes /public_html/cart/skin1/images logo.gif
2007.01.15 11:07 B C:\Serguei_All\Brushes\cart\skin1\images\logo_gold.gif <-- KolinskyArtBrushes /public_html/cart/skin1/images logo_gold.gif
2007.01.15 11:07 B C:\Serguei_All\Brushes\cart\skin1\images\logo_pro.gif <-- KolinskyArtBrushes /public_html/cart/skin1/images logo_pro.gif
2007.01.15 11:07 B C:\Serguei_All\Brushes\cart\skin1\images\m_amex.gif <-- KolinskyArtBrushes /public_html/cart/skin1/images m_amex.gif
2007.01.15 11:07 B C:\Serguei_All\Brushes\cart\skin1\images\m_discover.gif <-- KolinskyArtBrushes /public_html/cart/skin1/images m_discover.gif
2007.01.15 11:07 B C:\Serguei_All\Brushes\cart\skin1\images\m_mcard.gif <-- KolinskyArtBrushes /public_html/cart/skin1/images m_mcard.gif
2007.01.15 11:07 B C:\Serguei_All\Brushes\cart\skin1\images\m_visa.gif <-- KolinskyArtBrushes /public_html/cart/skin1/images m_visa.gif
2007.01.15 11:07 B C:\Serguei_All\Brushes\cart\skin1\images\main-back.jpg <-- KolinskyArtBrushes /public_html/cart/skin1/images main-back.jpg
2007.01.15 11:07 B C:\Serguei_All\Brushes\cart\skin1\images\mcsc_logo.gif <-- KolinskyArtBrushes /public_html/cart/skin1/images mcsc_logo.gif
2007.01.15 11:07 B C:\Serguei_All\Brushes\cart\skin1\images\minicart.gif <-- KolinskyArtBrushes /public_html/cart/skin1/images minicart.gif
2007.01.15 11:07 B C:\Serguei_All\Brushes\cart\skin1\images\minus.gif <-- KolinskyArtBrushes /public_html/cart/skin1/images minus.gif
2007.01.15 11:07 B C:\Serguei_All\Brushes\cart\skin1\images\netbanxlogo.gif <-- KolinskyArtBrushes /public_html/cart/skin1/images netbanxlogo.gif
2007.01.15 11:07 B C:\Serguei_All\Brushes\cart\skin1\images\no_ip.gif <-- KolinskyArtBrushes /public_html/cart/skin1/images no_ip.gif
2007.01.15 11:07 B C:\Serguei_All\Brushes\cart\skin1\images\null.gif <-- KolinskyArtBrushes /public_html/cart/skin1/images null.gif
2007.01.15 11:07 B C:\Serguei_All\Brushes\cart\skin1\images\open_a.gif <-- KolinskyArtBrushes /public_html/cart/skin1/images open_a.gif
2007.01.15 11:07 B C:\Serguei_All\Brushes\cart\skin1\images\page.gif <-- KolinskyArtBrushes /public_html/cart/skin1/images page.gif
2007.01.15 11:07 B C:\Serguei_All\Brushes\cart\skin1\images\page_wide.gif <-- KolinskyArtBrushes /public_html/cart/skin1/images page_wide.gif
2007.01.15 11:07 B C:\Serguei_All\Brushes\cart\skin1\images\payments.gif <-- KolinskyArtBrushes /public_html/cart/skin1/images payments.gif
2007.01.15 11:07 B C:\Serguei_All\Brushes\cart\skin1\images\pdf.gif <-- KolinskyArtBrushes /public_html/cart/skin1/images pdf.gif
2007.01.15 11:07 B C:\Serguei_All\Brushes\cart\skin1\images\plus.gif <-- KolinskyArtBrushes /public_html/cart/skin1/images plus.gif
2007.01.15 11:07 B C:\Serguei_All\Brushes\cart\skin1\images\powered.gif <-- KolinskyArtBrushes /public_html/cart/skin1/images powered.gif
2007.01.15 11:07 B C:\Serguei_All\Brushes\cart\skin1\images\preview.gif <-- KolinskyArtBrushes /public_html/cart/skin1/images preview.gif
2007.01.15 11:07 B C:\Serguei_All\Brushes\cart\skin1\images\preview_img.gif <-- KolinskyArtBrushes /public_html/cart/skin1/images preview_img.gif
2007.01.15 11:07 B C:\Serguei_All\Brushes\cart\skin1\images\print.gif <-- KolinskyArtBrushes /public_html/cart/skin1/images print.gif
2007.01.15 11:07 B C:\Serguei_All\Brushes\cart\skin1\images\printer.gif <-- KolinskyArtBrushes /public_html/cart/skin1/images printer.gif
2007.01.15 11:07 B C:\Serguei_All\Brushes\cart\skin1\images\prodconf.gif <-- KolinskyArtBrushes /public_html/cart/skin1/images prodconf.gif
2007.01.15 11:07 B C:\Serguei_All\Brushes\cart\skin1\images\question.gif <-- KolinskyArtBrushes /public_html/cart/skin1/images question.gif
2007.01.15 11:07 B C:\Serguei_All\Brushes\cart\skin1\images\question_button.gif <-- KolinskyArtBrushes /public_html/cart/skin1/images question_button.gif
2007.01.15 11:07 B C:\Serguei_All\Brushes\cart\skin1\images\r_bottom.gif <-- KolinskyArtBrushes /public_html/cart/skin1/images r_bottom.gif
2007.01.15 11:07 B C:\Serguei_All\Brushes\cart\skin1\images\r_top.gif <-- KolinskyArtBrushes /public_html/cart/skin1/images r_top.gif
2007.01.15 11:07 B C:\Serguei_All\Brushes\cart\skin1\images\rarrow.gif <-- KolinskyArtBrushes /public_html/cart/skin1/images rarrow.gif
2007.01.15 11:07 B C:\Serguei_All\Brushes\cart\skin1\images\rarrow2.gif <-- KolinskyArtBrushes /public_html/cart/skin1/images rarrow2.gif
2007.01.15 11:07 B C:\Serguei_All\Brushes\cart\skin1\images\rarrow_2.gif <-- KolinskyArtBrushes /public_html/cart/skin1/images rarrow_2.gif
2007.01.15 11:07 B C:\Serguei_All\Brushes\cart\skin1\images\real-player.gif <-- KolinskyArtBrushes /public_html/cart/skin1/images real-player.gif
2007.01.15 11:07 B C:\Serguei_All\Brushes\cart\skin1\images\save.gif <-- KolinskyArtBrushes /public_html/cart/skin1/images save.gif
2007.01.15 11:07 B C:\Serguei_All\Brushes\cart\skin1\images\save_money.gif <-- KolinskyArtBrushes /public_html/cart/skin1/images save_money.gif
2007.01.15 11:07 B C:\Serguei_All\Brushes\cart\skin1\images\search-top.gif <-- KolinskyArtBrushes /public_html/cart/skin1/images search-top.gif
2007.01.15 11:07 B C:\Serguei_All\Brushes\cart\skin1\images\separator.gif <-- KolinskyArtBrushes /public_html/cart/skin1/images separator.gif
2007.01.15 11:07 B C:\Serguei_All\Brushes\cart\skin1\images\spacer.gif <-- KolinskyArtBrushes /public_html/cart/skin1/images spacer.gif
2007.01.15 11:07 B C:\Serguei_All\Brushes\cart\skin1\images\spacer_black.gif <-- KolinskyArtBrushes /public_html/cart/skin1/images spacer_black.gif
2007.01.15 11:07 B C:\Serguei_All\Brushes\cart\skin1\images\sponsor.gif <-- KolinskyArtBrushes /public_html/cart/skin1/images sponsor.gif
2007.01.15 11:07 B C:\Serguei_All\Brushes\cart\skin1\images\star_0.gif <-- KolinskyArtBrushes /public_html/cart/skin1/images star_0.gif
2007.01.15 11:07 B C:\Serguei_All\Brushes\cart\skin1\images\star_1.gif <-- KolinskyArtBrushes /public_html/cart/skin1/images star_1.gif
2007.01.15 11:07 B C:\Serguei_All\Brushes\cart\skin1\images\star_2.gif <-- KolinskyArtBrushes /public_html/cart/skin1/images star_2.gif
2007.01.15 11:07 B C:\Serguei_All\Brushes\cart\skin1\images\star_3.gif <-- KolinskyArtBrushes /public_html/cart/skin1/images star_3.gif
2007.01.15 11:07 B C:\Serguei_All\Brushes\cart\skin1\images\star_4.gif <-- KolinskyArtBrushes /public_html/cart/skin1/images star_4.gif
2007.01.15 11:07 B C:\Serguei_All\Brushes\cart\skin1\images\tab_b.gif <-- KolinskyArtBrushes /public_html/cart/skin1/images tab_b.gif
2007.01.15 11:07 B C:\Serguei_All\Brushes\cart\skin1\images\tab_c1.gif <-- KolinskyArtBrushes /public_html/cart/skin1/images tab_c1.gif
2007.01.15 11:07 B C:\Serguei_All\Brushes\cart\skin1\images\tab_c2.gif <-- KolinskyArtBrushes /public_html/cart/skin1/images tab_c2.gif
2007.01.15 11:07 B C:\Serguei_All\Brushes\cart\skin1\images\tab_l.gif <-- KolinskyArtBrushes /public_html/cart/skin1/images tab_l.gif
2007.01.15 11:07 B C:\Serguei_All\Brushes\cart\skin1\images\tab_r.gif <-- KolinskyArtBrushes /public_html/cart/skin1/images tab_r.gif
2007.01.15 11:07 B C:\Serguei_All\Brushes\cart\skin1\images\top-left.jpg <-- KolinskyArtBrushes /public_html/cart/skin1/images top-left.jpg
2007.01.15 11:07 B C:\Serguei_All\Brushes\cart\skin1\images\top-right.jpg <-- KolinskyArtBrushes /public_html/cart/skin1/images top-right.jpg
2007.01.15 11:07 B C:\Serguei_All\Brushes\cart\skin1\images\top1.gif <-- KolinskyArtBrushes /public_html/cart/skin1/images top1.gif
2007.01.15 11:07 B C:\Serguei_All\Brushes\cart\skin1\images\top2.gif <-- KolinskyArtBrushes /public_html/cart/skin1/images top2.gif
2007.01.15 11:07 B C:\Serguei_All\Brushes\cart\skin1\images\tree_end.gif <-- KolinskyArtBrushes /public_html/cart/skin1/images tree_end.gif
2007.01.15 11:07 B C:\Serguei_All\Brushes\cart\skin1\images\tree_point.gif <-- KolinskyArtBrushes /public_html/cart/skin1/images tree_point.gif
2007.01.15 11:07 B C:\Serguei_All\Brushes\cart\skin1\images\tree_v.gif <-- KolinskyArtBrushes /public_html/cart/skin1/images tree_v.gif
2007.01.15 11:07 B C:\Serguei_All\Brushes\cart\skin1\images\uarrow.gif <-- KolinskyArtBrushes /public_html/cart/skin1/images uarrow.gif
2007.01.15 11:07 B C:\Serguei_All\Brushes\cart\skin1\images\ups_logo.gif <-- KolinskyArtBrushes /public_html/cart/skin1/images ups_logo.gif
2007.01.15 11:07 B C:\Serguei_All\Brushes\cart\skin1\images\vbv_logo.gif <-- KolinskyArtBrushes /public_html/cart/skin1/images vbv_logo.gif
2007.01.15 11:07 B C:\Serguei_All\Brushes\cart\skin1\images\vbv_pure_logo.gif <-- KolinskyArtBrushes /public_html/cart/skin1/images vbv_pure_logo.gif
2007.01.15 11:07 B C:\Serguei_All\Brushes\cart\skin1\images\word.gif <-- KolinskyArtBrushes /public_html/cart/skin1/images word.gif
2007.01.15 11:07 B C:\Serguei_All\Brushes\cart\skin1\images\xcart_logo.gif <-- KolinskyArtBrushes /public_html/cart/skin1/images xcart_logo.gif
2007.01.15 11:07 B C:\Serguei_All\Brushes\cart\skin1\images\xlogo.gif <-- KolinskyArtBrushes /public_html/cart/skin1/images xlogo.gif
2007.01.15 11:07 B C:\Serguei_All\Brushes\cart\skin1\images\zoom.gif <-- KolinskyArtBrushes /public_html/cart/skin1/images zoom.gif
2007.01.15 11:26 B C:\Serguei_All\Vorojtsov.com\public_html\shop\skin1\images\add_obj.gif --> ftp.vorojtsov.com /public_html/vorojtsov/shop/skin1/images add_obj.gif
2007.01.15 11:26 B C:\Serguei_All\Vorojtsov.com\public_html\shop\skin1\images\admin_xlogo.gif --> ftp.vorojtsov.com /public_html/vorojtsov/shop/skin1/images admin_xlogo.gif
2007.01.15 11:26 B C:\Serguei_All\Vorojtsov.com\public_html\shop\skin1\images\bluespacer.gif --> ftp.vorojtsov.com /public_html/vorojtsov/shop/skin1/images bluespacer.gif
2007.01.15 11:26 B C:\Serguei_All\Vorojtsov.com\public_html\shop\skin1\images\bottom-left.jpg --> ftp.vorojtsov.com /public_html/vorojtsov/shop/skin1/images bottom-left.jpg
2007.01.15 11:26 B C:\Serguei_All\Vorojtsov.com\public_html\shop\skin1\images\bottom-right.jpg --> ftp.vorojtsov.com /public_html/vorojtsov/shop/skin1/images bottom-right.jpg
2007.01.15 11:26 B C:\Serguei_All\Vorojtsov.com\public_html\shop\skin1\images\but1.gif --> ftp.vorojtsov.com /public_html/vorojtsov/shop/skin1/images but1.gif
2007.01.15 11:26 B C:\Serguei_All\Vorojtsov.com\public_html\shop\skin1\images\but2.gif --> ftp.vorojtsov.com /public_html/vorojtsov/shop/skin1/images but2.gif
2007.01.15 11:26 B C:\Serguei_All\Vorojtsov.com\public_html\shop\skin1\images\butbg.gif --> ftp.vorojtsov.com /public_html/vorojtsov/shop/skin1/images butbg.gif
2007.01.15 11:26 B C:\Serguei_All\Vorojtsov.com\public_html\shop\skin1\images\cancel.gif --> ftp.vorojtsov.com /public_html/vorojtsov/shop/skin1/images cancel.gif
2007.01.15 11:26 B C:\Serguei_All\Vorojtsov.com\public_html\shop\skin1\images\cart_empty.gif --> ftp.vorojtsov.com /public_html/vorojtsov/shop/skin1/images cart_empty.gif
2007.01.15 11:26 B C:\Serguei_All\Vorojtsov.com\public_html\shop\skin1\images\cart_full.gif --> ftp.vorojtsov.com /public_html/vorojtsov/shop/skin1/images cart_full.gif
2007.01.15 11:26 B C:\Serguei_All\Vorojtsov.com\public_html\shop\skin1\images\ccards-cvv2-aex.gif --> ftp.vorojtsov.com /public_html/vorojtsov/shop/skin1/images ccards-cvv2-aex.gif
2007.01.15 11:26 B C:\Serguei_All\Vorojtsov.com\public_html\shop\skin1\images\ccards-cvv2-visa.gif --> ftp.vorojtsov.com /public_html/vorojtsov/shop/skin1/images ccards-cvv2-visa.gif
2007.01.15 11:26 B C:\Serguei_All\Vorojtsov.com\public_html\shop\skin1\images\certified_cart.gif --> ftp.vorojtsov.com /public_html/vorojtsov/shop/skin1/images certified_cart.gif
2007.01.15 11:26 B C:\Serguei_All\Vorojtsov.com\public_html\shop\skin1\images\clear.gif --> ftp.vorojtsov.com /public_html/vorojtsov/shop/skin1/images clear.gif
2007.01.15 11:26 B C:\Serguei_All\Vorojtsov.com\public_html\shop\skin1\images\close.gif --> ftp.vorojtsov.com /public_html/vorojtsov/shop/skin1/images close.gif
2007.01.15 11:26 B C:\Serguei_All\Vorojtsov.com\public_html\shop\skin1\images\close_a.gif --> ftp.vorojtsov.com /public_html/vorojtsov/shop/skin1/images close_a.gif
2007.01.15 11:26 B C:\Serguei_All\Vorojtsov.com\public_html\shop\skin1\images\companyname_small.gif --> ftp.vorojtsov.com /public_html/vorojtsov/shop/skin1/images companyname_small.gif
2007.01.15 11:26 B C:\Serguei_All\Vorojtsov.com\public_html\shop\skin1\images\companyname_small_old.gif --> ftp.vorojtsov.com /public_html/vorojtsov/shop/skin1/images companyname_small_old.gif
2007.01.15 11:26 B C:\Serguei_All\Vorojtsov.com\public_html\shop\skin1\images\compare1.gif --> ftp.vorojtsov.com /public_html/vorojtsov/shop/skin1/images compare1.gif
2007.01.15 11:26 B C:\Serguei_All\Vorojtsov.com\public_html\shop\skin1\images\compare2.gif --> ftp.vorojtsov.com /public_html/vorojtsov/shop/skin1/images compare2.gif
2007.01.15 11:26 B C:\Serguei_All\Vorojtsov.com\public_html\shop\skin1\images\compare3.gif --> ftp.vorojtsov.com /public_html/vorojtsov/shop/skin1/images compare3.gif
2007.01.15 11:26 B C:\Serguei_All\Vorojtsov.com\public_html\shop\skin1\images\compare_mark.gif --> ftp.vorojtsov.com /public_html/vorojtsov/shop/skin1/images compare_mark.gif
2007.01.15 11:26 B C:\Serguei_All\Vorojtsov.com\public_html\shop\skin1\images\copy.gif --> ftp.vorojtsov.com /public_html/vorojtsov/shop/skin1/images copy.gif
2007.01.15 11:26 B C:\Serguei_All\Vorojtsov.com\public_html\shop\skin1\images\darrow.gif --> ftp.vorojtsov.com /public_html/vorojtsov/shop/skin1/images darrow.gif
2007.01.15 11:26 B C:\Serguei_All\Vorojtsov.com\public_html\shop\skin1\images\delete_obj.gif --> ftp.vorojtsov.com /public_html/vorojtsov/shop/skin1/images delete_obj.gif
2007.01.15 11:26 B C:\Serguei_All\Vorojtsov.com\public_html\shop\skin1\images\dialog_1.gif --> ftp.vorojtsov.com /public_html/vorojtsov/shop/skin1/images dialog_1.gif
2007.01.15 11:26 B C:\Serguei_All\Vorojtsov.com\public_html\shop\skin1\images\dialog_2.gif --> ftp.vorojtsov.com /public_html/vorojtsov/shop/skin1/images dialog_2.gif
2007.01.15 11:26 B C:\Serguei_All\Vorojtsov.com\public_html\shop\skin1\images\dialog_bg.gif --> ftp.vorojtsov.com /public_html/vorojtsov/shop/skin1/images dialog_bg.gif
2007.01.15 11:26 B C:\Serguei_All\Vorojtsov.com\public_html\shop\skin1\images\dialog_bg_n.gif --> ftp.vorojtsov.com /public_html/vorojtsov/shop/skin1/images dialog_bg_n.gif
2007.01.15 11:26 B C:\Serguei_All\Vorojtsov.com\public_html\shop\skin1\images\dingbats_affiliates.gif --> ftp.vorojtsov.com /public_html/vorojtsov/shop/skin1/images dingbats_affiliates.gif
2007.01.15 11:26 B C:\Serguei_All\Vorojtsov.com\public_html\shop\skin1\images\dingbats_authentification.gif --> ftp.vorojtsov.com /public_html/vorojtsov/shop/skin1/images dingbats_authentification.gif
2007.01.15 11:26 B C:\Serguei_All\Vorojtsov.com\public_html\shop\skin1\images\dingbats_categorie.gif --> ftp.vorojtsov.com /public_html/vorojtsov/shop/skin1/images dingbats_categorie.gif
2007.01.15 11:26 B C:\Serguei_All\Vorojtsov.com\public_html\shop\skin1\images\dingbats_help.gif --> ftp.vorojtsov.com /public_html/vorojtsov/shop/skin1/images dingbats_help.gif
2007.01.15 11:26 B C:\Serguei_All\Vorojtsov.com\public_html\shop\skin1\images\dingbats_news.gif --> ftp.vorojtsov.com /public_html/vorojtsov/shop/skin1/images dingbats_news.gif
2007.01.15 11:26 B C:\Serguei_All\Vorojtsov.com\public_html\shop\skin1\images\dingbats_orders.gif --> ftp.vorojtsov.com /public_html/vorojtsov/shop/skin1/images dingbats_orders.gif
2007.01.15 11:26 B C:\Serguei_All\Vorojtsov.com\public_html\shop\skin1\images\dingbats_products.gif --> ftp.vorojtsov.com /public_html/vorojtsov/shop/skin1/images dingbats_products.gif
2007.01.15 11:26 B C:\Serguei_All\Vorojtsov.com\public_html\shop\skin1\images\dingbats_profil.gif --> ftp.vorojtsov.com /public_html/vorojtsov/shop/skin1/images dingbats_profil.gif
2007.01.15 11:26 B C:\Serguei_All\Vorojtsov.com\public_html\shop\skin1\images\doc.gif --> ftp.vorojtsov.com /public_html/vorojtsov/shop/skin1/images doc.gif
2007.01.15 11:26 B C:\Serguei_All\Vorojtsov.com\public_html\shop\skin1\images\flash.gif --> ftp.vorojtsov.com /public_html/vorojtsov/shop/skin1/images flash.gif
2007.01.15 11:26 B C:\Serguei_All\Vorojtsov.com\public_html\shop\skin1\images\flash_icon1.gif --> ftp.vorojtsov.com /public_html/vorojtsov/shop/skin1/images flash_icon1.gif
2007.01.15 11:26 B C:\Serguei_All\Vorojtsov.com\public_html\shop\skin1\images\folder.gif --> ftp.vorojtsov.com /public_html/vorojtsov/shop/skin1/images folder.gif
2007.01.15 11:26 B C:\Serguei_All\Vorojtsov.com\public_html\shop\skin1\images\gift.gif --> ftp.vorojtsov.com /public_html/vorojtsov/shop/skin1/images gift.gif
2007.01.15 11:26 B C:\Serguei_All\Vorojtsov.com\public_html\shop\skin1\images\go.gif --> ftp.vorojtsov.com /public_html/vorojtsov/shop/skin1/images go.gif
2007.01.15 11:26 B C:\Serguei_All\Vorojtsov.com\public_html\shop\skin1\images\go_menu.gif --> ftp.vorojtsov.com /public_html/vorojtsov/shop/skin1/images go_menu.gif
2007.01.15 11:26 B C:\Serguei_All\Vorojtsov.com\public_html\shop\skin1\images\godaddy.gif --> ftp.vorojtsov.com /public_html/vorojtsov/shop/skin1/images godaddy.gif
2007.01.15 11:26 B C:\Serguei_All\Vorojtsov.com\public_html\shop\skin1\images\goto_arr.gif --> ftp.vorojtsov.com /public_html/vorojtsov/shop/skin1/images goto_arr.gif
2007.01.15 11:26 B C:\Serguei_All\Vorojtsov.com\public_html\shop\skin1\images\header.jpg --> ftp.vorojtsov.com /public_html/vorojtsov/shop/skin1/images header.jpg
2007.01.15 11:26 B C:\Serguei_All\Vorojtsov.com\public_html\shop\skin1\images\larrow.gif --> ftp.vorojtsov.com /public_html/vorojtsov/shop/skin1/images larrow.gif
2007.01.15 11:26 B C:\Serguei_All\Vorojtsov.com\public_html\shop\skin1\images\larrow_2.gif --> ftp.vorojtsov.com /public_html/vorojtsov/shop/skin1/images larrow_2.gif
2007.01.15 11:26 B C:\Serguei_All\Vorojtsov.com\public_html\shop\skin1\images\lena-logo.jpg --> ftp.vorojtsov.com /public_html/vorojtsov/shop/skin1/images lena-logo.jpg
2007.01.15 11:26 B C:\Serguei_All\Vorojtsov.com\public_html\shop\skin1\images\livechat.gif --> ftp.vorojtsov.com /public_html/vorojtsov/shop/skin1/images livechat.gif
2007.01.15 11:26 B C:\Serguei_All\Vorojtsov.com\public_html\shop\skin1\images\log_type_Error.gif --> ftp.vorojtsov.com /public_html/vorojtsov/shop/skin1/images log_type_Error.gif
2007.01.15 11:26 B C:\Serguei_All\Vorojtsov.com\public_html\shop\skin1\images\log_type_Information.gif --> ftp.vorojtsov.com /public_html/vorojtsov/shop/skin1/images log_type_Information.gif
2007.01.15 11:26 B C:\Serguei_All\Vorojtsov.com\public_html\shop\skin1\images\log_type_Warning.gif --> ftp.vorojtsov.com /public_html/vorojtsov/shop/skin1/images log_type_Warning.gif
2007.01.15 11:26 B C:\Serguei_All\Vorojtsov.com\public_html\shop\skin1\images\logo.gif --> ftp.vorojtsov.com /public_html/vorojtsov/shop/skin1/images logo.gif
2007.01.15 11:26 B C:\Serguei_All\Vorojtsov.com\public_html\shop\skin1\images\logo_gold.gif --> ftp.vorojtsov.com /public_html/vorojtsov/shop/skin1/images logo_gold.gif
2007.01.15 11:26 B C:\Serguei_All\Vorojtsov.com\public_html\shop\skin1\images\logo_pro.gif --> ftp.vorojtsov.com /public_html/vorojtsov/shop/skin1/images logo_pro.gif
2007.01.15 11:26 B C:\Serguei_All\Vorojtsov.com\public_html\shop\skin1\images\m_amex.gif --> ftp.vorojtsov.com /public_html/vorojtsov/shop/skin1/images m_amex.gif
2007.01.15 11:26 B C:\Serguei_All\Vorojtsov.com\public_html\shop\skin1\images\m_discover.gif --> ftp.vorojtsov.com /public_html/vorojtsov/shop/skin1/images m_discover.gif
2007.01.15 11:26 B C:\Serguei_All\Vorojtsov.com\public_html\shop\skin1\images\m_mcard.gif --> ftp.vorojtsov.com /public_html/vorojtsov/shop/skin1/images m_mcard.gif
2007.01.15 11:26 B C:\Serguei_All\Vorojtsov.com\public_html\shop\skin1\images\m_visa.gif --> ftp.vorojtsov.com /public_html/vorojtsov/shop/skin1/images m_visa.gif
2007.01.15 11:26 B C:\Serguei_All\Vorojtsov.com\public_html\shop\skin1\images\main-back.jpg --> ftp.vorojtsov.com /public_html/vorojtsov/shop/skin1/images main-back.jpg
2007.01.15 11:26 B C:\Serguei_All\Vorojtsov.com\public_html\shop\skin1\images\mcsc_logo.gif --> ftp.vorojtsov.com /public_html/vorojtsov/shop/skin1/images mcsc_logo.gif
2007.01.15 11:26 B C:\Serguei_All\Vorojtsov.com\public_html\shop\skin1\images\minicart.gif --> ftp.vorojtsov.com /public_html/vorojtsov/shop/skin1/images minicart.gif
2007.01.15 11:26 B C:\Serguei_All\Vorojtsov.com\public_html\shop\skin1\images\minus.gif --> ftp.vorojtsov.com /public_html/vorojtsov/shop/skin1/images minus.gif
2007.01.15 11:26 B C:\Serguei_All\Vorojtsov.com\public_html\shop\skin1\images\netbanxlogo.gif --> ftp.vorojtsov.com /public_html/vorojtsov/shop/skin1/images netbanxlogo.gif
2007.01.15 11:26 B C:\Serguei_All\Vorojtsov.com\public_html\shop\skin1\images\no_ip.gif --> ftp.vorojtsov.com /public_html/vorojtsov/shop/skin1/images no_ip.gif
2007.01.15 11:26 B C:\Serguei_All\Vorojtsov.com\public_html\shop\skin1\images\null.gif --> ftp.vorojtsov.com /public_html/vorojtsov/shop/skin1/images null.gif
2007.01.15 11:26 B C:\Serguei_All\Vorojtsov.com\public_html\shop\skin1\images\open_a.gif --> ftp.vorojtsov.com /public_html/vorojtsov/shop/skin1/images open_a.gif
2007.01.15 11:26 B C:\Serguei_All\Vorojtsov.com\public_html\shop\skin1\images\page.gif --> ftp.vorojtsov.com /public_html/vorojtsov/shop/skin1/images page.gif
2007.01.15 11:26 B C:\Serguei_All\Vorojtsov.com\public_html\shop\skin1\images\page_wide.gif --> ftp.vorojtsov.com /public_html/vorojtsov/shop/skin1/images page_wide.gif
2007.01.15 11:26 B C:\Serguei_All\Vorojtsov.com\public_html\shop\skin1\images\payments.gif --> ftp.vorojtsov.com /public_html/vorojtsov/shop/skin1/images payments.gif
2007.01.15 11:26 B C:\Serguei_All\Vorojtsov.com\public_html\shop\skin1\images\pdf.gif --> ftp.vorojtsov.com /public_html/vorojtsov/shop/skin1/images pdf.gif
2007.01.15 11:26 B C:\Serguei_All\Vorojtsov.com\public_html\shop\skin1\images\plus.gif --> ftp.vorojtsov.com /public_html/vorojtsov/shop/skin1/images plus.gif
2007.01.15 11:26 B C:\Serguei_All\Vorojtsov.com\public_html\shop\skin1\images\powered.gif --> ftp.vorojtsov.com /public_html/vorojtsov/shop/skin1/images powered.gif
2007.01.15 11:26 B C:\Serguei_All\Vorojtsov.com\public_html\shop\skin1\images\preview.gif --> ftp.vorojtsov.com /public_html/vorojtsov/shop/skin1/images preview.gif
2007.01.15 11:26 B C:\Serguei_All\Vorojtsov.com\public_html\shop\skin1\images\preview_img.gif --> ftp.vorojtsov.com /public_html/vorojtsov/shop/skin1/images preview_img.gif
2007.01.15 11:26 B C:\Serguei_All\Vorojtsov.com\public_html\shop\skin1\images\print.gif --> ftp.vorojtsov.com /public_html/vorojtsov/shop/skin1/images print.gif
2007.01.15 11:26 B C:\Serguei_All\Vorojtsov.com\public_html\shop\skin1\images\printer.gif --> ftp.vorojtsov.com /public_html/vorojtsov/shop/skin1/images printer.gif
2007.01.15 11:26 B C:\Serguei_All\Vorojtsov.com\public_html\shop\skin1\images\prodconf.gif --> ftp.vorojtsov.com /public_html/vorojtsov/shop/skin1/images prodconf.gif
2007.01.15 11:26 B C:\Serguei_All\Vorojtsov.com\public_html\shop\skin1\images\question.gif --> ftp.vorojtsov.com /public_html/vorojtsov/shop/skin1/images question.gif
2007.01.15 11:26 B C:\Serguei_All\Vorojtsov.com\public_html\shop\skin1\images\question_button.gif --> ftp.vorojtsov.com /public_html/vorojtsov/shop/skin1/images question_button.gif
2007.01.15 11:26 B C:\Serguei_All\Vorojtsov.com\public_html\shop\skin1\images\r_bottom.gif --> ftp.vorojtsov.com /public_html/vorojtsov/shop/skin1/images r_bottom.gif
2007.01.15 11:26 B C:\Serguei_All\Vorojtsov.com\public_html\shop\skin1\images\r_top.gif --> ftp.vorojtsov.com /public_html/vorojtsov/shop/skin1/images r_top.gif
2007.01.15 11:26 B C:\Serguei_All\Vorojtsov.com\public_html\shop\skin1\images\rarrow.gif --> ftp.vorojtsov.com /public_html/vorojtsov/shop/skin1/images rarrow.gif
2007.01.15 11:26 B C:\Serguei_All\Vorojtsov.com\public_html\shop\skin1\images\rarrow2.gif --> ftp.vorojtsov.com /public_html/vorojtsov/shop/skin1/images rarrow2.gif
2007.01.15 11:26 B C:\Serguei_All\Vorojtsov.com\public_html\shop\skin1\images\rarrow_2.gif --> ftp.vorojtsov.com /public_html/vorojtsov/shop/skin1/images rarrow_2.gif
2007.01.15 11:26 B C:\Serguei_All\Vorojtsov.com\public_html\shop\skin1\images\real-player.gif --> ftp.vorojtsov.com /public_html/vorojtsov/shop/skin1/images real-player.gif
2007.01.15 11:26 B C:\Serguei_All\Vorojtsov.com\public_html\shop\skin1\images\save.gif --> ftp.vorojtsov.com /public_html/vorojtsov/shop/skin1/images save.gif
2007.01.15 11:26 B C:\Serguei_All\Vorojtsov.com\public_html\shop\skin1\images\save_money.gif --> ftp.vorojtsov.com /public_html/vorojtsov/shop/skin1/images save_money.gif
2007.01.15 11:26 B C:\Serguei_All\Vorojtsov.com\public_html\shop\skin1\images\search-top.gif --> ftp.vorojtsov.com /public_html/vorojtsov/shop/skin1/images search-top.gif
2007.01.15 11:26 B C:\Serguei_All\Vorojtsov.com\public_html\shop\skin1\images\separator.gif --> ftp.vorojtsov.com /public_html/vorojtsov/shop/skin1/images separator.gif
2007.01.15 11:26 B C:\Serguei_All\Vorojtsov.com\public_html\shop\skin1\images\spacer.gif --> ftp.vorojtsov.com /public_html/vorojtsov/shop/skin1/images spacer.gif
2007.01.15 11:26 B C:\Serguei_All\Vorojtsov.com\public_html\shop\skin1\images\spacer_black.gif --> ftp.vorojtsov.com /public_html/vorojtsov/shop/skin1/images spacer_black.gif
2007.01.15 11:26 B C:\Serguei_All\Vorojtsov.com\public_html\shop\skin1\images\sponsor.gif --> ftp.vorojtsov.com /public_html/vorojtsov/shop/skin1/images sponsor.gif
2007.01.15 11:26 B C:\Serguei_All\Vorojtsov.com\public_html\shop\skin1\images\star_0.gif --> ftp.vorojtsov.com /public_html/vorojtsov/shop/skin1/images star_0.gif
2007.01.15 11:26 B C:\Serguei_All\Vorojtsov.com\public_html\shop\skin1\images\star_1.gif --> ftp.vorojtsov.com /public_html/vorojtsov/shop/skin1/images star_1.gif
2007.01.15 11:26 B C:\Serguei_All\Vorojtsov.com\public_html\shop\skin1\images\star_2.gif --> ftp.vorojtsov.com /public_html/vorojtsov/shop/skin1/images star_2.gif
2007.01.15 11:26 B C:\Serguei_All\Vorojtsov.com\public_html\shop\skin1\images\star_3.gif --> ftp.vorojtsov.com /public_html/vorojtsov/shop/skin1/images star_3.gif
2007.01.15 11:26 B C:\Serguei_All\Vorojtsov.com\public_html\shop\skin1\images\star_4.gif --> ftp.vorojtsov.com /public_html/vorojtsov/shop/skin1/images star_4.gif
2007.01.15 11:26 B C:\Serguei_All\Vorojtsov.com\public_html\shop\skin1\images\tab_b.gif --> ftp.vorojtsov.com /public_html/vorojtsov/shop/skin1/images tab_b.gif
2007.01.15 11:26 B C:\Serguei_All\Vorojtsov.com\public_html\shop\skin1\images\tab_c1.gif --> ftp.vorojtsov.com /public_html/vorojtsov/shop/skin1/images tab_c1.gif
2007.01.15 11:26 B C:\Serguei_All\Vorojtsov.com\public_html\shop\skin1\images\tab_c2.gif --> ftp.vorojtsov.com /public_html/vorojtsov/shop/skin1/images tab_c2.gif
2007.01.15 11:26 B C:\Serguei_All\Vorojtsov.com\public_html\shop\skin1\images\tab_l.gif --> ftp.vorojtsov.com /public_html/vorojtsov/shop/skin1/images tab_l.gif
2007.01.15 11:26 B C:\Serguei_All\Vorojtsov.com\public_html\shop\skin1\images\tab_r.gif --> ftp.vorojtsov.com /public_html/vorojtsov/shop/skin1/images tab_r.gif
2007.01.15 11:26 B C:\Serguei_All\Vorojtsov.com\public_html\shop\skin1\images\top-left.jpg --> ftp.vorojtsov.com /public_html/vorojtsov/shop/skin1/images top-left.jpg
2007.01.15 11:26 B C:\Serguei_All\Vorojtsov.com\public_html\shop\skin1\images\top-right.jpg --> ftp.vorojtsov.com /public_html/vorojtsov/shop/skin1/images top-right.jpg
2007.01.15 11:26 B C:\Serguei_All\Vorojtsov.com\public_html\shop\skin1\images\top1.gif --> ftp.vorojtsov.com /public_html/vorojtsov/shop/skin1/images top1.gif
2007.01.15 11:26 B C:\Serguei_All\Vorojtsov.com\public_html\shop\skin1\images\top2.gif --> ftp.vorojtsov.com /public_html/vorojtsov/shop/skin1/images top2.gif
2007.01.15 11:26 B C:\Serguei_All\Vorojtsov.com\public_html\shop\skin1\images\tree_end.gif --> ftp.vorojtsov.com /public_html/vorojtsov/shop/skin1/images tree_end.gif
2007.01.15 11:26 B C:\Serguei_All\Vorojtsov.com\public_html\shop\skin1\images\tree_point.gif --> ftp.vorojtsov.com /public_html/vorojtsov/shop/skin1/images tree_point.gif
2007.01.15 11:26 B C:\Serguei_All\Vorojtsov.com\public_html\shop\skin1\images\tree_v.gif --> ftp.vorojtsov.com /public_html/vorojtsov/shop/skin1/images tree_v.gif
2007.01.15 11:26 B C:\Serguei_All\Vorojtsov.com\public_html\shop\skin1\images\uarrow.gif --> ftp.vorojtsov.com /public_html/vorojtsov/shop/skin1/images uarrow.gif
2007.01.15 11:26 B C:\Serguei_All\Vorojtsov.com\public_html\shop\skin1\images\ups_logo.gif --> ftp.vorojtsov.com /public_html/vorojtsov/shop/skin1/images ups_logo.gif
2007.01.15 11:26 B C:\Serguei_All\Vorojtsov.com\public_html\shop\skin1\images\vbv_logo.gif --> ftp.vorojtsov.com /public_html/vorojtsov/shop/skin1/images vbv_logo.gif
2007.01.15 11:26 B C:\Serguei_All\Vorojtsov.com\public_html\shop\skin1\images\vbv_pure_logo.gif --> ftp.vorojtsov.com /public_html/vorojtsov/shop/skin1/images vbv_pure_logo.gif
2007.01.15 11:26 B C:\Serguei_All\Vorojtsov.com\public_html\shop\skin1\images\word.gif --> ftp.vorojtsov.com /public_html/vorojtsov/shop/skin1/images word.gif
