2007.01.15 11:06 B C:\Serguei_All\Brushes\cart\skin1\customer\add2wl.tpl <-- KolinskyArtBrushes /public_html/cart/skin1/customer add2wl.tpl
2007.01.15 11:06 B C:\Serguei_All\Brushes\cart\skin1\customer\categories.tpl <-- KolinskyArtBrushes /public_html/cart/skin1/customer categories.tpl
2007.01.15 11:06 B C:\Serguei_All\Brushes\cart\skin1\customer\home.tpl <-- KolinskyArtBrushes /public_html/cart/skin1/customer home.tpl
2007.01.15 11:06 B C:\Serguei_All\Brushes\cart\skin1\customer\home_main.tpl <-- KolinskyArtBrushes /public_html/cart/skin1/customer home_main.tpl
2007.01.15 11:06 B C:\Serguei_All\Brushes\cart\skin1\customer\home_printable.tpl <-- KolinskyArtBrushes /public_html/cart/skin1/customer home_printable.tpl
2007.01.15 11:06 B C:\Serguei_All\Brushes\cart\skin1\customer\menu_cart.tpl <-- KolinskyArtBrushes /public_html/cart/skin1/customer menu_cart.tpl
2007.01.15 11:06 B C:\Serguei_All\Brushes\cart\skin1\customer\preview.tpl <-- KolinskyArtBrushes /public_html/cart/skin1/customer preview.tpl
2007.01.15 11:06 B C:\Serguei_All\Brushes\cart\skin1\customer\search.tpl <-- KolinskyArtBrushes /public_html/cart/skin1/customer search.tpl
2007.01.15 11:06 B C:\Serguei_All\Brushes\cart\skin1\customer\special.tpl <-- KolinskyArtBrushes /public_html/cart/skin1/customer special.tpl
2007.01.15 11:06 B C:\Serguei_All\Brushes\cart\skin1\customer\tab.tpl <-- KolinskyArtBrushes /public_html/cart/skin1/customer tab.tpl
2007.01.15 11:06 B C:\Serguei_All\Brushes\cart\skin1\customer\top_menu.tpl <-- KolinskyArtBrushes /public_html/cart/skin1/customer top_menu.tpl
2007.01.15 11:06 B C:\Serguei_All\Brushes\cart\skin1\customer\top_menu_printable.tpl <-- KolinskyArtBrushes /public_html/cart/skin1/customer top_menu_printable.tpl
2007.01.15 11:26 B C:\Serguei_All\Vorojtsov.com\public_html\shop\skin1\customer\add2wl.tpl --> ftp.vorojtsov.com /public_html/vorojtsov/shop/skin1/customer add2wl.tpl
2007.01.15 11:26 B C:\Serguei_All\Vorojtsov.com\public_html\shop\skin1\customer\categories.tpl --> ftp.vorojtsov.com /public_html/vorojtsov/shop/skin1/customer categories.tpl
2007.01.15 11:26 B C:\Serguei_All\Vorojtsov.com\public_html\shop\skin1\customer\home.tpl --> ftp.vorojtsov.com /public_html/vorojtsov/shop/skin1/customer home.tpl
2007.01.15 11:26 B C:\Serguei_All\Vorojtsov.com\public_html\shop\skin1\customer\home_main.tpl --> ftp.vorojtsov.com /public_html/vorojtsov/shop/skin1/customer home_main.tpl
2007.01.15 11:26 B C:\Serguei_All\Vorojtsov.com\public_html\shop\skin1\customer\home_printable.tpl --> ftp.vorojtsov.com /public_html/vorojtsov/shop/skin1/customer home_printable.tpl
2007.01.15 11:26 B C:\Serguei_All\Vorojtsov.com\public_html\shop\skin1\customer\menu_cart.tpl --> ftp.vorojtsov.com /public_html/vorojtsov/shop/skin1/customer menu_cart.tpl
2007.01.15 11:26 B C:\Serguei_All\Vorojtsov.com\public_html\shop\skin1\customer\preview.tpl --> ftp.vorojtsov.com /public_html/vorojtsov/shop/skin1/customer preview.tpl
2007.01.15 11:26 B C:\Serguei_All\Vorojtsov.com\public_html\shop\skin1\customer\search.tpl --> ftp.vorojtsov.com /public_html/vorojtsov/shop/skin1/customer search.tpl
2007.01.15 11:26 B C:\Serguei_All\Vorojtsov.com\public_html\shop\skin1\customer\special.tpl --> ftp.vorojtsov.com /public_html/vorojtsov/shop/skin1/customer special.tpl
2007.01.15 11:26 B C:\Serguei_All\Vorojtsov.com\public_html\shop\skin1\customer\tab.tpl --> ftp.vorojtsov.com /public_html/vorojtsov/shop/skin1/customer tab.tpl
2007.01.15 11:26 B C:\Serguei_All\Vorojtsov.com\public_html\shop\skin1\customer\top_menu.tpl --> ftp.vorojtsov.com /public_html/vorojtsov/shop/skin1/customer top_menu.tpl
2007.01.15 11:26 B C:\Serguei_All\Vorojtsov.com\public_html\shop\skin1\customer\top_menu_printable.tpl --> ftp.vorojtsov.com /public_html/vorojtsov/shop/skin1/customer top_menu_printable.tpl
