2007.01.15 11:12 B C:\Serguei_All\Brushes\cart\skin1\auth.tpl <-- KolinskyArtBrushes /public_html/cart/skin1 auth.tpl
2007.01.15 11:12 B C:\Serguei_All\Brushes\cart\skin1\authbox.tpl <-- KolinskyArtBrushes /public_html/cart/skin1 authbox.tpl
2007.01.15 11:12 B C:\Serguei_All\Brushes\cart\skin1\bottom.tpl <-- KolinskyArtBrushes /public_html/cart/skin1 bottom.tpl
2007.01.15 11:12 B C:\Serguei_All\Brushes\cart\skin1\browser_identificator_js.tpl <-- KolinskyArtBrushes /public_html/cart/skin1 browser_identificator_js.tpl
2007.01.15 11:12 B C:\Serguei_All\Brushes\cart\skin1\change_all_checkboxes.tpl <-- KolinskyArtBrushes /public_html/cart/skin1 change_all_checkboxes.tpl
2007.01.15 11:12 B C:\Serguei_All\Brushes\cart\skin1\change_states_js.tpl <-- KolinskyArtBrushes /public_html/cart/skin1 change_states_js.tpl
2007.01.15 11:12 B C:\Serguei_All\Brushes\cart\skin1\check_cc_number_script.tpl <-- KolinskyArtBrushes /public_html/cart/skin1 check_cc_number_script.tpl
2007.01.15 11:12 B C:\Serguei_All\Brushes\cart\skin1\check_email_script.tpl <-- KolinskyArtBrushes /public_html/cart/skin1 check_email_script.tpl
2007.01.15 11:12 B C:\Serguei_All\Brushes\cart\skin1\check_required_fields_js.tpl <-- KolinskyArtBrushes /public_html/cart/skin1 check_required_fields_js.tpl
2007.01.15 11:12 B C:\Serguei_All\Brushes\cart\skin1\check_zipcode_js.tpl <-- KolinskyArtBrushes /public_html/cart/skin1 check_zipcode_js.tpl
2007.01.15 11:12 B C:\Serguei_All\Brushes\cart\skin1\common_js.tpl <-- KolinskyArtBrushes /public_html/cart/skin1 common_js.tpl
2007.01.15 11:12 B C:\Serguei_All\Brushes\cart\skin1\common_templates.tpl <-- KolinskyArtBrushes /public_html/cart/skin1 common_templates.tpl
2007.01.15 11:12 B C:\Serguei_All\Brushes\cart\skin1\copyright.tpl <-- KolinskyArtBrushes /public_html/cart/skin1 copyright.tpl
2007.01.15 11:12 B C:\Serguei_All\Brushes\cart\skin1\currency.tpl <-- KolinskyArtBrushes /public_html/cart/skin1 currency.tpl
2007.01.15 11:12 B C:\Serguei_All\Brushes\cart\skin1\currency2.tpl <-- KolinskyArtBrushes /public_html/cart/skin1 currency2.tpl
2007.01.15 11:12 B C:\Serguei_All\Brushes\cart\skin1\debug.tpl <-- KolinskyArtBrushes /public_html/cart/skin1 debug.tpl
2007.01.15 11:12 B C:\Serguei_All\Brushes\cart\skin1\debug_templates.tpl <-- KolinskyArtBrushes /public_html/cart/skin1 debug_templates.tpl
2007.01.15 11:12 B C:\Serguei_All\Brushes\cart\skin1\dialog.tpl <-- KolinskyArtBrushes /public_html/cart/skin1 dialog.tpl
2007.01.15 11:12 B C:\Serguei_All\Brushes\cart\skin1\dialog_message.tpl <-- KolinskyArtBrushes /public_html/cart/skin1 dialog_message.tpl
2007.01.15 11:12 B C:\Serguei_All\Brushes\cart\skin1\dialog_printable.tpl <-- KolinskyArtBrushes /public_html/cart/skin1 dialog_printable.tpl
2007.01.15 11:12 B C:\Serguei_All\Brushes\cart\skin1\dialog_tools.tpl <-- KolinskyArtBrushes /public_html/cart/skin1 dialog_tools.tpl
2007.01.15 11:12 B C:\Serguei_All\Brushes\cart\skin1\editor.js <-- KolinskyArtBrushes /public_html/cart/skin1 editor.js
2007.01.15 11:12 B C:\Serguei_All\Brushes\cart\skin1\editorns.js <-- KolinskyArtBrushes /public_html/cart/skin1 editorns.js
2007.01.15 11:13 B C:\Serguei_All\Brushes\cart\skin1\form_validation_js.tpl <-- KolinskyArtBrushes /public_html/cart/skin1 form_validation_js.tpl
2007.01.15 11:13 B C:\Serguei_All\Brushes\cart\skin1\generate_required_fields_js.tpl <-- KolinskyArtBrushes /public_html/cart/skin1 generate_required_fields_js.tpl
2007.01.15 11:13 B C:\Serguei_All\Brushes\cart\skin1\head.tpl <-- KolinskyArtBrushes /public_html/cart/skin1 head.tpl
2007.01.15 11:13 B C:\Serguei_All\Brushes\cart\skin1\head_admin.tpl <-- KolinskyArtBrushes /public_html/cart/skin1 head_admin.tpl
2007.01.15 11:13 B C:\Serguei_All\Brushes\cart\skin1\head_printable.tpl <-- KolinskyArtBrushes /public_html/cart/skin1 head_printable.tpl
2007.01.15 11:13 B C:\Serguei_All\Brushes\cart\skin1\help.tpl <-- KolinskyArtBrushes /public_html/cart/skin1 help.tpl
2007.01.15 11:13 B C:\Serguei_All\Brushes\cart\skin1\location.tpl <-- KolinskyArtBrushes /public_html/cart/skin1 location.tpl
2007.01.15 11:13 B C:\Serguei_All\Brushes\cart\skin1\menu.tpl <-- KolinskyArtBrushes /public_html/cart/skin1 menu.tpl
2007.01.15 11:13 B C:\Serguei_All\Brushes\cart\skin1\menu_profile.tpl <-- KolinskyArtBrushes /public_html/cart/skin1 menu_profile.tpl
2007.01.15 11:13 B C:\Serguei_All\Brushes\cart\skin1\meta.tpl <-- KolinskyArtBrushes /public_html/cart/skin1 meta.tpl
2007.01.15 11:13 B C:\Serguei_All\Brushes\cart\skin1\minibanners.tpl <-- KolinskyArtBrushes /public_html/cart/skin1 minibanners.tpl
2007.01.15 11:13 B C:\Serguei_All\Brushes\cart\skin1\news.tpl <-- KolinskyArtBrushes /public_html/cart/skin1 news.tpl
2007.01.15 11:13 B C:\Serguei_All\Brushes\cart\skin1\page_title.tpl <-- KolinskyArtBrushes /public_html/cart/skin1 page_title.tpl
2007.01.15 11:13 B C:\Serguei_All\Brushes\cart\skin1\pages_menu.tpl <-- KolinskyArtBrushes /public_html/cart/skin1 pages_menu.tpl
2007.01.15 11:13 B C:\Serguei_All\Brushes\cart\skin1\poweredby.tpl <-- KolinskyArtBrushes /public_html/cart/skin1 poweredby.tpl
2007.01.15 11:13 B C:\Serguei_All\Brushes\cart\skin1\printable.tpl <-- KolinskyArtBrushes /public_html/cart/skin1 printable.tpl
2007.01.15 11:13 B C:\Serguei_All\Brushes\cart\skin1\product_thumbnail.tpl <-- KolinskyArtBrushes /public_html/cart/skin1 product_thumbnail.tpl
2007.01.15 11:13 B C:\Serguei_All\Brushes\cart\skin1\product_thumbnail_partner.tpl <-- KolinskyArtBrushes /public_html/cart/skin1 product_thumbnail_partner.tpl
2007.01.15 11:13 B C:\Serguei_All\Brushes\cart\skin1\rectangle_bottom.tpl <-- KolinskyArtBrushes /public_html/cart/skin1 rectangle_bottom.tpl
2007.01.15 11:13 B C:\Serguei_All\Brushes\cart\skin1\rectangle_top.tpl <-- KolinskyArtBrushes /public_html/cart/skin1 rectangle_top.tpl
2007.01.15 11:13 B C:\Serguei_All\Brushes\cart\skin1\skin1.conf <-- KolinskyArtBrushes /public_html/cart/skin1 skin1.conf
2007.01.15 11:13 B C:\Serguei_All\Brushes\cart\skin1\skin1.css <-- KolinskyArtBrushes /public_html/cart/skin1 skin1.css
2007.01.15 11:13 B C:\Serguei_All\Brushes\cart\skin1\skin1_admin.css <-- KolinskyArtBrushes /public_html/cart/skin1 skin1_admin.css
2007.01.15 11:13 B C:\Serguei_All\Brushes\cart\skin1\skin1_printable.css <-- KolinskyArtBrushes /public_html/cart/skin1 skin1_printable.css
2007.01.15 11:13 B C:\Serguei_All\Brushes\cart\skin1\submit_wo_js.tpl <-- KolinskyArtBrushes /public_html/cart/skin1 submit_wo_js.tpl
2007.01.15 11:13 B C:\Serguei_All\Brushes\cart\skin1\today_news.tpl <-- KolinskyArtBrushes /public_html/cart/skin1 today_news.tpl
2007.01.15 11:13 B C:\Serguei_All\Brushes\cart\skin1\top_banner.tpl <-- KolinskyArtBrushes /public_html/cart/skin1 top_banner.tpl
2007.01.15 11:30 B C:\Serguei_All\Vorojtsov.com\public_html\shop\skin1\auth.tpl --> ftp.vorojtsov.com /public_html/vorojtsov/shop/skin1 auth.tpl
2007.01.15 11:30 B C:\Serguei_All\Vorojtsov.com\public_html\shop\skin1\authbox.tpl --> ftp.vorojtsov.com /public_html/vorojtsov/shop/skin1 authbox.tpl
2007.01.15 11:30 B C:\Serguei_All\Vorojtsov.com\public_html\shop\skin1\bottom.tpl --> ftp.vorojtsov.com /public_html/vorojtsov/shop/skin1 bottom.tpl
2007.01.15 11:30 B C:\Serguei_All\Vorojtsov.com\public_html\shop\skin1\browser_identificator_js.tpl --> ftp.vorojtsov.com /public_html/vorojtsov/shop/skin1 browser_identificator_js.tpl
2007.01.15 11:30 B C:\Serguei_All\Vorojtsov.com\public_html\shop\skin1\change_all_checkboxes.tpl --> ftp.vorojtsov.com /public_html/vorojtsov/shop/skin1 change_all_checkboxes.tpl
2007.01.15 11:30 B C:\Serguei_All\Vorojtsov.com\public_html\shop\skin1\change_states_js.tpl --> ftp.vorojtsov.com /public_html/vorojtsov/shop/skin1 change_states_js.tpl
2007.01.15 11:30 B C:\Serguei_All\Vorojtsov.com\public_html\shop\skin1\check_cc_number_script.tpl --> ftp.vorojtsov.com /public_html/vorojtsov/shop/skin1 check_cc_number_script.tpl
2007.01.15 11:30 B C:\Serguei_All\Vorojtsov.com\public_html\shop\skin1\check_email_script.tpl --> ftp.vorojtsov.com /public_html/vorojtsov/shop/skin1 check_email_script.tpl
2007.01.15 11:30 B C:\Serguei_All\Vorojtsov.com\public_html\shop\skin1\check_required_fields_js.tpl --> ftp.vorojtsov.com /public_html/vorojtsov/shop/skin1 check_required_fields_js.tpl
2007.01.15 11:30 B C:\Serguei_All\Vorojtsov.com\public_html\shop\skin1\check_zipcode_js.tpl --> ftp.vorojtsov.com /public_html/vorojtsov/shop/skin1 check_zipcode_js.tpl
2007.01.15 11:30 B C:\Serguei_All\Vorojtsov.com\public_html\shop\skin1\common_js.tpl --> ftp.vorojtsov.com /public_html/vorojtsov/shop/skin1 common_js.tpl
2007.01.15 11:30 B C:\Serguei_All\Vorojtsov.com\public_html\shop\skin1\common_templates.tpl --> ftp.vorojtsov.com /public_html/vorojtsov/shop/skin1 common_templates.tpl
2007.01.15 11:30 B C:\Serguei_All\Vorojtsov.com\public_html\shop\skin1\copyright.tpl --> ftp.vorojtsov.com /public_html/vorojtsov/shop/skin1 copyright.tpl
2007.01.15 11:30 B C:\Serguei_All\Vorojtsov.com\public_html\shop\skin1\currency.tpl --> ftp.vorojtsov.com /public_html/vorojtsov/shop/skin1 currency.tpl
2007.01.15 11:30 B C:\Serguei_All\Vorojtsov.com\public_html\shop\skin1\currency2.tpl --> ftp.vorojtsov.com /public_html/vorojtsov/shop/skin1 currency2.tpl
2007.01.15 11:30 B C:\Serguei_All\Vorojtsov.com\public_html\shop\skin1\debug.tpl --> ftp.vorojtsov.com /public_html/vorojtsov/shop/skin1 debug.tpl
2007.01.15 11:30 B C:\Serguei_All\Vorojtsov.com\public_html\shop\skin1\debug_templates.tpl --> ftp.vorojtsov.com /public_html/vorojtsov/shop/skin1 debug_templates.tpl
2007.01.15 11:30 B C:\Serguei_All\Vorojtsov.com\public_html\shop\skin1\dialog.tpl --> ftp.vorojtsov.com /public_html/vorojtsov/shop/skin1 dialog.tpl
2007.01.15 11:30 B C:\Serguei_All\Vorojtsov.com\public_html\shop\skin1\dialog_message.tpl --> ftp.vorojtsov.com /public_html/vorojtsov/shop/skin1 dialog_message.tpl
2007.01.15 11:30 B C:\Serguei_All\Vorojtsov.com\public_html\shop\skin1\dialog_printable.tpl --> ftp.vorojtsov.com /public_html/vorojtsov/shop/skin1 dialog_printable.tpl
2007.01.15 11:30 B C:\Serguei_All\Vorojtsov.com\public_html\shop\skin1\dialog_tools.tpl --> ftp.vorojtsov.com /public_html/vorojtsov/shop/skin1 dialog_tools.tpl
2007.01.15 11:30 B C:\Serguei_All\Vorojtsov.com\public_html\shop\skin1\editor.js --> ftp.vorojtsov.com /public_html/vorojtsov/shop/skin1 editor.js
2007.01.15 11:30 B C:\Serguei_All\Vorojtsov.com\public_html\shop\skin1\editorns.js --> ftp.vorojtsov.com /public_html/vorojtsov/shop/skin1 editorns.js
2007.01.15 11:30 B C:\Serguei_All\Vorojtsov.com\public_html\shop\skin1\form_validation_js.tpl --> ftp.vorojtsov.com /public_html/vorojtsov/shop/skin1 form_validation_js.tpl
2007.01.15 11:30 B C:\Serguei_All\Vorojtsov.com\public_html\shop\skin1\generate_required_fields_js.tpl --> ftp.vorojtsov.com /public_html/vorojtsov/shop/skin1 generate_required_fields_js.tpl
2007.01.15 11:30 B C:\Serguei_All\Vorojtsov.com\public_html\shop\skin1\head.tpl --> ftp.vorojtsov.com /public_html/vorojtsov/shop/skin1 head.tpl
2007.01.15 11:30 B C:\Serguei_All\Vorojtsov.com\public_html\shop\skin1\head_admin.tpl --> ftp.vorojtsov.com /public_html/vorojtsov/shop/skin1 head_admin.tpl
2007.01.15 11:30 B C:\Serguei_All\Vorojtsov.com\public_html\shop\skin1\head_printable.tpl --> ftp.vorojtsov.com /public_html/vorojtsov/shop/skin1 head_printable.tpl
2007.01.15 11:30 B C:\Serguei_All\Vorojtsov.com\public_html\shop\skin1\help.tpl --> ftp.vorojtsov.com /public_html/vorojtsov/shop/skin1 help.tpl
2007.01.15 11:30 B C:\Serguei_All\Vorojtsov.com\public_html\shop\skin1\location.tpl --> ftp.vorojtsov.com /public_html/vorojtsov/shop/skin1 location.tpl
2007.01.15 11:30 B C:\Serguei_All\Vorojtsov.com\public_html\shop\skin1\menu.tpl --> ftp.vorojtsov.com /public_html/vorojtsov/shop/skin1 menu.tpl
2007.01.15 11:30 B C:\Serguei_All\Vorojtsov.com\public_html\shop\skin1\menu_profile.tpl --> ftp.vorojtsov.com /public_html/vorojtsov/shop/skin1 menu_profile.tpl
2007.01.15 11:30 B C:\Serguei_All\Vorojtsov.com\public_html\shop\skin1\meta.tpl --> ftp.vorojtsov.com /public_html/vorojtsov/shop/skin1 meta.tpl
2007.01.15 11:30 B C:\Serguei_All\Vorojtsov.com\public_html\shop\skin1\minibanners.tpl --> ftp.vorojtsov.com /public_html/vorojtsov/shop/skin1 minibanners.tpl
2007.01.15 11:30 B C:\Serguei_All\Vorojtsov.com\public_html\shop\skin1\news.tpl --> ftp.vorojtsov.com /public_html/vorojtsov/shop/skin1 news.tpl
2007.01.15 11:30 B C:\Serguei_All\Vorojtsov.com\public_html\shop\skin1\page_title.tpl --> ftp.vorojtsov.com /public_html/vorojtsov/shop/skin1 page_title.tpl
2007.01.15 11:30 B C:\Serguei_All\Vorojtsov.com\public_html\shop\skin1\pages_menu.tpl --> ftp.vorojtsov.com /public_html/vorojtsov/shop/skin1 pages_menu.tpl
2007.01.15 11:30 B C:\Serguei_All\Vorojtsov.com\public_html\shop\skin1\poweredby.tpl --> ftp.vorojtsov.com /public_html/vorojtsov/shop/skin1 poweredby.tpl
2007.01.15 11:30 B C:\Serguei_All\Vorojtsov.com\public_html\shop\skin1\printable.tpl --> ftp.vorojtsov.com /public_html/vorojtsov/shop/skin1 printable.tpl
2007.01.15 11:30 B C:\Serguei_All\Vorojtsov.com\public_html\shop\skin1\product_thumbnail.tpl --> ftp.vorojtsov.com /public_html/vorojtsov/shop/skin1 product_thumbnail.tpl
2007.01.15 11:30 B C:\Serguei_All\Vorojtsov.com\public_html\shop\skin1\product_thumbnail_partner.tpl --> ftp.vorojtsov.com /public_html/vorojtsov/shop/skin1 product_thumbnail_partner.tpl
2007.01.15 11:30 B C:\Serguei_All\Vorojtsov.com\public_html\shop\skin1\rectangle_bottom.tpl --> ftp.vorojtsov.com /public_html/vorojtsov/shop/skin1 rectangle_bottom.tpl
2007.01.15 11:30 B C:\Serguei_All\Vorojtsov.com\public_html\shop\skin1\rectangle_top.tpl --> ftp.vorojtsov.com /public_html/vorojtsov/shop/skin1 rectangle_top.tpl
2007.01.15 11:30 B C:\Serguei_All\Vorojtsov.com\public_html\shop\skin1\skin1.conf --> ftp.vorojtsov.com /public_html/vorojtsov/shop/skin1 skin1.conf
2007.01.15 11:30 B C:\Serguei_All\Vorojtsov.com\public_html\shop\skin1\skin1.css --> ftp.vorojtsov.com /public_html/vorojtsov/shop/skin1 skin1.css
2007.01.15 11:30 B C:\Serguei_All\Vorojtsov.com\public_html\shop\skin1\skin1_admin.css --> ftp.vorojtsov.com /public_html/vorojtsov/shop/skin1 skin1_admin.css
2007.01.15 11:30 B C:\Serguei_All\Vorojtsov.com\public_html\shop\skin1\skin1_printable.css --> ftp.vorojtsov.com /public_html/vorojtsov/shop/skin1 skin1_printable.css
2007.01.15 11:30 B C:\Serguei_All\Vorojtsov.com\public_html\shop\skin1\submit_wo_js.tpl --> ftp.vorojtsov.com /public_html/vorojtsov/shop/skin1 submit_wo_js.tpl
2007.01.15 11:30 B C:\Serguei_All\Vorojtsov.com\public_html\shop\skin1\today_news.tpl --> ftp.vorojtsov.com /public_html/vorojtsov/shop/skin1 today_news.tpl
2007.01.15 11:30 B C:\Serguei_All\Vorojtsov.com\public_html\shop\skin1\top_banner.tpl --> ftp.vorojtsov.com /public_html/vorojtsov/shop/skin1 top_banner.tpl
