2007.01.15 11:04 B C:\Serguei_All\Brushes\cart\skin1\admin\main\atracking_adaptives.tpl <-- KolinskyArtBrushes /public_html/cart/skin1/admin/main atracking_adaptives.tpl
2007.01.15 11:04 B C:\Serguei_All\Brushes\cart\skin1\admin\main\atracking_cartfunnel.tpl <-- KolinskyArtBrushes /public_html/cart/skin1/admin/main atracking_cartfunnel.tpl
2007.01.15 11:04 B C:\Serguei_All\Brushes\cart\skin1\admin\main\atracking_logins.tpl <-- KolinskyArtBrushes /public_html/cart/skin1/admin/main atracking_logins.tpl
2007.01.15 11:04 B C:\Serguei_All\Brushes\cart\skin1\admin\main\atracking_pageviews.tpl <-- KolinskyArtBrushes /public_html/cart/skin1/admin/main atracking_pageviews.tpl
2007.01.15 11:04 B C:\Serguei_All\Brushes\cart\skin1\admin\main\atracking_search.tpl <-- KolinskyArtBrushes /public_html/cart/skin1/admin/main atracking_search.tpl
2007.01.15 11:04 B C:\Serguei_All\Brushes\cart\skin1\admin\main\atracking_toppaths.tpl <-- KolinskyArtBrushes /public_html/cart/skin1/admin/main atracking_toppaths.tpl
2007.01.15 11:04 B C:\Serguei_All\Brushes\cart\skin1\admin\main\calendar.tpl <-- KolinskyArtBrushes /public_html/cart/skin1/admin/main calendar.tpl
2007.01.15 11:04 B C:\Serguei_All\Brushes\cart\skin1\admin\main\card_types.tpl <-- KolinskyArtBrushes /public_html/cart/skin1/admin/main card_types.tpl
2007.01.15 11:04 B C:\Serguei_All\Brushes\cart\skin1\admin\main\categories.tpl <-- KolinskyArtBrushes /public_html/cart/skin1/admin/main categories.tpl
2007.01.15 11:04 B C:\Serguei_All\Brushes\cart\skin1\admin\main\category_del_confirmation.tpl <-- KolinskyArtBrushes /public_html/cart/skin1/admin/main category_del_confirmation.tpl
2007.01.15 11:04 B C:\Serguei_All\Brushes\cart\skin1\admin\main\category_lng.tpl <-- KolinskyArtBrushes /public_html/cart/skin1/admin/main category_lng.tpl
2007.01.15 11:04 B C:\Serguei_All\Brushes\cart\skin1\admin\main\category_modify.tpl <-- KolinskyArtBrushes /public_html/cart/skin1/admin/main category_modify.tpl
2007.01.15 11:04 B C:\Serguei_All\Brushes\cart\skin1\admin\main\category_products.tpl <-- KolinskyArtBrushes /public_html/cart/skin1/admin/main category_products.tpl
2007.01.15 11:04 B C:\Serguei_All\Brushes\cart\skin1\admin\main\cc_processing.tpl <-- KolinskyArtBrushes /public_html/cart/skin1/admin/main cc_processing.tpl
2007.01.15 11:04 B C:\Serguei_All\Brushes\cart\skin1\admin\main\cc_processing_main.tpl <-- KolinskyArtBrushes /public_html/cart/skin1/admin/main cc_processing_main.tpl
2007.01.15 11:04 B C:\Serguei_All\Brushes\cart\skin1\admin\main\change_mpassword.tpl <-- KolinskyArtBrushes /public_html/cart/skin1/admin/main change_mpassword.tpl
2007.01.15 11:04 B C:\Serguei_All\Brushes\cart\skin1\admin\main\configuration.tpl <-- KolinskyArtBrushes /public_html/cart/skin1/admin/main configuration.tpl
2007.01.15 11:04 B C:\Serguei_All\Brushes\cart\skin1\admin\main\contact_us_profiles.tpl <-- KolinskyArtBrushes /public_html/cart/skin1/admin/main contact_us_profiles.tpl
2007.01.15 11:04 B C:\Serguei_All\Brushes\cart\skin1\admin\main\counties.tpl <-- KolinskyArtBrushes /public_html/cart/skin1/admin/main counties.tpl
2007.01.15 11:04 B C:\Serguei_All\Brushes\cart\skin1\admin\main\countries.tpl <-- KolinskyArtBrushes /public_html/cart/skin1/admin/main countries.tpl
2007.01.15 11:04 B C:\Serguei_All\Brushes\cart\skin1\admin\main\db_backup.tpl <-- KolinskyArtBrushes /public_html/cart/skin1/admin/main db_backup.tpl
2007.01.15 11:05 B C:\Serguei_All\Brushes\cart\skin1\admin\main\edit_dir.tpl <-- KolinskyArtBrushes /public_html/cart/skin1/admin/main edit_dir.tpl
2007.01.15 11:05 B C:\Serguei_All\Brushes\cart\skin1\admin\main\edit_file.tpl <-- KolinskyArtBrushes /public_html/cart/skin1/admin/main edit_file.tpl
2007.01.15 11:05 B C:\Serguei_All\Brushes\cart\skin1\admin\main\edit_memberships.tpl <-- KolinskyArtBrushes /public_html/cart/skin1/admin/main edit_memberships.tpl
2007.01.15 11:05 B C:\Serguei_All\Brushes\cart\skin1\admin\main\editor_mode.tpl <-- KolinskyArtBrushes /public_html/cart/skin1/admin/main editor_mode.tpl
2007.01.15 11:05 B C:\Serguei_All\Brushes\cart\skin1\admin\main\featured_products.tpl <-- KolinskyArtBrushes /public_html/cart/skin1/admin/main featured_products.tpl
2007.01.15 11:05 B C:\Serguei_All\Brushes\cart\skin1\admin\main\general.tpl <-- KolinskyArtBrushes /public_html/cart/skin1/admin/main general.tpl
2007.01.15 11:05 B C:\Serguei_All\Brushes\cart\skin1\admin\main\html_catalog.tpl <-- KolinskyArtBrushes /public_html/cart/skin1/admin/main html_catalog.tpl
2007.01.15 11:05 B C:\Serguei_All\Brushes\cart\skin1\admin\main\images_location.tpl <-- KolinskyArtBrushes /public_html/cart/skin1/admin/main images_location.tpl
2007.01.15 11:05 B C:\Serguei_All\Brushes\cart\skin1\admin\main\images_location_log.tpl <-- KolinskyArtBrushes /public_html/cart/skin1/admin/main images_location_log.tpl
2007.01.15 11:05 B C:\Serguei_All\Brushes\cart\skin1\admin\main\languages.tpl <-- KolinskyArtBrushes /public_html/cart/skin1/admin/main languages.tpl
2007.01.15 11:05 B C:\Serguei_All\Brushes\cart\skin1\admin\main\location.tpl <-- KolinskyArtBrushes /public_html/cart/skin1/admin/main location.tpl
2007.01.15 11:05 B C:\Serguei_All\Brushes\cart\skin1\admin\main\main.tpl <-- KolinskyArtBrushes /public_html/cart/skin1/admin/main main.tpl
2007.01.15 11:05 B C:\Serguei_All\Brushes\cart\skin1\admin\main\membership.tpl <-- KolinskyArtBrushes /public_html/cart/skin1/admin/main membership.tpl
2007.01.15 11:05 B C:\Serguei_All\Brushes\cart\skin1\admin\main\membership_signup.tpl <-- KolinskyArtBrushes /public_html/cart/skin1/admin/main membership_signup.tpl
2007.01.15 11:05 B C:\Serguei_All\Brushes\cart\skin1\admin\main\memberships.tpl <-- KolinskyArtBrushes /public_html/cart/skin1/admin/main memberships.tpl
2007.01.15 11:05 B C:\Serguei_All\Brushes\cart\skin1\admin\main\modules.tpl <-- KolinskyArtBrushes /public_html/cart/skin1/admin/main modules.tpl
2007.01.15 11:05 B C:\Serguei_All\Brushes\cart\skin1\admin\main\page_edit.tpl <-- KolinskyArtBrushes /public_html/cart/skin1/admin/main page_edit.tpl
2007.01.15 11:05 B C:\Serguei_All\Brushes\cart\skin1\admin\main\pages.tpl <-- KolinskyArtBrushes /public_html/cart/skin1/admin/main pages.tpl
2007.01.15 11:05 B C:\Serguei_All\Brushes\cart\skin1\admin\main\partner_adv_campaigns.tpl <-- KolinskyArtBrushes /public_html/cart/skin1/admin/main partner_adv_campaigns.tpl
2007.01.15 11:05 B C:\Serguei_All\Brushes\cart\skin1\admin\main\partner_adv_stats.tpl <-- KolinskyArtBrushes /public_html/cart/skin1/admin/main partner_adv_stats.tpl
2007.01.15 11:05 B C:\Serguei_All\Brushes\cart\skin1\admin\main\partner_banners.tpl <-- KolinskyArtBrushes /public_html/cart/skin1/admin/main partner_banners.tpl
2007.01.15 11:05 B C:\Serguei_All\Brushes\cart\skin1\admin\main\partner_commissions.tpl <-- KolinskyArtBrushes /public_html/cart/skin1/admin/main partner_commissions.tpl
2007.01.15 11:05 B C:\Serguei_All\Brushes\cart\skin1\admin\main\partner_element_list.tpl <-- KolinskyArtBrushes /public_html/cart/skin1/admin/main partner_element_list.tpl
2007.01.15 11:05 B C:\Serguei_All\Brushes\cart\skin1\admin\main\partner_level_commissions.tpl <-- KolinskyArtBrushes /public_html/cart/skin1/admin/main partner_level_commissions.tpl
2007.01.15 11:05 B C:\Serguei_All\Brushes\cart\skin1\admin\main\partner_orders.tpl <-- KolinskyArtBrushes /public_html/cart/skin1/admin/main partner_orders.tpl
2007.01.15 11:05 B C:\Serguei_All\Brushes\cart\skin1\admin\main\partner_orders_export.tpl <-- KolinskyArtBrushes /public_html/cart/skin1/admin/main partner_orders_export.tpl
2007.01.15 11:05 B C:\Serguei_All\Brushes\cart\skin1\admin\main\partner_plans.tpl <-- KolinskyArtBrushes /public_html/cart/skin1/admin/main partner_plans.tpl
2007.01.15 11:05 B C:\Serguei_All\Brushes\cart\skin1\admin\main\partner_plans_edit.tpl <-- KolinskyArtBrushes /public_html/cart/skin1/admin/main partner_plans_edit.tpl
2007.01.15 11:05 B C:\Serguei_All\Brushes\cart\skin1\admin\main\partner_report.tpl <-- KolinskyArtBrushes /public_html/cart/skin1/admin/main partner_report.tpl
2007.01.15 11:05 B C:\Serguei_All\Brushes\cart\skin1\admin\main\partner_report_export.tpl <-- KolinskyArtBrushes /public_html/cart/skin1/admin/main partner_report_export.tpl
2007.01.15 11:05 B C:\Serguei_All\Brushes\cart\skin1\admin\main\partner_top_performers.tpl <-- KolinskyArtBrushes /public_html/cart/skin1/admin/main partner_top_performers.tpl
2007.01.15 11:05 B C:\Serguei_All\Brushes\cart\skin1\admin\main\patch.tpl <-- KolinskyArtBrushes /public_html/cart/skin1/admin/main patch.tpl
2007.01.15 11:05 B C:\Serguei_All\Brushes\cart\skin1\admin\main\patch_apply.tpl <-- KolinskyArtBrushes /public_html/cart/skin1/admin/main patch_apply.tpl
2007.01.15 11:05 B C:\Serguei_All\Brushes\cart\skin1\admin\main\patch_apply_tbl.tpl <-- KolinskyArtBrushes /public_html/cart/skin1/admin/main patch_apply_tbl.tpl
2007.01.15 11:05 B C:\Serguei_All\Brushes\cart\skin1\admin\main\payment_methods.tpl <-- KolinskyArtBrushes /public_html/cart/skin1/admin/main payment_methods.tpl
2007.01.15 11:05 B C:\Serguei_All\Brushes\cart\skin1\admin\main\payment_upload.tpl <-- KolinskyArtBrushes /public_html/cart/skin1/admin/main payment_upload.tpl
2007.01.15 11:05 B C:\Serguei_All\Brushes\cart\skin1\admin\main\preview_banner.tpl <-- KolinskyArtBrushes /public_html/cart/skin1/admin/main preview_banner.tpl
2007.01.15 11:05 B C:\Serguei_All\Brushes\cart\skin1\admin\main\product_links.tpl <-- KolinskyArtBrushes /public_html/cart/skin1/admin/main product_links.tpl
2007.01.15 11:05 B C:\Serguei_All\Brushes\cart\skin1\admin\main\promotions.tpl <-- KolinskyArtBrushes /public_html/cart/skin1/admin/main promotions.tpl
2007.01.15 11:05 B C:\Serguei_All\Brushes\cart\skin1\admin\main\ratings_edit.tpl <-- KolinskyArtBrushes /public_html/cart/skin1/admin/main ratings_edit.tpl
2007.01.15 11:05 B C:\Serguei_All\Brushes\cart\skin1\admin\main\register.tpl <-- KolinskyArtBrushes /public_html/cart/skin1/admin/main register.tpl
2007.01.15 11:05 B C:\Serguei_All\Brushes\cart\skin1\admin\main\search_products_form.tpl <-- KolinskyArtBrushes /public_html/cart/skin1/admin/main search_products_form.tpl
2007.01.15 11:05 B C:\Serguei_All\Brushes\cart\skin1\admin\main\secure_login_form.tpl <-- KolinskyArtBrushes /public_html/cart/skin1/admin/main secure_login_form.tpl
2007.01.15 11:05 B C:\Serguei_All\Brushes\cart\skin1\admin\main\shipping.tpl <-- KolinskyArtBrushes /public_html/cart/skin1/admin/main shipping.tpl
2007.01.15 11:05 B C:\Serguei_All\Brushes\cart\skin1\admin\main\shipping_options.tpl <-- KolinskyArtBrushes /public_html/cart/skin1/admin/main shipping_options.tpl
2007.01.15 11:05 B C:\Serguei_All\Brushes\cart\skin1\admin\main\speed_bar.tpl <-- KolinskyArtBrushes /public_html/cart/skin1/admin/main speed_bar.tpl
2007.01.15 11:05 B C:\Serguei_All\Brushes\cart\skin1\admin\main\states.tpl <-- KolinskyArtBrushes /public_html/cart/skin1/admin/main states.tpl
2007.01.15 11:05 B C:\Serguei_All\Brushes\cart\skin1\admin\main\statistics.tpl <-- KolinskyArtBrushes /public_html/cart/skin1/admin/main statistics.tpl
2007.01.15 11:05 B C:\Serguei_All\Brushes\cart\skin1\admin\main\tax_edit.tpl <-- KolinskyArtBrushes /public_html/cart/skin1/admin/main tax_edit.tpl
2007.01.15 11:05 B C:\Serguei_All\Brushes\cart\skin1\admin\main\taxes.tpl <-- KolinskyArtBrushes /public_html/cart/skin1/admin/main taxes.tpl
2007.01.15 11:05 B C:\Serguei_All\Brushes\cart\skin1\admin\main\test_https_module.tpl <-- KolinskyArtBrushes /public_html/cart/skin1/admin/main test_https_module.tpl
2007.01.15 11:05 B C:\Serguei_All\Brushes\cart\skin1\admin\main\test_pgp.tpl <-- KolinskyArtBrushes /public_html/cart/skin1/admin/main test_pgp.tpl
2007.01.15 11:05 B C:\Serguei_All\Brushes\cart\skin1\admin\main\test_shippings.tpl <-- KolinskyArtBrushes /public_html/cart/skin1/admin/main test_shippings.tpl
2007.01.15 11:05 B C:\Serguei_All\Brushes\cart\skin1\admin\main\user_delete_confirmation.tpl <-- KolinskyArtBrushes /public_html/cart/skin1/admin/main user_delete_confirmation.tpl
2007.01.15 11:05 B C:\Serguei_All\Brushes\cart\skin1\admin\main\user_profiles.tpl <-- KolinskyArtBrushes /public_html/cart/skin1/admin/main user_profiles.tpl
2007.01.15 11:05 B C:\Serguei_All\Brushes\cart\skin1\admin\main\users.tpl <-- KolinskyArtBrushes /public_html/cart/skin1/admin/main users.tpl
2007.01.15 11:05 B C:\Serguei_All\Brushes\cart\skin1\admin\main\welcome.tpl <-- KolinskyArtBrushes /public_html/cart/skin1/admin/main welcome.tpl
2007.01.15 11:05 B C:\Serguei_All\Brushes\cart\skin1\admin\main\xcart_news.tpl <-- KolinskyArtBrushes /public_html/cart/skin1/admin/main xcart_news.tpl
2007.01.15 11:25 B C:\Serguei_All\Vorojtsov.com\public_html\shop\skin1\admin\main\atracking_adaptives.tpl --> ftp.vorojtsov.com /public_html/vorojtsov/shop/skin1/admin/main atracking_adaptives.tpl
2007.01.15 11:25 B C:\Serguei_All\Vorojtsov.com\public_html\shop\skin1\admin\main\atracking_cartfunnel.tpl --> ftp.vorojtsov.com /public_html/vorojtsov/shop/skin1/admin/main atracking_cartfunnel.tpl
2007.01.15 11:25 B C:\Serguei_All\Vorojtsov.com\public_html\shop\skin1\admin\main\atracking_logins.tpl --> ftp.vorojtsov.com /public_html/vorojtsov/shop/skin1/admin/main atracking_logins.tpl
2007.01.15 11:25 B C:\Serguei_All\Vorojtsov.com\public_html\shop\skin1\admin\main\atracking_pageviews.tpl --> ftp.vorojtsov.com /public_html/vorojtsov/shop/skin1/admin/main atracking_pageviews.tpl
2007.01.15 11:25 B C:\Serguei_All\Vorojtsov.com\public_html\shop\skin1\admin\main\atracking_search.tpl --> ftp.vorojtsov.com /public_html/vorojtsov/shop/skin1/admin/main atracking_search.tpl
2007.01.15 11:25 B C:\Serguei_All\Vorojtsov.com\public_html\shop\skin1\admin\main\atracking_toppaths.tpl --> ftp.vorojtsov.com /public_html/vorojtsov/shop/skin1/admin/main atracking_toppaths.tpl
2007.01.15 11:25 B C:\Serguei_All\Vorojtsov.com\public_html\shop\skin1\admin\main\calendar.tpl --> ftp.vorojtsov.com /public_html/vorojtsov/shop/skin1/admin/main calendar.tpl
2007.01.15 11:25 B C:\Serguei_All\Vorojtsov.com\public_html\shop\skin1\admin\main\card_types.tpl --> ftp.vorojtsov.com /public_html/vorojtsov/shop/skin1/admin/main card_types.tpl
2007.01.15 11:25 B C:\Serguei_All\Vorojtsov.com\public_html\shop\skin1\admin\main\categories.tpl --> ftp.vorojtsov.com /public_html/vorojtsov/shop/skin1/admin/main categories.tpl
2007.01.15 11:25 B C:\Serguei_All\Vorojtsov.com\public_html\shop\skin1\admin\main\category_del_confirmation.tpl --> ftp.vorojtsov.com /public_html/vorojtsov/shop/skin1/admin/main category_del_confirmation.tpl
2007.01.15 11:25 B C:\Serguei_All\Vorojtsov.com\public_html\shop\skin1\admin\main\category_lng.tpl --> ftp.vorojtsov.com /public_html/vorojtsov/shop/skin1/admin/main category_lng.tpl
2007.01.15 11:25 B C:\Serguei_All\Vorojtsov.com\public_html\shop\skin1\admin\main\category_modify.tpl --> ftp.vorojtsov.com /public_html/vorojtsov/shop/skin1/admin/main category_modify.tpl
2007.01.15 11:25 B C:\Serguei_All\Vorojtsov.com\public_html\shop\skin1\admin\main\category_products.tpl --> ftp.vorojtsov.com /public_html/vorojtsov/shop/skin1/admin/main category_products.tpl
2007.01.15 11:25 B C:\Serguei_All\Vorojtsov.com\public_html\shop\skin1\admin\main\cc_processing.tpl --> ftp.vorojtsov.com /public_html/vorojtsov/shop/skin1/admin/main cc_processing.tpl
2007.01.15 11:25 B C:\Serguei_All\Vorojtsov.com\public_html\shop\skin1\admin\main\cc_processing_main.tpl --> ftp.vorojtsov.com /public_html/vorojtsov/shop/skin1/admin/main cc_processing_main.tpl
2007.01.15 11:25 B C:\Serguei_All\Vorojtsov.com\public_html\shop\skin1\admin\main\change_mpassword.tpl --> ftp.vorojtsov.com /public_html/vorojtsov/shop/skin1/admin/main change_mpassword.tpl
2007.01.15 11:25 B C:\Serguei_All\Vorojtsov.com\public_html\shop\skin1\admin\main\configuration.tpl --> ftp.vorojtsov.com /public_html/vorojtsov/shop/skin1/admin/main configuration.tpl
2007.01.15 11:25 B C:\Serguei_All\Vorojtsov.com\public_html\shop\skin1\admin\main\contact_us_profiles.tpl --> ftp.vorojtsov.com /public_html/vorojtsov/shop/skin1/admin/main contact_us_profiles.tpl
2007.01.15 11:25 B C:\Serguei_All\Vorojtsov.com\public_html\shop\skin1\admin\main\counties.tpl --> ftp.vorojtsov.com /public_html/vorojtsov/shop/skin1/admin/main counties.tpl
2007.01.15 11:25 B C:\Serguei_All\Vorojtsov.com\public_html\shop\skin1\admin\main\countries.tpl --> ftp.vorojtsov.com /public_html/vorojtsov/shop/skin1/admin/main countries.tpl
2007.01.15 11:25 B C:\Serguei_All\Vorojtsov.com\public_html\shop\skin1\admin\main\db_backup.tpl --> ftp.vorojtsov.com /public_html/vorojtsov/shop/skin1/admin/main db_backup.tpl
2007.01.15 11:25 B C:\Serguei_All\Vorojtsov.com\public_html\shop\skin1\admin\main\edit_dir.tpl --> ftp.vorojtsov.com /public_html/vorojtsov/shop/skin1/admin/main edit_dir.tpl
2007.01.15 11:25 B C:\Serguei_All\Vorojtsov.com\public_html\shop\skin1\admin\main\edit_file.tpl --> ftp.vorojtsov.com /public_html/vorojtsov/shop/skin1/admin/main edit_file.tpl
2007.01.15 11:25 B C:\Serguei_All\Vorojtsov.com\public_html\shop\skin1\admin\main\edit_memberships.tpl --> ftp.vorojtsov.com /public_html/vorojtsov/shop/skin1/admin/main edit_memberships.tpl
2007.01.15 11:25 B C:\Serguei_All\Vorojtsov.com\public_html\shop\skin1\admin\main\editor_mode.tpl --> ftp.vorojtsov.com /public_html/vorojtsov/shop/skin1/admin/main editor_mode.tpl
2007.01.15 11:25 B C:\Serguei_All\Vorojtsov.com\public_html\shop\skin1\admin\main\featured_products.tpl --> ftp.vorojtsov.com /public_html/vorojtsov/shop/skin1/admin/main featured_products.tpl
2007.01.15 11:25 B C:\Serguei_All\Vorojtsov.com\public_html\shop\skin1\admin\main\general.tpl --> ftp.vorojtsov.com /public_html/vorojtsov/shop/skin1/admin/main general.tpl
2007.01.15 11:25 B C:\Serguei_All\Vorojtsov.com\public_html\shop\skin1\admin\main\html_catalog.tpl --> ftp.vorojtsov.com /public_html/vorojtsov/shop/skin1/admin/main html_catalog.tpl
2007.01.15 11:25 B C:\Serguei_All\Vorojtsov.com\public_html\shop\skin1\admin\main\images_location.tpl --> ftp.vorojtsov.com /public_html/vorojtsov/shop/skin1/admin/main images_location.tpl
2007.01.15 11:25 B C:\Serguei_All\Vorojtsov.com\public_html\shop\skin1\admin\main\images_location_log.tpl --> ftp.vorojtsov.com /public_html/vorojtsov/shop/skin1/admin/main images_location_log.tpl
2007.01.15 11:25 B C:\Serguei_All\Vorojtsov.com\public_html\shop\skin1\admin\main\languages.tpl --> ftp.vorojtsov.com /public_html/vorojtsov/shop/skin1/admin/main languages.tpl
2007.01.15 11:25 B C:\Serguei_All\Vorojtsov.com\public_html\shop\skin1\admin\main\location.tpl --> ftp.vorojtsov.com /public_html/vorojtsov/shop/skin1/admin/main location.tpl
2007.01.15 11:25 B C:\Serguei_All\Vorojtsov.com\public_html\shop\skin1\admin\main\main.tpl --> ftp.vorojtsov.com /public_html/vorojtsov/shop/skin1/admin/main main.tpl
2007.01.15 11:25 B C:\Serguei_All\Vorojtsov.com\public_html\shop\skin1\admin\main\membership.tpl --> ftp.vorojtsov.com /public_html/vorojtsov/shop/skin1/admin/main membership.tpl
2007.01.15 11:25 B C:\Serguei_All\Vorojtsov.com\public_html\shop\skin1\admin\main\membership_signup.tpl --> ftp.vorojtsov.com /public_html/vorojtsov/shop/skin1/admin/main membership_signup.tpl
2007.01.15 11:25 B C:\Serguei_All\Vorojtsov.com\public_html\shop\skin1\admin\main\memberships.tpl --> ftp.vorojtsov.com /public_html/vorojtsov/shop/skin1/admin/main memberships.tpl
2007.01.15 11:25 B C:\Serguei_All\Vorojtsov.com\public_html\shop\skin1\admin\main\modules.tpl --> ftp.vorojtsov.com /public_html/vorojtsov/shop/skin1/admin/main modules.tpl
2007.01.15 11:25 B C:\Serguei_All\Vorojtsov.com\public_html\shop\skin1\admin\main\page_edit.tpl --> ftp.vorojtsov.com /public_html/vorojtsov/shop/skin1/admin/main page_edit.tpl
2007.01.15 11:25 B C:\Serguei_All\Vorojtsov.com\public_html\shop\skin1\admin\main\pages.tpl --> ftp.vorojtsov.com /public_html/vorojtsov/shop/skin1/admin/main pages.tpl
2007.01.15 11:25 B C:\Serguei_All\Vorojtsov.com\public_html\shop\skin1\admin\main\partner_adv_campaigns.tpl --> ftp.vorojtsov.com /public_html/vorojtsov/shop/skin1/admin/main partner_adv_campaigns.tpl
2007.01.15 11:25 B C:\Serguei_All\Vorojtsov.com\public_html\shop\skin1\admin\main\partner_adv_stats.tpl --> ftp.vorojtsov.com /public_html/vorojtsov/shop/skin1/admin/main partner_adv_stats.tpl
2007.01.15 11:25 B C:\Serguei_All\Vorojtsov.com\public_html\shop\skin1\admin\main\partner_banners.tpl --> ftp.vorojtsov.com /public_html/vorojtsov/shop/skin1/admin/main partner_banners.tpl
2007.01.15 11:25 B C:\Serguei_All\Vorojtsov.com\public_html\shop\skin1\admin\main\partner_commissions.tpl --> ftp.vorojtsov.com /public_html/vorojtsov/shop/skin1/admin/main partner_commissions.tpl
2007.01.15 11:25 B C:\Serguei_All\Vorojtsov.com\public_html\shop\skin1\admin\main\partner_element_list.tpl --> ftp.vorojtsov.com /public_html/vorojtsov/shop/skin1/admin/main partner_element_list.tpl
2007.01.15 11:25 B C:\Serguei_All\Vorojtsov.com\public_html\shop\skin1\admin\main\partner_level_commissions.tpl --> ftp.vorojtsov.com /public_html/vorojtsov/shop/skin1/admin/main partner_level_commissions.tpl
2007.01.15 11:25 B C:\Serguei_All\Vorojtsov.com\public_html\shop\skin1\admin\main\partner_orders.tpl --> ftp.vorojtsov.com /public_html/vorojtsov/shop/skin1/admin/main partner_orders.tpl
2007.01.15 11:25 B C:\Serguei_All\Vorojtsov.com\public_html\shop\skin1\admin\main\partner_orders_export.tpl --> ftp.vorojtsov.com /public_html/vorojtsov/shop/skin1/admin/main partner_orders_export.tpl
2007.01.15 11:25 B C:\Serguei_All\Vorojtsov.com\public_html\shop\skin1\admin\main\partner_plans.tpl --> ftp.vorojtsov.com /public_html/vorojtsov/shop/skin1/admin/main partner_plans.tpl
2007.01.15 11:25 B C:\Serguei_All\Vorojtsov.com\public_html\shop\skin1\admin\main\partner_plans_edit.tpl --> ftp.vorojtsov.com /public_html/vorojtsov/shop/skin1/admin/main partner_plans_edit.tpl
2007.01.15 11:25 B C:\Serguei_All\Vorojtsov.com\public_html\shop\skin1\admin\main\partner_report.tpl --> ftp.vorojtsov.com /public_html/vorojtsov/shop/skin1/admin/main partner_report.tpl
2007.01.15 11:25 B C:\Serguei_All\Vorojtsov.com\public_html\shop\skin1\admin\main\partner_report_export.tpl --> ftp.vorojtsov.com /public_html/vorojtsov/shop/skin1/admin/main partner_report_export.tpl
2007.01.15 11:25 B C:\Serguei_All\Vorojtsov.com\public_html\shop\skin1\admin\main\partner_top_performers.tpl --> ftp.vorojtsov.com /public_html/vorojtsov/shop/skin1/admin/main partner_top_performers.tpl
2007.01.15 11:25 B C:\Serguei_All\Vorojtsov.com\public_html\shop\skin1\admin\main\patch.tpl --> ftp.vorojtsov.com /public_html/vorojtsov/shop/skin1/admin/main patch.tpl
2007.01.15 11:25 B C:\Serguei_All\Vorojtsov.com\public_html\shop\skin1\admin\main\patch_apply.tpl --> ftp.vorojtsov.com /public_html/vorojtsov/shop/skin1/admin/main patch_apply.tpl
2007.01.15 11:25 B C:\Serguei_All\Vorojtsov.com\public_html\shop\skin1\admin\main\patch_apply_tbl.tpl --> ftp.vorojtsov.com /public_html/vorojtsov/shop/skin1/admin/main patch_apply_tbl.tpl
2007.01.15 11:25 B C:\Serguei_All\Vorojtsov.com\public_html\shop\skin1\admin\main\payment_methods.tpl --> ftp.vorojtsov.com /public_html/vorojtsov/shop/skin1/admin/main payment_methods.tpl
2007.01.15 11:25 B C:\Serguei_All\Vorojtsov.com\public_html\shop\skin1\admin\main\payment_upload.tpl --> ftp.vorojtsov.com /public_html/vorojtsov/shop/skin1/admin/main payment_upload.tpl
2007.01.15 11:25 B C:\Serguei_All\Vorojtsov.com\public_html\shop\skin1\admin\main\preview_banner.tpl --> ftp.vorojtsov.com /public_html/vorojtsov/shop/skin1/admin/main preview_banner.tpl
2007.01.15 11:25 B C:\Serguei_All\Vorojtsov.com\public_html\shop\skin1\admin\main\product_links.tpl --> ftp.vorojtsov.com /public_html/vorojtsov/shop/skin1/admin/main product_links.tpl
2007.01.15 11:25 B C:\Serguei_All\Vorojtsov.com\public_html\shop\skin1\admin\main\promotions.tpl --> ftp.vorojtsov.com /public_html/vorojtsov/shop/skin1/admin/main promotions.tpl
2007.01.15 11:25 B C:\Serguei_All\Vorojtsov.com\public_html\shop\skin1\admin\main\ratings_edit.tpl --> ftp.vorojtsov.com /public_html/vorojtsov/shop/skin1/admin/main ratings_edit.tpl
2007.01.15 11:25 B C:\Serguei_All\Vorojtsov.com\public_html\shop\skin1\admin\main\register.tpl --> ftp.vorojtsov.com /public_html/vorojtsov/shop/skin1/admin/main register.tpl
2007.01.15 11:25 B C:\Serguei_All\Vorojtsov.com\public_html\shop\skin1\admin\main\search_products_form.tpl --> ftp.vorojtsov.com /public_html/vorojtsov/shop/skin1/admin/main search_products_form.tpl
2007.01.15 11:25 B C:\Serguei_All\Vorojtsov.com\public_html\shop\skin1\admin\main\secure_login_form.tpl --> ftp.vorojtsov.com /public_html/vorojtsov/shop/skin1/admin/main secure_login_form.tpl
2007.01.15 11:25 B C:\Serguei_All\Vorojtsov.com\public_html\shop\skin1\admin\main\shipping.tpl --> ftp.vorojtsov.com /public_html/vorojtsov/shop/skin1/admin/main shipping.tpl
2007.01.15 11:25 B C:\Serguei_All\Vorojtsov.com\public_html\shop\skin1\admin\main\shipping_options.tpl --> ftp.vorojtsov.com /public_html/vorojtsov/shop/skin1/admin/main shipping_options.tpl
2007.01.15 11:25 B C:\Serguei_All\Vorojtsov.com\public_html\shop\skin1\admin\main\speed_bar.tpl --> ftp.vorojtsov.com /public_html/vorojtsov/shop/skin1/admin/main speed_bar.tpl
2007.01.15 11:25 B C:\Serguei_All\Vorojtsov.com\public_html\shop\skin1\admin\main\states.tpl --> ftp.vorojtsov.com /public_html/vorojtsov/shop/skin1/admin/main states.tpl
2007.01.15 11:25 B C:\Serguei_All\Vorojtsov.com\public_html\shop\skin1\admin\main\statistics.tpl --> ftp.vorojtsov.com /public_html/vorojtsov/shop/skin1/admin/main statistics.tpl
2007.01.15 11:25 B C:\Serguei_All\Vorojtsov.com\public_html\shop\skin1\admin\main\tax_edit.tpl --> ftp.vorojtsov.com /public_html/vorojtsov/shop/skin1/admin/main tax_edit.tpl
2007.01.15 11:25 B C:\Serguei_All\Vorojtsov.com\public_html\shop\skin1\admin\main\taxes.tpl --> ftp.vorojtsov.com /public_html/vorojtsov/shop/skin1/admin/main taxes.tpl
2007.01.15 11:25 B C:\Serguei_All\Vorojtsov.com\public_html\shop\skin1\admin\main\test_https_module.tpl --> ftp.vorojtsov.com /public_html/vorojtsov/shop/skin1/admin/main test_https_module.tpl
2007.01.15 11:25 B C:\Serguei_All\Vorojtsov.com\public_html\shop\skin1\admin\main\test_pgp.tpl --> ftp.vorojtsov.com /public_html/vorojtsov/shop/skin1/admin/main test_pgp.tpl
2007.01.15 11:25 B C:\Serguei_All\Vorojtsov.com\public_html\shop\skin1\admin\main\test_shippings.tpl --> ftp.vorojtsov.com /public_html/vorojtsov/shop/skin1/admin/main test_shippings.tpl
2007.01.15 11:25 B C:\Serguei_All\Vorojtsov.com\public_html\shop\skin1\admin\main\user_delete_confirmation.tpl --> ftp.vorojtsov.com /public_html/vorojtsov/shop/skin1/admin/main user_delete_confirmation.tpl
2007.01.15 11:25 B C:\Serguei_All\Vorojtsov.com\public_html\shop\skin1\admin\main\user_profiles.tpl --> ftp.vorojtsov.com /public_html/vorojtsov/shop/skin1/admin/main user_profiles.tpl
2007.01.15 11:25 B C:\Serguei_All\Vorojtsov.com\public_html\shop\skin1\admin\main\users.tpl --> ftp.vorojtsov.com /public_html/vorojtsov/shop/skin1/admin/main users.tpl
2007.01.15 11:25 B C:\Serguei_All\Vorojtsov.com\public_html\shop\skin1\admin\main\welcome.tpl --> ftp.vorojtsov.com /public_html/vorojtsov/shop/skin1/admin/main welcome.tpl
