* About to connect() to mws.amazonservices.com port 443 (#0)
*   Trying 54.239.25.189... * connected
* Connected to mws.amazonservices.com (54.239.25.189) port 443 (#0)
* successfully set certificate verify locations:
*   CAfile: none
  CApath: /etc/ssl/certs
* SSL connection using AES128-SHA
* Server certificate:
* 	 subject: C=US; ST=Washington; L=Seattle; O=Amazon.com, Inc.; CN=mws.amazonservices.com
* 	 start date: 2016-08-30 00:00:00 GMT
* 	 expire date: 2017-08-31 23:59:59 GMT
* 	 subjectAltName: mws.amazonservices.com matched
* 	 issuer: C=US; O=Symantec Corporation; OU=Symantec Trust Network; CN=Symantec Class 3 Secure Server CA - G4
* 	 SSL certificate verify ok.
> POST / HTTP/1.1
User-Agent: s3stores/1 (Language=PHP/5.4.36-1~dotdeb.0; Platform=Linux/x86_64/3.2.0-0.bpo.4-amd64; MWSClientVersion=2014-09-30)
Host: mws.amazonservices.com
Accept: */*
Content-Length: 374
Content-Type: application/x-www-form-urlencoded

< HTTP/1.1 200 OK
< Server: Server
< Date: Wed, 22 Feb 2017 07:18:00 GMT
< Content-Type: text/xml
< Content-Length: 719
< Connection: keep-alive
< x-mws-quota-max: 60.0
< x-mws-quota-remaining: 60.0
< x-mws-quota-resetsOn: 2017-02-22T08:06:00.000Z
< X-Amz-Date: Wed, 22 Feb 2017 07:18:00 GMT
< x-amzn-Authorization: AAA SignedHeaders=X-Amz-Date, identity=com.amazon.aaa.FrpAndromedaReportsPlugin.AndromedaControlService.amzn1.aaa.id.qhz3ylg755gkejyk5sh44qm3wy.Default/1, Signed=true, Encrypted=false, Signature=VREVSslnIM4RAv0uRxKwKUJdgUKZpm1W8iVMjWwfswc=, Algorithm=HmacSHA256
< x-mws-request-id: 916ad8c5-2d0b-4134-a628-a0f4892b4f68
< x-mws-timestamp: 2017-02-22T07:18:00.185Z
< x-mws-response-context: G89nF7Cf5gTFeuaKCegNoiapL4VOAjPoitmogkICFN9UCzcvvQfPUkzV/+d61AtIx/gQF1TPRI0=
< Vary: Accept-Encoding,User-Agent
< 
* Connection #0 to host mws.amazonservices.com left intact
* Closing connection #0
* About to connect() to mws.amazonservices.com port 443 (#0)
*   Trying 54.239.25.189... * connected
* Connected to mws.amazonservices.com (54.239.25.189) port 443 (#0)
* successfully set certificate verify locations:
*   CAfile: none
  CApath: /etc/ssl/certs
* SSL connection using AES128-SHA
* Server certificate:
* 	 subject: C=US; ST=Washington; L=Seattle; O=Amazon.com, Inc.; CN=mws.amazonservices.com
* 	 start date: 2016-08-30 00:00:00 GMT
* 	 expire date: 2017-08-31 23:59:59 GMT
* 	 subjectAltName: mws.amazonservices.com matched
* 	 issuer: C=US; O=Symantec Corporation; OU=Symantec Trust Network; CN=Symantec Class 3 Secure Server CA - G4
* 	 SSL certificate verify ok.
> POST / HTTP/1.1
User-Agent: s3stores/1 (Language=PHP/5.4.36-1~dotdeb.0; Platform=Linux/x86_64/3.2.0-0.bpo.4-amd64; MWSClientVersion=2014-09-30)
Host: mws.amazonservices.com
Accept: */*
Content-Length: 292
Content-Type: application/x-www-form-urlencoded

< HTTP/1.1 200 OK
< Server: Server
< Date: Wed, 22 Feb 2017 07:18:00 GMT
< Content-Type: text/xml
< Content-Length: 776
< Connection: keep-alive
< x-mws-quota-max: 80.0
< x-mws-quota-remaining: 80.0
< x-mws-quota-resetsOn: 2017-02-22T08:06:00.000Z
< X-Amz-Date: Wed, 22 Feb 2017 07:18:00 GMT
< x-amzn-Authorization: AAA SignedHeaders=X-Amz-Date, identity=com.amazon.aaa.FrpAndromedaReportsPlugin.AndromedaControlService.amzn1.aaa.id.qhz3ylg755gkejyk5sh44qm3wy.Default/1, Signed=true, Encrypted=false, Signature=t55CEMCaseNSK/+VJPQ7hH3imcEAkRmbT+19IISYMpg=, Algorithm=HmacSHA256
< x-mws-request-id: a035e406-2fbd-4414-93ef-91885c05700e
< x-mws-timestamp: 2017-02-22T07:18:00.558Z
< x-mws-response-context: fHIDIfT3LrrcGY9EPr+dN+TgSEHrvkFaKdmxQi886QFV/AdCAK1ZINPsxSCqWF/v+Vk/vtbzjz0=
< Vary: Accept-Encoding,User-Agent
< 
* Connection #0 to host mws.amazonservices.com left intact
* Closing connection #0
* About to connect() to mws.amazonservices.com port 443 (#0)
*   Trying 54.239.25.189... * connected
* Connected to mws.amazonservices.com (54.239.25.189) port 443 (#0)
* successfully set certificate verify locations:
*   CAfile: none
  CApath: /etc/ssl/certs
* SSL connection using AES128-SHA
* Server certificate:
* 	 subject: C=US; ST=Washington; L=Seattle; O=Amazon.com, Inc.; CN=mws.amazonservices.com
* 	 start date: 2016-08-30 00:00:00 GMT
* 	 expire date: 2017-08-31 23:59:59 GMT
* 	 subjectAltName: mws.amazonservices.com matched
* 	 issuer: C=US; O=Symantec Corporation; OU=Symantec Trust Network; CN=Symantec Class 3 Secure Server CA - G4
* 	 SSL certificate verify ok.
> POST / HTTP/1.1
User-Agent: s3stores/1 (Language=PHP/5.4.36-1~dotdeb.0; Platform=Linux/x86_64/3.2.0-0.bpo.4-amd64; MWSClientVersion=2014-09-30)
Host: mws.amazonservices.com
Accept: */*
Content-Length: 290
Content-Type: application/x-www-form-urlencoded

< HTTP/1.1 200 OK
< Server: Server
< Date: Wed, 22 Feb 2017 07:18:45 GMT
< Content-Type: text/xml
< Content-Length: 975
< Connection: keep-alive
< x-mws-quota-max: 80.0
< x-mws-quota-remaining: 80.0
< x-mws-quota-resetsOn: 2017-02-22T08:06:00.000Z
< X-Amz-Date: Wed, 22 Feb 2017 07:18:45 GMT
< x-amzn-Authorization: AAA SignedHeaders=X-Amz-Date, identity=com.amazon.aaa.FrpAndromedaReportsPlugin.AndromedaControlService.amzn1.aaa.id.qhz3ylg755gkejyk5sh44qm3wy.Default/1, Signed=true, Encrypted=false, Signature=ArfW8DvhZa7eNR9+ttBt1bNEFG4ZgS8R1dSabRYvSx8=, Algorithm=HmacSHA256
< x-mws-request-id: df6efa0f-5b32-4f1a-b0a0-72012fd70f91
< x-mws-timestamp: 2017-02-22T07:18:45.829Z
< x-mws-response-context: E7QY0zXiFXUD3j5Eufyub4YR9bEvUpecc08jbNL0YdDklflJiwBQs9duN6hdJ5N8s7KjceLuncw=
< Vary: Accept-Encoding,User-Agent
< 
* Connection #0 to host mws.amazonservices.com left intact
* Closing connection #0
* About to connect() to mws.amazonservices.com port 443 (#0)
*   Trying 54.239.25.189... * connected
* Connected to mws.amazonservices.com (54.239.25.189) port 443 (#0)
* successfully set certificate verify locations:
*   CAfile: none
  CApath: /etc/ssl/certs
* SSL connection using AES128-SHA
* Server certificate:
* 	 subject: C=US; ST=Washington; L=Seattle; O=Amazon.com, Inc.; CN=mws.amazonservices.com
* 	 start date: 2016-08-30 00:00:00 GMT
* 	 expire date: 2017-08-31 23:59:59 GMT
* 	 subjectAltName: mws.amazonservices.com matched
* 	 issuer: C=US; O=Symantec Corporation; OU=Symantec Trust Network; CN=Symantec Class 3 Secure Server CA - G4
* 	 SSL certificate verify ok.
> POST / HTTP/1.1
User-Agent: s3stores/1 (Language=PHP/5.4.36-1~dotdeb.0; Platform=Linux/x86_64/3.2.0-0.bpo.4-amd64; MWSClientVersion=2014-09-30)
Host: mws.amazonservices.com
Accept: */*
Content-Length: 337
Content-Type: application/x-www-form-urlencoded

< HTTP/1.1 200 OK
< Server: Server
< Date: Wed, 22 Feb 2017 07:18:51 GMT
< Content-Type: text/xml
< Content-Length: 611
< Connection: keep-alive
< x-mws-quota-max: 60.0
< x-mws-quota-remaining: 60.0
< x-mws-quota-resetsOn: 2017-02-22T08:06:00.000Z
< X-Amz-Date: Wed, 22 Feb 2017 07:18:51 GMT
< x-amzn-Authorization: AAA SignedHeaders=X-Amz-Date, identity=com.amazon.aaa.FrpAndromedaReportsPlugin.AndromedaControlService.amzn1.aaa.id.qhz3ylg755gkejyk5sh44qm3wy.Default/1, Signed=true, Encrypted=false, Signature=9vIDaBdr5bElrCLOMvp+u9YB86M1KAGnyKCWgAQIrRA=, Algorithm=HmacSHA256
< x-mws-request-id: 672ede0e-4e24-4457-a586-ff786b59b56b
< x-mws-timestamp: 2017-02-22T07:18:51.089Z
< x-mws-response-context: O/6reg51Jr9wLTMyBmjZO8w0PtbYWaGn2EgYdWYj6RfrRiCaktJ3XV+R3CxDz/Dv/3gvjdBOkfQ=
< Vary: Accept-Encoding,User-Agent
< 
* Connection #0 to host mws.amazonservices.com left intact
* Closing connection #0
* About to connect() to mws.amazonservices.com port 443 (#0)
*   Trying 54.239.25.189... * connected
* Connected to mws.amazonservices.com (54.239.25.189) port 443 (#0)
* successfully set certificate verify locations:
*   CAfile: none
  CApath: /etc/ssl/certs
* SSL connection using AES128-SHA
* Server certificate:
* 	 subject: C=US; ST=Washington; L=Seattle; O=Amazon.com, Inc.; CN=mws.amazonservices.com
* 	 start date: 2016-08-30 00:00:00 GMT
* 	 expire date: 2017-08-31 23:59:59 GMT
* 	 subjectAltName: mws.amazonservices.com matched
* 	 issuer: C=US; O=Symantec Corporation; OU=Symantec Trust Network; CN=Symantec Class 3 Secure Server CA - G4
* 	 SSL certificate verify ok.
> POST / HTTP/1.1
User-Agent: s3stores/1 (Language=PHP/5.4.36-1~dotdeb.0; Platform=Linux/x86_64/3.2.0-0.bpo.4-amd64; MWSClientVersion=2014-09-30)
Host: mws.amazonservices.com
Accept: */*
Content-Length: 271
Content-Type: application/x-www-form-urlencoded

< HTTP/1.1 200 OK
< Server: Server
< Date: Wed, 22 Feb 2017 07:18:51 GMT
< Content-Type: text/plain;charset=Cp1252
< Content-Length: 196591
< Connection: keep-alive
< x-mws-quota-max: 60.0
< x-mws-quota-remaining: 60.0
< x-mws-quota-resetsOn: 2017-02-22T08:06:00.000Z
< Content-MD5: 6qIq3l2shDBdkQ0wh/cVnw==
< x-mws-response-context: 1T6LWhv2XUyVsYib3fd+m3BCZtpT3Hn+4iwhuTSNweVeengL+ytvMLXP6XjaaovwvslRHANEVv4=
< x-mws-response-context: ++zRBAR9H2FETE3xZHkIvll9JUY6ZKpvh+aFVi1vYnfd1uYUPvwIEjt//UqxV8cx37hl3Ehipvw=
< x-amz-request-id: fe1a7ecc-ffda-4328-8b23-f1ea12e316ca
< x-mws-request-id: fe1a7ecc-ffda-4328-8b23-f1ea12e316ca
< x-mws-timestamp: 2017-02-22T07:18:51.345Z
< Vary: Accept-Encoding,User-Agent
< 
* Connection #0 to host mws.amazonservices.com left intact
* Closing connection #0
* About to connect() to mws.amazonservices.com port 443 (#0)
*   Trying 54.239.25.189... * connected
* Connected to mws.amazonservices.com (54.239.25.189) port 443 (#0)
* successfully set certificate verify locations:
*   CAfile: none
  CApath: /etc/ssl/certs
* SSL connection using AES128-SHA
* Server certificate:
* 	 subject: C=US; ST=Washington; L=Seattle; O=Amazon.com, Inc.; CN=mws.amazonservices.com
* 	 start date: 2016-08-30 00:00:00 GMT
* 	 expire date: 2017-08-31 23:59:59 GMT
* 	 subjectAltName: mws.amazonservices.com matched
* 	 issuer: C=US; O=Symantec Corporation; OU=Symantec Trust Network; CN=Symantec Class 3 Secure Server CA - G4
* 	 SSL certificate verify ok.
> POST / HTTP/1.1
User-Agent: s3stores/1 (Language=PHP/5.4.36-1~dotdeb.0; Platform=Linux/x86_64/3.2.0-0.bpo.4-amd64; MWSClientVersion=2014-09-30)
Host: mws.amazonservices.com
Accept: */*
Content-Length: 311
Content-Type: application/x-www-form-urlencoded

< HTTP/1.1 200 OK
< Server: Server
< Date: Wed, 22 Feb 2017 07:18:51 GMT
< Content-Type: text/xml
< Content-Length: 731
< Connection: keep-alive
< x-mws-quota-max: 80.0
< x-mws-quota-remaining: 80.0
< x-mws-quota-resetsOn: 2017-02-22T08:06:00.000Z
< X-Amz-Date: Wed, 22 Feb 2017 07:18:51 GMT
< x-amzn-Authorization: AAA SignedHeaders=X-Amz-Date, identity=com.amazon.aaa.FrpAndromedaReportsPlugin.AndromedaControlService.amzn1.aaa.id.qhz3ylg755gkejyk5sh44qm3wy.Default/1, Signed=true, Encrypted=false, Signature=zqtJwhu7++qt+xlM2Aq+VCgOg1J7PfDHy1N5PaRB0IQ=, Algorithm=HmacSHA256
< x-mws-request-id: 6b98f73e-e378-4044-813e-87212044699c
< x-mws-timestamp: 2017-02-22T07:18:51.854Z
< x-mws-response-context: SBHS5QOjogPYQKJlVNF0l1iLEMob1A3pmGbfoK16jhVFB3cxyOyaq65uIDi5voo2n3OAbWq/qRM=
< Vary: Accept-Encoding,User-Agent
< 
* Connection #0 to host mws.amazonservices.com left intact
* Closing connection #0
* About to connect() to mws.amazonservices.com port 443 (#0)
*   Trying 54.239.24.6... * connected
* Connected to mws.amazonservices.com (54.239.24.6) port 443 (#0)
* successfully set certificate verify locations:
*   CAfile: none
  CApath: /etc/ssl/certs
* SSL connection using AES128-SHA
* Server certificate:
* 	 subject: C=US; ST=Washington; L=Seattle; O=Amazon.com, Inc.; CN=mws.amazonservices.com
* 	 start date: 2016-08-30 00:00:00 GMT
* 	 expire date: 2017-08-31 23:59:59 GMT
* 	 subjectAltName: mws.amazonservices.com matched
* 	 issuer: C=US; O=Symantec Corporation; OU=Symantec Trust Network; CN=Symantec Class 3 Secure Server CA - G4
* 	 SSL certificate verify ok.
> POST / HTTP/1.1
User-Agent: s3stores/1 (Language=PHP/5.4.36-1~dotdeb.0; Platform=Linux/x86_64/3.2.0-0.bpo.4-amd64; MWSClientVersion=2014-09-30)
Host: mws.amazonservices.com
Accept: */*
Content-Length: 323
Content-Type: application/x-www-form-urlencoded

< HTTP/1.1 200 OK
< Server: Server
< Date: Wed, 22 Feb 2017 07:19:52 GMT
< Content-Type: text/xml
< Content-Length: 711
< Connection: keep-alive
< x-mws-quota-max: 60.0
< x-mws-quota-remaining: 59.0
< x-mws-quota-resetsOn: 2017-02-22T08:06:00.000Z
< X-Amz-Date: Wed, 22 Feb 2017 07:19:52 GMT
< x-amzn-Authorization: AAA SignedHeaders=X-Amz-Date, identity=com.amazon.aaa.FrpAndromedaReportsPlugin.AndromedaControlService.amzn1.aaa.id.qhz3ylg755gkejyk5sh44qm3wy.Default/1, Signed=true, Encrypted=false, Signature=krpC4HJ4TqXbGSD4T+G/O97sIkNytoZRI0kgpW2nb5E=, Algorithm=HmacSHA256
< x-mws-request-id: 020fbfe9-9062-4050-9de2-0cbc63512624
< x-mws-timestamp: 2017-02-22T07:19:52.353Z
< x-mws-response-context: oz0PNxMuCi7EIJuLKPDu0vbYucZW3JKWG5n2M4VYGWF46vD630hfbmSSDu35dI0DhjqGV5TelVc=
< Vary: Accept-Encoding,User-Agent
< 
* Connection #0 to host mws.amazonservices.com left intact
* Closing connection #0
* About to connect() to mws.amazonservices.com port 443 (#0)
*   Trying 54.239.24.6... * connected
* Connected to mws.amazonservices.com (54.239.24.6) port 443 (#0)
* successfully set certificate verify locations:
*   CAfile: none
  CApath: /etc/ssl/certs
* SSL connection using AES128-SHA
* Server certificate:
* 	 subject: C=US; ST=Washington; L=Seattle; O=Amazon.com, Inc.; CN=mws.amazonservices.com
* 	 start date: 2016-08-30 00:00:00 GMT
* 	 expire date: 2017-08-31 23:59:59 GMT
* 	 subjectAltName: mws.amazonservices.com matched
* 	 issuer: C=US; O=Symantec Corporation; OU=Symantec Trust Network; CN=Symantec Class 3 Secure Server CA - G4
* 	 SSL certificate verify ok.
> POST / HTTP/1.1
User-Agent: s3stores/1 (Language=PHP/5.4.36-1~dotdeb.0; Platform=Linux/x86_64/3.2.0-0.bpo.4-amd64; MWSClientVersion=2014-09-30)
Host: mws.amazonservices.com
Accept: */*
Content-Length: 290
Content-Type: application/x-www-form-urlencoded

< HTTP/1.1 200 OK
< Server: Server
< Date: Wed, 22 Feb 2017 07:19:52 GMT
< Content-Type: text/xml
< Content-Length: 768
< Connection: keep-alive
< x-mws-quota-max: 80.0
< x-mws-quota-remaining: 79.0
< x-mws-quota-resetsOn: 2017-02-22T08:06:00.000Z
< X-Amz-Date: Wed, 22 Feb 2017 07:19:52 GMT
< x-amzn-Authorization: AAA SignedHeaders=X-Amz-Date, identity=com.amazon.aaa.FrpAndromedaReportsPlugin.AndromedaControlService.amzn1.aaa.id.qhz3ylg755gkejyk5sh44qm3wy.Default/1, Signed=true, Encrypted=false, Signature=iHtVja5/sCUNEABlERcXDE1dWn+89JVoC8tvDsl7bus=, Algorithm=HmacSHA256
< x-mws-request-id: e58b8b57-4166-404a-96d1-bf96d2f9624e
< x-mws-timestamp: 2017-02-22T07:19:52.717Z
< x-mws-response-context: i4GPM3vHJAzwIYCrH1IGqRPOMOd/gWnZY0ZCJOqcHkl7+d7cXSE/IO61RYhsGwOdWTpYInV97rU=
< Vary: Accept-Encoding,User-Agent
< 
* Connection #0 to host mws.amazonservices.com left intact
* Closing connection #0
* About to connect() to mws.amazonservices.com port 443 (#0)
*   Trying 54.239.24.6... * connected
* Connected to mws.amazonservices.com (54.239.24.6) port 443 (#0)
* successfully set certificate verify locations:
*   CAfile: none
  CApath: /etc/ssl/certs
* SSL connection using AES128-SHA
* Server certificate:
* 	 subject: C=US; ST=Washington; L=Seattle; O=Amazon.com, Inc.; CN=mws.amazonservices.com
* 	 start date: 2016-08-30 00:00:00 GMT
* 	 expire date: 2017-08-31 23:59:59 GMT
* 	 subjectAltName: mws.amazonservices.com matched
* 	 issuer: C=US; O=Symantec Corporation; OU=Symantec Trust Network; CN=Symantec Class 3 Secure Server CA - G4
* 	 SSL certificate verify ok.
> POST / HTTP/1.1
User-Agent: s3stores/1 (Language=PHP/5.4.36-1~dotdeb.0; Platform=Linux/x86_64/3.2.0-0.bpo.4-amd64; MWSClientVersion=2014-09-30)
Host: mws.amazonservices.com
Accept: */*
Content-Length: 292
Content-Type: application/x-www-form-urlencoded

< HTTP/1.1 200 OK
< Server: Server
< Date: Wed, 22 Feb 2017 07:20:38 GMT
< Content-Type: text/xml
< Content-Length: 967
< Connection: keep-alive
< x-mws-quota-max: 80.0
< x-mws-quota-remaining: 79.0
< x-mws-quota-resetsOn: 2017-02-22T08:06:00.000Z
< X-Amz-Date: Wed, 22 Feb 2017 07:20:38 GMT
< x-amzn-Authorization: AAA SignedHeaders=X-Amz-Date, identity=com.amazon.aaa.FrpAndromedaReportsPlugin.AndromedaControlService.amzn1.aaa.id.qhz3ylg755gkejyk5sh44qm3wy.Default/1, Signed=true, Encrypted=false, Signature=wJEVsCirUkhLCsWRwyA6f8NolfJ6kTK5yKpHVRlJpRk=, Algorithm=HmacSHA256
< x-mws-request-id: 22d275a9-4ccf-422c-8850-e57bd95f5c4a
< x-mws-timestamp: 2017-02-22T07:20:37.970Z
< x-mws-response-context: 5Nt40yS6qx+y4AHKT99wYzQKGldz2ujxbooRmudwO8N7htwE/PW9L+B+XY0iM7+zN8HqKRFFCYU=
< Vary: Accept-Encoding,User-Agent
< 
* Connection #0 to host mws.amazonservices.com left intact
* Closing connection #0
* About to connect() to mws.amazonservices.com port 443 (#0)
*   Trying 54.239.24.6... * connected
* Connected to mws.amazonservices.com (54.239.24.6) port 443 (#0)
* successfully set certificate verify locations:
*   CAfile: none
  CApath: /etc/ssl/certs
* SSL connection using AES128-SHA
* Server certificate:
* 	 subject: C=US; ST=Washington; L=Seattle; O=Amazon.com, Inc.; CN=mws.amazonservices.com
* 	 start date: 2016-08-30 00:00:00 GMT
* 	 expire date: 2017-08-31 23:59:59 GMT
* 	 subjectAltName: mws.amazonservices.com matched
* 	 issuer: C=US; O=Symantec Corporation; OU=Symantec Trust Network; CN=Symantec Class 3 Secure Server CA - G4
* 	 SSL certificate verify ok.
> POST / HTTP/1.1
User-Agent: s3stores/1 (Language=PHP/5.4.36-1~dotdeb.0; Platform=Linux/x86_64/3.2.0-0.bpo.4-amd64; MWSClientVersion=2014-09-30)
Host: mws.amazonservices.com
Accept: */*
Content-Length: 333
Content-Type: application/x-www-form-urlencoded

< HTTP/1.1 200 OK
< Server: Server
< Date: Wed, 22 Feb 2017 07:20:38 GMT
< Content-Type: text/xml
< Content-Length: 603
< Connection: keep-alive
< x-mws-quota-max: 60.0
< x-mws-quota-remaining: 59.0
< x-mws-quota-resetsOn: 2017-02-22T08:06:00.000Z
< X-Amz-Date: Wed, 22 Feb 2017 07:20:38 GMT
< x-amzn-Authorization: AAA SignedHeaders=X-Amz-Date, identity=com.amazon.aaa.FrpAndromedaReportsPlugin.AndromedaControlService.amzn1.aaa.id.qhz3ylg755gkejyk5sh44qm3wy.Default/1, Signed=true, Encrypted=false, Signature=ae60Sg84OCVZy1hBy1uuq3OfTsjIkC+eu/akch6YhO0=, Algorithm=HmacSHA256
< x-mws-request-id: 1e5d6b6c-12ca-4070-a63f-e94c282b9427
< x-mws-timestamp: 2017-02-22T07:20:38.224Z
< x-mws-response-context: 7XGEls6e5oPB3sLm5UoCxjkwT9LR9BHUODrXM/z6eyry7M3BJ3XHGtnNRdEc0lTwv5lh2AgfkGg=
< Vary: Accept-Encoding,User-Agent
< 
* Connection #0 to host mws.amazonservices.com left intact
* Closing connection #0
* About to connect() to mws.amazonservices.com port 443 (#0)
*   Trying 54.239.24.6... * connected
* Connected to mws.amazonservices.com (54.239.24.6) port 443 (#0)
* successfully set certificate verify locations:
*   CAfile: none
  CApath: /etc/ssl/certs
* SSL connection using AES128-SHA
* Server certificate:
* 	 subject: C=US; ST=Washington; L=Seattle; O=Amazon.com, Inc.; CN=mws.amazonservices.com
* 	 start date: 2016-08-30 00:00:00 GMT
* 	 expire date: 2017-08-31 23:59:59 GMT
* 	 subjectAltName: mws.amazonservices.com matched
* 	 issuer: C=US; O=Symantec Corporation; OU=Symantec Trust Network; CN=Symantec Class 3 Secure Server CA - G4
* 	 SSL certificate verify ok.
> POST / HTTP/1.1
User-Agent: s3stores/1 (Language=PHP/5.4.36-1~dotdeb.0; Platform=Linux/x86_64/3.2.0-0.bpo.4-amd64; MWSClientVersion=2014-09-30)
Host: mws.amazonservices.com
Accept: */*
Content-Length: 269
Content-Type: application/x-www-form-urlencoded

< HTTP/1.1 200 OK
< Server: Server
< Date: Wed, 22 Feb 2017 07:20:38 GMT
< Content-Type: text/plain;charset=Cp1252
< Content-Length: 14102
< Connection: keep-alive
< x-mws-quota-max: 60.0
< x-mws-quota-remaining: 60.0
< x-mws-quota-resetsOn: 2017-02-22T08:06:00.000Z
< Content-MD5: fMcgg/fMVbCS68XnQXglBA==
< x-mws-response-context: 1T6LWhv2XUyVsYib3fd+m3BCZtpT3Hn+4iwhuTSNweVeengL+ytvMLXP6XjaaovwvslRHANEVv4=
< x-mws-response-context: wevimIBAaJLaiv2xBXn/DR7sMVOxlc8df9AEqZoNCO/alvBE/BBsRhL8Zz7exmh/5hPCmjS7YXk=
< x-amz-request-id: e30398e2-feeb-45cf-b069-07a9c6933b85
< x-mws-request-id: e30398e2-feeb-45cf-b069-07a9c6933b85
< x-mws-timestamp: 2017-02-22T07:20:38.468Z
< Vary: Accept-Encoding,User-Agent
< 
* Connection #0 to host mws.amazonservices.com left intact
* Closing connection #0
* About to connect() to mws.amazonservices.com port 443 (#0)
*   Trying 54.239.24.6... * connected
* Connected to mws.amazonservices.com (54.239.24.6) port 443 (#0)
* successfully set certificate verify locations:
*   CAfile: none
  CApath: /etc/ssl/certs
* SSL connection using AES128-SHA
* Server certificate:
* 	 subject: C=US; ST=Washington; L=Seattle; O=Amazon.com, Inc.; CN=mws.amazonservices.com
* 	 start date: 2016-08-30 00:00:00 GMT
* 	 expire date: 2017-08-31 23:59:59 GMT
* 	 subjectAltName: mws.amazonservices.com matched
* 	 issuer: C=US; O=Symantec Corporation; OU=Symantec Trust Network; CN=Symantec Class 3 Secure Server CA - G4
* 	 SSL certificate verify ok.
> POST / HTTP/1.1
User-Agent: s3stores/1 (Language=PHP/5.4.36-1~dotdeb.0; Platform=Linux/x86_64/3.2.0-0.bpo.4-amd64; MWSClientVersion=2014-09-30)
Host: mws.amazonservices.com
Accept: */*
Content-Length: 313
Content-Type: application/x-www-form-urlencoded

< HTTP/1.1 200 OK
< Server: Server
< Date: Wed, 22 Feb 2017 07:20:38 GMT
< Content-Type: text/xml
< Content-Length: 723
< Connection: keep-alive
< x-mws-quota-max: 80.0
< x-mws-quota-remaining: 79.0
< x-mws-quota-resetsOn: 2017-02-22T08:06:00.000Z
< X-Amz-Date: Wed, 22 Feb 2017 07:20:38 GMT
< x-amzn-Authorization: AAA SignedHeaders=X-Amz-Date, identity=com.amazon.aaa.FrpAndromedaReportsPlugin.AndromedaControlService.amzn1.aaa.id.qhz3ylg755gkejyk5sh44qm3wy.Default/1, Signed=true, Encrypted=false, Signature=4U95wFubKfpxNX4J9zs+Ka+9Rt/AEK2g/JclEsdT5sg=, Algorithm=HmacSHA256
< x-mws-request-id: abc7faef-0c56-4f10-9348-97f48fe50016
< x-mws-timestamp: 2017-02-22T07:20:38.766Z
< x-mws-response-context: O/6reg51Jr9wLTMyBmjZO8w0PtbYWaGn2EgYdWYj6RfrRiCaktJ3XV+R3CxDz/Dv/3gvjdBOkfQ=
< Vary: Accept-Encoding,User-Agent
< 
* Connection #0 to host mws.amazonservices.com left intact
* Closing connection #0
* About to connect() to mws.amazonservices.com port 443 (#0)
*   Trying 54.239.25.238... * connected
* Connected to mws.amazonservices.com (54.239.25.238) port 443 (#0)
* successfully set certificate verify locations:
*   CAfile: none
  CApath: /etc/ssl/certs
* SSL connection using AES128-SHA
* Server certificate:
* 	 subject: C=US; ST=Washington; L=Seattle; O=Amazon.com, Inc.; CN=mws.amazonservices.com
* 	 start date: 2016-08-30 00:00:00 GMT
* 	 expire date: 2017-08-31 23:59:59 GMT
* 	 subjectAltName: mws.amazonservices.com matched
* 	 issuer: C=US; O=Symantec Corporation; OU=Symantec Trust Network; CN=Symantec Class 3 Secure Server CA - G4
* 	 SSL certificate verify ok.
> POST / HTTP/1.1
User-Agent: s3stores/1 (Language=PHP/5.4.36-1~dotdeb.0; Platform=Linux/x86_64/3.2.0-0.bpo.4-amd64; MWSClientVersion=2014-09-30)
Host: mws.amazonservices.com
Accept: */*
Content-Length: 374
Content-Type: application/x-www-form-urlencoded

< HTTP/1.1 200 OK
< Server: Server
< Date: Wed, 22 Feb 2017 07:37:33 GMT
< Content-Type: text/xml
< Content-Length: 719
< Connection: keep-alive
< x-mws-quota-max: 60.0
< x-mws-quota-remaining: 58.0
< x-mws-quota-resetsOn: 2017-02-22T08:06:00.000Z
< X-Amz-Date: Wed, 22 Feb 2017 07:37:33 GMT
< x-amzn-Authorization: AAA SignedHeaders=X-Amz-Date, identity=com.amazon.aaa.FrpAndromedaReportsPlugin.AndromedaControlService.amzn1.aaa.id.qhz3ylg755gkejyk5sh44qm3wy.Default/1, Signed=true, Encrypted=false, Signature=vC552AhBvYtp77kNc2iF6d10hGQGCGddNXEKn/sCZyw=, Algorithm=HmacSHA256
< x-mws-request-id: 6c768639-582b-4ab8-86b1-df154fcf10a8
< x-mws-timestamp: 2017-02-22T07:37:32.965Z
< x-mws-response-context: SBHS5QOjogPYQKJlVNF0l1iLEMob1A3pmGbfoK16jhVFB3cxyOyaq65uIDi5voo2n3OAbWq/qRM=
< Vary: Accept-Encoding,User-Agent
< 
* Connection #0 to host mws.amazonservices.com left intact
* Closing connection #0
* About to connect() to mws.amazonservices.com port 443 (#0)
*   Trying 54.239.25.238... * connected
* Connected to mws.amazonservices.com (54.239.25.238) port 443 (#0)
* successfully set certificate verify locations:
*   CAfile: none
  CApath: /etc/ssl/certs
* SSL connection using AES128-SHA
* Server certificate:
* 	 subject: C=US; ST=Washington; L=Seattle; O=Amazon.com, Inc.; CN=mws.amazonservices.com
* 	 start date: 2016-08-30 00:00:00 GMT
* 	 expire date: 2017-08-31 23:59:59 GMT
* 	 subjectAltName: mws.amazonservices.com matched
* 	 issuer: C=US; O=Symantec Corporation; OU=Symantec Trust Network; CN=Symantec Class 3 Secure Server CA - G4
* 	 SSL certificate verify ok.
> POST / HTTP/1.1
User-Agent: s3stores/1 (Language=PHP/5.4.36-1~dotdeb.0; Platform=Linux/x86_64/3.2.0-0.bpo.4-amd64; MWSClientVersion=2014-09-30)
Host: mws.amazonservices.com
Accept: */*
Content-Length: 290
Content-Type: application/x-www-form-urlencoded

< HTTP/1.1 200 OK
< Server: Server
< Date: Wed, 22 Feb 2017 07:37:33 GMT
< Content-Type: text/xml
< Content-Length: 776
< Connection: keep-alive
< x-mws-quota-max: 80.0
< x-mws-quota-remaining: 76.0
< x-mws-quota-resetsOn: 2017-02-22T08:06:00.000Z
< X-Amz-Date: Wed, 22 Feb 2017 07:37:33 GMT
< x-amzn-Authorization: AAA SignedHeaders=X-Amz-Date, identity=com.amazon.aaa.FrpAndromedaReportsPlugin.AndromedaControlService.amzn1.aaa.id.qhz3ylg755gkejyk5sh44qm3wy.Default/1, Signed=true, Encrypted=false, Signature=Evip2E5Wl/eAp280TVPdh4fytevcUsYf4swX6+n5uMU=, Algorithm=HmacSHA256
< x-mws-request-id: 7e6b569c-dbb5-47de-abe4-40f01d530509
< x-mws-timestamp: 2017-02-22T07:37:33.356Z
< x-mws-response-context: TYitLHeUMe2esn+hU1kzn4jh9w084a/TCq/MjhH4PHXN+Qfi6wx/6OGRSM9N4JmlPIdbNS5EFPg=
< Vary: Accept-Encoding,User-Agent
< 
* Connection #0 to host mws.amazonservices.com left intact
* Closing connection #0
* About to connect() to mws.amazonservices.com port 443 (#0)
*   Trying 54.239.25.238... * connected
* Connected to mws.amazonservices.com (54.239.25.238) port 443 (#0)
* successfully set certificate verify locations:
*   CAfile: none
  CApath: /etc/ssl/certs
* SSL connection using AES128-SHA
* Server certificate:
* 	 subject: C=US; ST=Washington; L=Seattle; O=Amazon.com, Inc.; CN=mws.amazonservices.com
* 	 start date: 2016-08-30 00:00:00 GMT
* 	 expire date: 2017-08-31 23:59:59 GMT
* 	 subjectAltName: mws.amazonservices.com matched
* 	 issuer: C=US; O=Symantec Corporation; OU=Symantec Trust Network; CN=Symantec Class 3 Secure Server CA - G4
* 	 SSL certificate verify ok.
> POST / HTTP/1.1
User-Agent: s3stores/1 (Language=PHP/5.4.36-1~dotdeb.0; Platform=Linux/x86_64/3.2.0-0.bpo.4-amd64; MWSClientVersion=2014-09-30)
Host: mws.amazonservices.com
Accept: */*
Content-Length: 292
Content-Type: application/x-www-form-urlencoded

< HTTP/1.1 200 OK
< Server: Server
< Date: Wed, 22 Feb 2017 07:38:18 GMT
< Content-Type: text/xml
< Content-Length: 918
< Connection: keep-alive
< x-mws-quota-max: 80.0
< x-mws-quota-remaining: 76.0
< x-mws-quota-resetsOn: 2017-02-22T08:06:00.000Z
< X-Amz-Date: Wed, 22 Feb 2017 07:38:18 GMT
< x-amzn-Authorization: AAA SignedHeaders=X-Amz-Date, identity=com.amazon.aaa.FrpAndromedaReportsPlugin.AndromedaControlService.amzn1.aaa.id.qhz3ylg755gkejyk5sh44qm3wy.Default/1, Signed=true, Encrypted=false, Signature=TkddIUqLs9RtmvcaFLkdHFqeU7gIoCGpo+r6lt7z/Qk=, Algorithm=HmacSHA256
< x-mws-request-id: 9986931f-f631-407b-ac47-f3ec5f8cad7c
< x-mws-timestamp: 2017-02-22T07:38:18.595Z
< x-mws-response-context: UZWf+/gt/ptr8eobEQu8doS4qb1ObCWFlXMzNkBQk34mX5PTvxne+7Wks7/kIVwoCCK2pr9j1M0=
< Vary: Accept-Encoding,User-Agent
< 
* Connection #0 to host mws.amazonservices.com left intact
* Closing connection #0
* About to connect() to mws.amazonservices.com port 443 (#0)
*   Trying 54.239.25.238... * connected
* Connected to mws.amazonservices.com (54.239.25.238) port 443 (#0)
* successfully set certificate verify locations:
*   CAfile: none
  CApath: /etc/ssl/certs
* SSL connection using AES128-SHA
* Server certificate:
* 	 subject: C=US; ST=Washington; L=Seattle; O=Amazon.com, Inc.; CN=mws.amazonservices.com
* 	 start date: 2016-08-30 00:00:00 GMT
* 	 expire date: 2017-08-31 23:59:59 GMT
* 	 subjectAltName: mws.amazonservices.com matched
* 	 issuer: C=US; O=Symantec Corporation; OU=Symantec Trust Network; CN=Symantec Class 3 Secure Server CA - G4
* 	 SSL certificate verify ok.
> POST / HTTP/1.1
User-Agent: s3stores/1 (Language=PHP/5.4.36-1~dotdeb.0; Platform=Linux/x86_64/3.2.0-0.bpo.4-amd64; MWSClientVersion=2014-09-30)
Host: mws.amazonservices.com
Accept: */*
Content-Length: 337
Content-Type: application/x-www-form-urlencoded

< HTTP/1.1 200 OK
< Server: Server
< Date: Wed, 22 Feb 2017 07:38:18 GMT
< Content-Type: text/xml
< Content-Length: 305
< Connection: keep-alive
< x-mws-quota-max: 60.0
< x-mws-quota-remaining: 58.0
< x-mws-quota-resetsOn: 2017-02-22T08:06:00.000Z
< X-Amz-Date: Wed, 22 Feb 2017 07:38:18 GMT
< x-amzn-Authorization: AAA SignedHeaders=X-Amz-Date, identity=com.amazon.aaa.FrpAndromedaReportsPlugin.AndromedaControlService.amzn1.aaa.id.qhz3ylg755gkejyk5sh44qm3wy.Default/1, Signed=true, Encrypted=false, Signature=Q8Ic6/p7LodqVbQZ7HA+q1yKkQW0Lxsrfz7Jiw1iFbo=, Algorithm=HmacSHA256
< x-mws-request-id: 24e54f4d-ce4f-4235-bfc4-d1cce16d00d3
< x-mws-timestamp: 2017-02-22T07:38:18.854Z
< x-mws-response-context: 4Mgh8XioL3VYhfakVwomVvefHN1VKDtgsesxEuEoWEzpm/4gGU5IwKRdbUEzkToxai2b6h+dFHU=
< Vary: Accept-Encoding,User-Agent
< 
* Connection #0 to host mws.amazonservices.com left intact
* Closing connection #0
* About to connect() to mws.amazonservices.com port 443 (#0)
*   Trying 54.239.25.238... * connected
* Connected to mws.amazonservices.com (54.239.25.238) port 443 (#0)
* successfully set certificate verify locations:
*   CAfile: none
  CApath: /etc/ssl/certs
* SSL connection using AES128-SHA
* Server certificate:
* 	 subject: C=US; ST=Washington; L=Seattle; O=Amazon.com, Inc.; CN=mws.amazonservices.com
* 	 start date: 2016-08-30 00:00:00 GMT
* 	 expire date: 2017-08-31 23:59:59 GMT
* 	 subjectAltName: mws.amazonservices.com matched
* 	 issuer: C=US; O=Symantec Corporation; OU=Symantec Trust Network; CN=Symantec Class 3 Secure Server CA - G4
* 	 SSL certificate verify ok.
> POST / HTTP/1.1
User-Agent: s3stores/1 (Language=PHP/5.4.36-1~dotdeb.0; Platform=Linux/x86_64/3.2.0-0.bpo.4-amd64; MWSClientVersion=2014-09-30)
Host: mws.amazonservices.com
Accept: */*
Content-Length: 327
Content-Type: application/x-www-form-urlencoded

< HTTP/1.1 200 OK
< Server: Server
< Date: Thu, 25 May 2017 15:12:59 GMT
< Content-Type: text/xml
< Content-Length: 711
< Connection: keep-alive
< x-mws-quota-max: 60.0
< x-mws-quota-remaining: 60.0
< x-mws-quota-resetsOn: 2017-05-25T16:06:00.000Z
< X-Amz-Date: Thu, 25 May 2017 15:12:59 GMT
< x-amzn-Authorization: AAA SignedHeaders=X-Amz-Date, identity=com.amazon.aaa.FrpAndromedaReportsPlugin.AndromedaControlService.amzn1.aaa.id.qhz3ylg755gkejyk5sh44qm3wy.Default/1, Signed=true, Encrypted=false, Signature=32YadjvxCm7mBO4+IL87XyxOnqvUqUhi3x/QEjkgb5E=, Algorithm=HmacSHA256
< x-mws-request-id: 58c787c4-ec12-41f4-9f1e-cc3e1c13aa1c
< x-mws-timestamp: 2017-05-25T15:12:59.690Z
< x-mws-response-context: AI/OZUtc0w398258S2gDyQkWXmy74o4zKq+NVmxqag4fzXlUQpLiy3wJ7K7kJJVXbIzyamFFeFk=
< Vary: Accept-Encoding,User-Agent
< 
* Connection #0 to host mws.amazonservices.com left intact
* Closing connection #0
* About to connect() to mws.amazonservices.com port 443 (#0)
*   Trying 54.239.25.238... * connected
* Connected to mws.amazonservices.com (54.239.25.238) port 443 (#0)
* successfully set certificate verify locations:
*   CAfile: none
  CApath: /etc/ssl/certs
* SSL connection using AES128-SHA
* Server certificate:
* 	 subject: C=US; ST=Washington; L=Seattle; O=Amazon.com, Inc.; CN=mws.amazonservices.com
* 	 start date: 2016-08-30 00:00:00 GMT
* 	 expire date: 2017-08-31 23:59:59 GMT
* 	 subjectAltName: mws.amazonservices.com matched
* 	 issuer: C=US; O=Symantec Corporation; OU=Symantec Trust Network; CN=Symantec Class 3 Secure Server CA - G4
* 	 SSL certificate verify ok.
> POST / HTTP/1.1
User-Agent: s3stores/1 (Language=PHP/5.4.36-1~dotdeb.0; Platform=Linux/x86_64/3.2.0-0.bpo.4-amd64; MWSClientVersion=2014-09-30)
Host: mws.amazonservices.com
Accept: */*
Content-Length: 294
Content-Type: application/x-www-form-urlencoded

< HTTP/1.1 200 OK
< Server: Server
< Date: Thu, 25 May 2017 15:13:00 GMT
< Content-Type: text/xml
< Content-Length: 768
< Connection: keep-alive
< x-mws-quota-max: 80.0
< x-mws-quota-remaining: 80.0
< x-mws-quota-resetsOn: 2017-05-25T16:06:00.000Z
< X-Amz-Date: Thu, 25 May 2017 15:13:00 GMT
< x-amzn-Authorization: AAA SignedHeaders=X-Amz-Date, identity=com.amazon.aaa.FrpAndromedaReportsPlugin.AndromedaControlService.amzn1.aaa.id.qhz3ylg755gkejyk5sh44qm3wy.Default/1, Signed=true, Encrypted=false, Signature=bWEnxbkoqDNWqsAJBWFV1yJuawlLMtpnxfT7BUHCCt4=, Algorithm=HmacSHA256
< x-mws-request-id: 48b46aa7-d6a6-4c0c-bb2d-514281da3e8a
< x-mws-timestamp: 2017-05-25T15:13:00.079Z
< x-mws-response-context: bfCDL/XSm4vOGeNf5UmvW50uZACrjbZ0cIwr34mEc2e5xWfMQJ9X6iozZrZjtW6owQrBsfrbKgY=
< Vary: Accept-Encoding,User-Agent
< 
* Connection #0 to host mws.amazonservices.com left intact
* Closing connection #0
* About to connect() to mws.amazonservices.com port 443 (#0)
*   Trying 54.239.24.6... * connected
* Connected to mws.amazonservices.com (54.239.24.6) port 443 (#0)
* successfully set certificate verify locations:
*   CAfile: none
  CApath: /etc/ssl/certs
* SSL connection using AES128-SHA
* Server certificate:
* 	 subject: C=US; ST=Washington; L=Seattle; O=Amazon.com, Inc.; CN=mws.amazonservices.com
* 	 start date: 2016-08-30 00:00:00 GMT
* 	 expire date: 2017-08-31 23:59:59 GMT
* 	 subjectAltName: mws.amazonservices.com matched
* 	 issuer: C=US; O=Symantec Corporation; OU=Symantec Trust Network; CN=Symantec Class 3 Secure Server CA - G4
* 	 SSL certificate verify ok.
> POST / HTTP/1.1
User-Agent: s3stores/1 (Language=PHP/5.4.36-1~dotdeb.0; Platform=Linux/x86_64/3.2.0-0.bpo.4-amd64; MWSClientVersion=2014-09-30)
Host: mws.amazonservices.com
Accept: */*
Content-Length: 292
Content-Type: application/x-www-form-urlencoded

< HTTP/1.1 200 OK
< Server: Server
< Date: Thu, 25 May 2017 15:13:45 GMT
< Content-Type: text/xml
< Content-Length: 967
< Connection: keep-alive
< x-mws-quota-max: 80.0
< x-mws-quota-remaining: 79.0
< x-mws-quota-resetsOn: 2017-05-25T16:06:00.000Z
< X-Amz-Date: Thu, 25 May 2017 15:13:45 GMT
< x-amzn-Authorization: AAA SignedHeaders=X-Amz-Date, identity=com.amazon.aaa.FrpAndromedaReportsPlugin.AndromedaControlService.amzn1.aaa.id.qhz3ylg755gkejyk5sh44qm3wy.Default/1, Signed=true, Encrypted=false, Signature=YhEBLQO83mghckeI0AzMqDGvMlRswatAmpQH/JURVVA=, Algorithm=HmacSHA256
< x-mws-request-id: c83ce566-ce18-4eba-91de-311f9cf5c2cc
< x-mws-timestamp: 2017-05-25T15:13:45.333Z
< x-mws-response-context: xoiYXl+PPxGhSOXyz5F/dXrmGfJsaZX0jk9zhKjvbXBvD19HUpMcnTunNN3NP+SLMMKhpv4WJAg=
< Vary: Accept-Encoding,User-Agent
< 
* Connection #0 to host mws.amazonservices.com left intact
* Closing connection #0
* About to connect() to mws.amazonservices.com port 443 (#0)
*   Trying 54.239.24.6... * connected
* Connected to mws.amazonservices.com (54.239.24.6) port 443 (#0)
* successfully set certificate verify locations:
*   CAfile: none
  CApath: /etc/ssl/certs
* SSL connection using AES128-SHA
* Server certificate:
* 	 subject: C=US; ST=Washington; L=Seattle; O=Amazon.com, Inc.; CN=mws.amazonservices.com
* 	 start date: 2016-08-30 00:00:00 GMT
* 	 expire date: 2017-08-31 23:59:59 GMT
* 	 subjectAltName: mws.amazonservices.com matched
* 	 issuer: C=US; O=Symantec Corporation; OU=Symantec Trust Network; CN=Symantec Class 3 Secure Server CA - G4
* 	 SSL certificate verify ok.
> POST / HTTP/1.1
User-Agent: s3stores/1 (Language=PHP/5.4.36-1~dotdeb.0; Platform=Linux/x86_64/3.2.0-0.bpo.4-amd64; MWSClientVersion=2014-09-30)
Host: mws.amazonservices.com
Accept: */*
Content-Length: 329
Content-Type: application/x-www-form-urlencoded

< HTTP/1.1 200 OK
< Server: Server
< Date: Thu, 25 May 2017 15:13:45 GMT
< Content-Type: text/xml
< Content-Length: 603
< Connection: keep-alive
< x-mws-quota-max: 60.0
< x-mws-quota-remaining: 60.0
< x-mws-quota-resetsOn: 2017-05-25T16:06:00.000Z
< X-Amz-Date: Thu, 25 May 2017 15:13:45 GMT
< x-amzn-Authorization: AAA SignedHeaders=X-Amz-Date, identity=com.amazon.aaa.FrpAndromedaReportsPlugin.AndromedaControlService.amzn1.aaa.id.qhz3ylg755gkejyk5sh44qm3wy.Default/1, Signed=true, Encrypted=false, Signature=UiJLbJpGK0zinXmnOcUrInpjqZGEflLMwQOyvAY7ZwI=, Algorithm=HmacSHA256
< x-mws-request-id: 76863a65-16a0-40a5-be08-f1bac545646a
< x-mws-timestamp: 2017-05-25T15:13:45.606Z
< x-mws-response-context: g8IPNHHGPEtZ1gNLCW+J7DQ3YyjKhh9uEJor+3lGUAinN+Tu3owXrpvcZLlUVRfBO5m4v+sZmm8=
< Vary: Accept-Encoding,User-Agent
< 
* Connection #0 to host mws.amazonservices.com left intact
* Closing connection #0
* About to connect() to mws.amazonservices.com port 443 (#0)
*   Trying 54.239.24.6... * connected
* Connected to mws.amazonservices.com (54.239.24.6) port 443 (#0)
* successfully set certificate verify locations:
*   CAfile: none
  CApath: /etc/ssl/certs
* SSL connection using AES128-SHA
* Server certificate:
* 	 subject: C=US; ST=Washington; L=Seattle; O=Amazon.com, Inc.; CN=mws.amazonservices.com
* 	 start date: 2016-08-30 00:00:00 GMT
* 	 expire date: 2017-08-31 23:59:59 GMT
* 	 subjectAltName: mws.amazonservices.com matched
* 	 issuer: C=US; O=Symantec Corporation; OU=Symantec Trust Network; CN=Symantec Class 3 Secure Server CA - G4
* 	 SSL certificate verify ok.
> POST / HTTP/1.1
User-Agent: s3stores/1 (Language=PHP/5.4.36-1~dotdeb.0; Platform=Linux/x86_64/3.2.0-0.bpo.4-amd64; MWSClientVersion=2014-09-30)
Host: mws.amazonservices.com
Accept: */*
Content-Length: 267
Content-Type: application/x-www-form-urlencoded

< HTTP/1.1 200 OK
< Server: Server
< Date: Thu, 25 May 2017 15:13:45 GMT
< Content-Type: text/plain;charset=Cp1252
< Content-Length: 23967
< Connection: keep-alive
< x-mws-quota-max: 60.0
< x-mws-quota-remaining: 60.0
< x-mws-quota-resetsOn: 2017-05-25T16:06:00.000Z
< Content-MD5: d6v2+u6yxj7qOpcJJuP7Dw==
< x-mws-response-context: 33yIVwSb967k5fOxUvgMdpM0pkyItg8H74JarubIJbWneugc4UST2GB7AVjOaI7SywUu0jM7Xhk=
< x-mws-response-context: n3C60UvtYgFNa2azcTk8QIG9z2wc9uhM4uJ/Fh016QwW0IoCqV1R4tVpeg8CEom9JEe2JuEMKd0=
< x-amz-request-id: 6d54984b-f3b4-4e7c-838f-64271fd35b96
< x-mws-request-id: 6d54984b-f3b4-4e7c-838f-64271fd35b96
< x-mws-timestamp: 2017-05-25T15:13:45.860Z
< Vary: Accept-Encoding,User-Agent
< 
* Connection #0 to host mws.amazonservices.com left intact
* Closing connection #0
* About to connect() to mws.amazonservices.com port 443 (#0)
*   Trying 54.239.24.6... * connected
* Connected to mws.amazonservices.com (54.239.24.6) port 443 (#0)
* successfully set certificate verify locations:
*   CAfile: none
  CApath: /etc/ssl/certs
* SSL connection using AES128-SHA
* Server certificate:
* 	 subject: C=US; ST=Washington; L=Seattle; O=Amazon.com, Inc.; CN=mws.amazonservices.com
* 	 start date: 2016-08-30 00:00:00 GMT
* 	 expire date: 2017-08-31 23:59:59 GMT
* 	 subjectAltName: mws.amazonservices.com matched
* 	 issuer: C=US; O=Symantec Corporation; OU=Symantec Trust Network; CN=Symantec Class 3 Secure Server CA - G4
* 	 SSL certificate verify ok.
> POST / HTTP/1.1
User-Agent: s3stores/1 (Language=PHP/5.4.36-1~dotdeb.0; Platform=Linux/x86_64/3.2.0-0.bpo.4-amd64; MWSClientVersion=2014-09-30)
Host: mws.amazonservices.com
Accept: */*
Content-Length: 311
Content-Type: application/x-www-form-urlencoded

< HTTP/1.1 200 OK
< Server: Server
< Date: Thu, 25 May 2017 15:13:46 GMT
< Content-Type: text/xml
< Content-Length: 723
< Connection: keep-alive
< x-mws-quota-max: 80.0
< x-mws-quota-remaining: 80.0
< x-mws-quota-resetsOn: 2017-05-25T16:06:00.000Z
< X-Amz-Date: Thu, 25 May 2017 15:13:46 GMT
< x-amzn-Authorization: AAA SignedHeaders=X-Amz-Date, identity=com.amazon.aaa.FrpAndromedaReportsPlugin.AndromedaControlService.amzn1.aaa.id.qhz3ylg755gkejyk5sh44qm3wy.Default/1, Signed=true, Encrypted=false, Signature=7tAMdueiwRvQsxH6rdmdP2KG0/qbnBjViMBTA8iAnBk=, Algorithm=HmacSHA256
< x-mws-request-id: 2939a697-8bb8-4b5d-88a0-9995155cdb19
< x-mws-timestamp: 2017-05-25T15:13:46.216Z
< x-mws-response-context: lyKbBqt0CZFtxacB9WN72HNZS9dPDQo0/KuOvzq8pTh4EBMNEhV1z5t480s6lrY6MctW7yJxOjs=
< Vary: Accept-Encoding,User-Agent
< 
* Connection #0 to host mws.amazonservices.com left intact
* Closing connection #0
Already running...
./supplier_feeds_v2_products: line 16:  8477 Terminated              php ./cron_supplier_feeds.php P >> /home/feeds/sfeed_feeds_progress.txt
rm: cannot remove `/home/feeds/paypal_watchdog_progress.txt': No such file or directory
