2007.01.15 11:10 B C:\Serguei_All\Brushes\cart\skin1\modules\UPS_OnLine_Tools\dialog.tpl <-- KolinskyArtBrushes /public_html/cart/skin1/modules/UPS_OnLine_Tools dialog.tpl
2007.01.15 11:10 B C:\Serguei_All\Brushes\cart\skin1\modules\UPS_OnLine_Tools\register.tpl <-- KolinskyArtBrushes /public_html/cart/skin1/modules/UPS_OnLine_Tools register.tpl
2007.01.15 11:10 B C:\Serguei_All\Brushes\cart\skin1\modules\UPS_OnLine_Tools\ups.tpl <-- KolinskyArtBrushes /public_html/cart/skin1/modules/UPS_OnLine_Tools ups.tpl
2007.01.15 11:10 B C:\Serguei_All\Brushes\cart\skin1\modules\UPS_OnLine_Tools\ups_access_license_1.tpl <-- KolinskyArtBrushes /public_html/cart/skin1/modules/UPS_OnLine_Tools ups_access_license_1.tpl
2007.01.15 11:10 B C:\Serguei_All\Brushes\cart\skin1\modules\UPS_OnLine_Tools\ups_access_license_2.tpl <-- KolinskyArtBrushes /public_html/cart/skin1/modules/UPS_OnLine_Tools ups_access_license_2.tpl
2007.01.15 11:10 B C:\Serguei_All\Brushes\cart\skin1\modules\UPS_OnLine_Tools\ups_access_license_3.tpl <-- KolinskyArtBrushes /public_html/cart/skin1/modules/UPS_OnLine_Tools ups_access_license_3.tpl
2007.01.15 11:10 B C:\Serguei_All\Brushes\cart\skin1\modules\UPS_OnLine_Tools\ups_access_license_4.tpl <-- KolinskyArtBrushes /public_html/cart/skin1/modules/UPS_OnLine_Tools ups_access_license_4.tpl
2007.01.15 11:10 B C:\Serguei_All\Brushes\cart\skin1\modules\UPS_OnLine_Tools\ups_av_notice.tpl <-- KolinskyArtBrushes /public_html/cart/skin1/modules/UPS_OnLine_Tools ups_av_notice.tpl
2007.01.15 11:10 B C:\Serguei_All\Brushes\cart\skin1\modules\UPS_OnLine_Tools\ups_currency.tpl <-- KolinskyArtBrushes /public_html/cart/skin1/modules/UPS_OnLine_Tools ups_currency.tpl
2007.01.15 11:10 B C:\Serguei_All\Brushes\cart\skin1\modules\UPS_OnLine_Tools\ups_logo.tpl <-- KolinskyArtBrushes /public_html/cart/skin1/modules/UPS_OnLine_Tools ups_logo.tpl
2007.01.15 11:10 B C:\Serguei_All\Brushes\cart\skin1\modules\UPS_OnLine_Tools\ups_main.tpl <-- KolinskyArtBrushes /public_html/cart/skin1/modules/UPS_OnLine_Tools ups_main.tpl
2007.01.15 11:10 B C:\Serguei_All\Brushes\cart\skin1\modules\UPS_OnLine_Tools\ups_notice.tpl <-- KolinskyArtBrushes /public_html/cart/skin1/modules/UPS_OnLine_Tools ups_notice.tpl
2007.01.15 11:10 B C:\Serguei_All\Brushes\cart\skin1\modules\UPS_OnLine_Tools\ups_regform.tpl <-- KolinskyArtBrushes /public_html/cart/skin1/modules/UPS_OnLine_Tools ups_regform.tpl
2007.01.15 11:10 B C:\Serguei_All\Brushes\cart\skin1\modules\UPS_OnLine_Tools\ups_rss.tpl <-- KolinskyArtBrushes /public_html/cart/skin1/modules/UPS_OnLine_Tools ups_rss.tpl
2007.01.15 11:28 B C:\Serguei_All\Vorojtsov.com\public_html\shop\skin1\modules\UPS_OnLine_Tools\dialog.tpl --> ftp.vorojtsov.com /public_html/vorojtsov/shop/skin1/modules/UPS_OnLine_Tools dialog.tpl
2007.01.15 11:28 B C:\Serguei_All\Vorojtsov.com\public_html\shop\skin1\modules\UPS_OnLine_Tools\register.tpl --> ftp.vorojtsov.com /public_html/vorojtsov/shop/skin1/modules/UPS_OnLine_Tools register.tpl
2007.01.15 11:28 B C:\Serguei_All\Vorojtsov.com\public_html\shop\skin1\modules\UPS_OnLine_Tools\ups.tpl --> ftp.vorojtsov.com /public_html/vorojtsov/shop/skin1/modules/UPS_OnLine_Tools ups.tpl
2007.01.15 11:28 B C:\Serguei_All\Vorojtsov.com\public_html\shop\skin1\modules\UPS_OnLine_Tools\ups_access_license_1.tpl --> ftp.vorojtsov.com /public_html/vorojtsov/shop/skin1/modules/UPS_OnLine_Tools ups_access_license_1.tpl
2007.01.15 11:28 B C:\Serguei_All\Vorojtsov.com\public_html\shop\skin1\modules\UPS_OnLine_Tools\ups_access_license_2.tpl --> ftp.vorojtsov.com /public_html/vorojtsov/shop/skin1/modules/UPS_OnLine_Tools ups_access_license_2.tpl
2007.01.15 11:28 B C:\Serguei_All\Vorojtsov.com\public_html\shop\skin1\modules\UPS_OnLine_Tools\ups_access_license_3.tpl --> ftp.vorojtsov.com /public_html/vorojtsov/shop/skin1/modules/UPS_OnLine_Tools ups_access_license_3.tpl
2007.01.15 11:28 B C:\Serguei_All\Vorojtsov.com\public_html\shop\skin1\modules\UPS_OnLine_Tools\ups_access_license_4.tpl --> ftp.vorojtsov.com /public_html/vorojtsov/shop/skin1/modules/UPS_OnLine_Tools ups_access_license_4.tpl
2007.01.15 11:28 B C:\Serguei_All\Vorojtsov.com\public_html\shop\skin1\modules\UPS_OnLine_Tools\ups_av_notice.tpl --> ftp.vorojtsov.com /public_html/vorojtsov/shop/skin1/modules/UPS_OnLine_Tools ups_av_notice.tpl
2007.01.15 11:28 B C:\Serguei_All\Vorojtsov.com\public_html\shop\skin1\modules\UPS_OnLine_Tools\ups_currency.tpl --> ftp.vorojtsov.com /public_html/vorojtsov/shop/skin1/modules/UPS_OnLine_Tools ups_currency.tpl
2007.01.15 11:28 B C:\Serguei_All\Vorojtsov.com\public_html\shop\skin1\modules\UPS_OnLine_Tools\ups_logo.tpl --> ftp.vorojtsov.com /public_html/vorojtsov/shop/skin1/modules/UPS_OnLine_Tools ups_logo.tpl
2007.01.15 11:28 B C:\Serguei_All\Vorojtsov.com\public_html\shop\skin1\modules\UPS_OnLine_Tools\ups_main.tpl --> ftp.vorojtsov.com /public_html/vorojtsov/shop/skin1/modules/UPS_OnLine_Tools ups_main.tpl
2007.01.15 11:28 B C:\Serguei_All\Vorojtsov.com\public_html\shop\skin1\modules\UPS_OnLine_Tools\ups_notice.tpl --> ftp.vorojtsov.com /public_html/vorojtsov/shop/skin1/modules/UPS_OnLine_Tools ups_notice.tpl
2007.01.15 11:28 B C:\Serguei_All\Vorojtsov.com\public_html\shop\skin1\modules\UPS_OnLine_Tools\ups_regform.tpl --> ftp.vorojtsov.com /public_html/vorojtsov/shop/skin1/modules/UPS_OnLine_Tools ups_regform.tpl
2007.01.15 11:28 B C:\Serguei_All\Vorojtsov.com\public_html\shop\skin1\modules\UPS_OnLine_Tools\ups_rss.tpl --> ftp.vorojtsov.com /public_html/vorojtsov/shop/skin1/modules/UPS_OnLine_Tools ups_rss.tpl
