2007.01.15 11:06 B C:\Serguei_All\Brushes\cart\skin1\help\about.tpl <-- KolinskyArtBrushes /public_html/cart/skin1/help about.tpl
2007.01.15 11:06 B C:\Serguei_All\Brushes\cart\skin1\help\business.tpl <-- KolinskyArtBrushes /public_html/cart/skin1/help business.tpl
2007.01.15 11:06 B C:\Serguei_All\Brushes\cart\skin1\help\conditions.tpl <-- KolinskyArtBrushes /public_html/cart/skin1/help conditions.tpl
2007.01.15 11:06 B C:\Serguei_All\Brushes\cart\skin1\help\conditions_affiliates.tpl <-- KolinskyArtBrushes /public_html/cart/skin1/help conditions_affiliates.tpl
2007.01.15 11:06 B C:\Serguei_All\Brushes\cart\skin1\help\conditions_customers.tpl <-- KolinskyArtBrushes /public_html/cart/skin1/help conditions_customers.tpl
2007.01.15 11:06 B C:\Serguei_All\Brushes\cart\skin1\help\contactus.tpl <-- KolinskyArtBrushes /public_html/cart/skin1/help contactus.tpl
2007.01.15 11:06 B C:\Serguei_All\Brushes\cart\skin1\help\FAQ_HTML.tpl <-- KolinskyArtBrushes /public_html/cart/skin1/help FAQ_HTML.tpl
2007.01.15 11:06 B C:\Serguei_All\Brushes\cart\skin1\help\general.tpl <-- KolinskyArtBrushes /public_html/cart/skin1/help general.tpl
2007.01.15 11:06 B C:\Serguei_All\Brushes\cart\skin1\help\hlp_cvv2.tpl <-- KolinskyArtBrushes /public_html/cart/skin1/help hlp_cvv2.tpl
2007.01.15 11:06 B C:\Serguei_All\Brushes\cart\skin1\help\hlp_fdx.tpl <-- KolinskyArtBrushes /public_html/cart/skin1/help hlp_fdx.tpl
2007.01.15 11:06 B C:\Serguei_All\Brushes\cart\skin1\help\hlp_opt.tpl <-- KolinskyArtBrushes /public_html/cart/skin1/help hlp_opt.tpl
2007.01.15 11:06 B C:\Serguei_All\Brushes\cart\skin1\help\hlp_ups.tpl <-- KolinskyArtBrushes /public_html/cart/skin1/help hlp_ups.tpl
2007.01.15 11:06 B C:\Serguei_All\Brushes\cart\skin1\help\index.tpl <-- KolinskyArtBrushes /public_html/cart/skin1/help index.tpl
2007.01.15 11:06 B C:\Serguei_All\Brushes\cart\skin1\help\Password_Recovery.tpl <-- KolinskyArtBrushes /public_html/cart/skin1/help Password_Recovery.tpl
2007.01.15 11:06 B C:\Serguei_All\Brushes\cart\skin1\help\Password_Recovery_message.tpl <-- KolinskyArtBrushes /public_html/cart/skin1/help Password_Recovery_message.tpl
2007.01.15 11:06 B C:\Serguei_All\Brushes\cart\skin1\help\popup.tpl <-- KolinskyArtBrushes /public_html/cart/skin1/help popup.tpl
2007.01.15 11:06 B C:\Serguei_All\Brushes\cart\skin1\help\popup_info.tpl <-- KolinskyArtBrushes /public_html/cart/skin1/help popup_info.tpl
2007.01.15 11:06 B C:\Serguei_All\Brushes\cart\skin1\help\publicity.tpl <-- KolinskyArtBrushes /public_html/cart/skin1/help publicity.tpl
2007.01.15 11:26 B C:\Serguei_All\Vorojtsov.com\public_html\shop\skin1\help\about.tpl --> ftp.vorojtsov.com /public_html/vorojtsov/shop/skin1/help about.tpl
2007.01.15 11:26 B C:\Serguei_All\Vorojtsov.com\public_html\shop\skin1\help\business.tpl --> ftp.vorojtsov.com /public_html/vorojtsov/shop/skin1/help business.tpl
2007.01.15 11:26 B C:\Serguei_All\Vorojtsov.com\public_html\shop\skin1\help\conditions.tpl --> ftp.vorojtsov.com /public_html/vorojtsov/shop/skin1/help conditions.tpl
2007.01.15 11:26 B C:\Serguei_All\Vorojtsov.com\public_html\shop\skin1\help\conditions_affiliates.tpl --> ftp.vorojtsov.com /public_html/vorojtsov/shop/skin1/help conditions_affiliates.tpl
2007.01.15 11:26 B C:\Serguei_All\Vorojtsov.com\public_html\shop\skin1\help\conditions_customers.tpl --> ftp.vorojtsov.com /public_html/vorojtsov/shop/skin1/help conditions_customers.tpl
2007.01.15 11:26 B C:\Serguei_All\Vorojtsov.com\public_html\shop\skin1\help\contactus.tpl --> ftp.vorojtsov.com /public_html/vorojtsov/shop/skin1/help contactus.tpl
2007.01.15 11:26 B C:\Serguei_All\Vorojtsov.com\public_html\shop\skin1\help\FAQ_HTML.tpl --> ftp.vorojtsov.com /public_html/vorojtsov/shop/skin1/help FAQ_HTML.tpl
2007.01.15 11:26 B C:\Serguei_All\Vorojtsov.com\public_html\shop\skin1\help\general.tpl --> ftp.vorojtsov.com /public_html/vorojtsov/shop/skin1/help general.tpl
2007.01.15 11:26 B C:\Serguei_All\Vorojtsov.com\public_html\shop\skin1\help\hlp_cvv2.tpl --> ftp.vorojtsov.com /public_html/vorojtsov/shop/skin1/help hlp_cvv2.tpl
2007.01.15 11:26 B C:\Serguei_All\Vorojtsov.com\public_html\shop\skin1\help\hlp_fdx.tpl --> ftp.vorojtsov.com /public_html/vorojtsov/shop/skin1/help hlp_fdx.tpl
2007.01.15 11:26 B C:\Serguei_All\Vorojtsov.com\public_html\shop\skin1\help\hlp_opt.tpl --> ftp.vorojtsov.com /public_html/vorojtsov/shop/skin1/help hlp_opt.tpl
2007.01.15 11:26 B C:\Serguei_All\Vorojtsov.com\public_html\shop\skin1\help\hlp_ups.tpl --> ftp.vorojtsov.com /public_html/vorojtsov/shop/skin1/help hlp_ups.tpl
2007.01.15 11:26 B C:\Serguei_All\Vorojtsov.com\public_html\shop\skin1\help\index.tpl --> ftp.vorojtsov.com /public_html/vorojtsov/shop/skin1/help index.tpl
2007.01.15 11:26 B C:\Serguei_All\Vorojtsov.com\public_html\shop\skin1\help\Password_Recovery.tpl --> ftp.vorojtsov.com /public_html/vorojtsov/shop/skin1/help Password_Recovery.tpl
2007.01.15 11:26 B C:\Serguei_All\Vorojtsov.com\public_html\shop\skin1\help\Password_Recovery_message.tpl --> ftp.vorojtsov.com /public_html/vorojtsov/shop/skin1/help Password_Recovery_message.tpl
2007.01.15 11:26 B C:\Serguei_All\Vorojtsov.com\public_html\shop\skin1\help\popup.tpl --> ftp.vorojtsov.com /public_html/vorojtsov/shop/skin1/help popup.tpl
2007.01.15 11:26 B C:\Serguei_All\Vorojtsov.com\public_html\shop\skin1\help\popup_info.tpl --> ftp.vorojtsov.com /public_html/vorojtsov/shop/skin1/help popup_info.tpl
2007.01.15 11:26 B C:\Serguei_All\Vorojtsov.com\public_html\shop\skin1\help\publicity.tpl --> ftp.vorojtsov.com /public_html/vorojtsov/shop/skin1/help publicity.tpl
