2007.01.15 11:05 B C:\Serguei_All\Brushes\cart\skin1\buttons\add_to_cart.tpl <-- KolinskyArtBrushes /public_html/cart/skin1/buttons add_to_cart.tpl
2007.01.15 11:05 B C:\Serguei_All\Brushes\cart\skin1\buttons\add_to_wishlist.tpl <-- KolinskyArtBrushes /public_html/cart/skin1/buttons add_to_wishlist.tpl
2007.01.15 11:05 B C:\Serguei_All\Brushes\cart\skin1\buttons\button.tpl <-- KolinskyArtBrushes /public_html/cart/skin1/buttons button.tpl
2007.01.15 11:05 B C:\Serguei_All\Brushes\cart\skin1\buttons\buy_now.tpl <-- KolinskyArtBrushes /public_html/cart/skin1/buttons buy_now.tpl
2007.01.15 11:05 B C:\Serguei_All\Brushes\cart\skin1\buttons\clone.tpl <-- KolinskyArtBrushes /public_html/cart/skin1/buttons clone.tpl
2007.01.15 11:05 B C:\Serguei_All\Brushes\cart\skin1\buttons\continue.tpl <-- KolinskyArtBrushes /public_html/cart/skin1/buttons continue.tpl
2007.01.15 11:05 B C:\Serguei_All\Brushes\cart\skin1\buttons\create_profile_menu.tpl <-- KolinskyArtBrushes /public_html/cart/skin1/buttons create_profile_menu.tpl
2007.01.15 11:05 B C:\Serguei_All\Brushes\cart\skin1\buttons\decline_order.tpl <-- KolinskyArtBrushes /public_html/cart/skin1/buttons decline_order.tpl
2007.01.15 11:05 B C:\Serguei_All\Brushes\cart\skin1\buttons\delete.tpl <-- KolinskyArtBrushes /public_html/cart/skin1/buttons delete.tpl
2007.01.15 11:05 B C:\Serguei_All\Brushes\cart\skin1\buttons\delete_item.tpl <-- KolinskyArtBrushes /public_html/cart/skin1/buttons delete_item.tpl
2007.01.15 11:05 B C:\Serguei_All\Brushes\cart\skin1\buttons\details.tpl <-- KolinskyArtBrushes /public_html/cart/skin1/buttons details.tpl
2007.01.15 11:05 B C:\Serguei_All\Brushes\cart\skin1\buttons\edit_product_options.tpl <-- KolinskyArtBrushes /public_html/cart/skin1/buttons edit_product_options.tpl
2007.01.15 11:05 B C:\Serguei_All\Brushes\cart\skin1\buttons\enter_mpassword.tpl <-- KolinskyArtBrushes /public_html/cart/skin1/buttons enter_mpassword.tpl
2007.01.15 11:05 B C:\Serguei_All\Brushes\cart\skin1\buttons\gc_update.tpl <-- KolinskyArtBrushes /public_html/cart/skin1/buttons gc_update.tpl
2007.01.15 11:05 B C:\Serguei_All\Brushes\cart\skin1\buttons\go.tpl <-- KolinskyArtBrushes /public_html/cart/skin1/buttons go.tpl
2007.01.15 11:05 B C:\Serguei_All\Brushes\cart\skin1\buttons\go_back.tpl <-- KolinskyArtBrushes /public_html/cart/skin1/buttons go_back.tpl
2007.01.15 11:05 B C:\Serguei_All\Brushes\cart\skin1\buttons\go_image.tpl <-- KolinskyArtBrushes /public_html/cart/skin1/buttons go_image.tpl
2007.01.15 11:05 B C:\Serguei_All\Brushes\cart\skin1\buttons\go_image_menu.tpl <-- KolinskyArtBrushes /public_html/cart/skin1/buttons go_image_menu.tpl
2007.01.15 11:05 B C:\Serguei_All\Brushes\cart\skin1\buttons\login_menu.tpl <-- KolinskyArtBrushes /public_html/cart/skin1/buttons login_menu.tpl
2007.01.15 11:05 B C:\Serguei_All\Brushes\cart\skin1\buttons\logout_menu.tpl <-- KolinskyArtBrushes /public_html/cart/skin1/buttons logout_menu.tpl
2007.01.15 11:05 B C:\Serguei_All\Brushes\cart\skin1\buttons\modify.tpl <-- KolinskyArtBrushes /public_html/cart/skin1/buttons modify.tpl
2007.01.15 11:05 B C:\Serguei_All\Brushes\cart\skin1\buttons\no.tpl <-- KolinskyArtBrushes /public_html/cart/skin1/buttons no.tpl
2007.01.15 11:05 B C:\Serguei_All\Brushes\cart\skin1\buttons\rarrow.tpl <-- KolinskyArtBrushes /public_html/cart/skin1/buttons rarrow.tpl
2007.01.15 11:05 B C:\Serguei_All\Brushes\cart\skin1\buttons\search.tpl <-- KolinskyArtBrushes /public_html/cart/skin1/buttons search.tpl
2007.01.15 11:05 B C:\Serguei_All\Brushes\cart\skin1\buttons\search_bw.tpl <-- KolinskyArtBrushes /public_html/cart/skin1/buttons search_bw.tpl
2007.01.15 11:05 B C:\Serguei_All\Brushes\cart\skin1\buttons\search_head.tpl <-- KolinskyArtBrushes /public_html/cart/skin1/buttons search_head.tpl
2007.01.15 11:05 B C:\Serguei_All\Brushes\cart\skin1\buttons\secure_login.tpl <-- KolinskyArtBrushes /public_html/cart/skin1/buttons secure_login.tpl
2007.01.15 11:05 B C:\Serguei_All\Brushes\cart\skin1\buttons\sort_pointer.tpl <-- KolinskyArtBrushes /public_html/cart/skin1/buttons sort_pointer.tpl
2007.01.15 11:05 B C:\Serguei_All\Brushes\cart\skin1\buttons\submit.tpl <-- KolinskyArtBrushes /public_html/cart/skin1/buttons submit.tpl
2007.01.15 11:05 B C:\Serguei_All\Brushes\cart\skin1\buttons\subscribe_menu.tpl <-- KolinskyArtBrushes /public_html/cart/skin1/buttons subscribe_menu.tpl
2007.01.15 11:05 B C:\Serguei_All\Brushes\cart\skin1\buttons\update.tpl <-- KolinskyArtBrushes /public_html/cart/skin1/buttons update.tpl
2007.01.15 11:05 B C:\Serguei_All\Brushes\cart\skin1\buttons\yes.tpl <-- KolinskyArtBrushes /public_html/cart/skin1/buttons yes.tpl
2007.01.15 11:25 B C:\Serguei_All\Vorojtsov.com\public_html\shop\skin1\buttons\add_to_cart.tpl --> ftp.vorojtsov.com /public_html/vorojtsov/shop/skin1/buttons add_to_cart.tpl
2007.01.15 11:25 B C:\Serguei_All\Vorojtsov.com\public_html\shop\skin1\buttons\add_to_wishlist.tpl --> ftp.vorojtsov.com /public_html/vorojtsov/shop/skin1/buttons add_to_wishlist.tpl
2007.01.15 11:25 B C:\Serguei_All\Vorojtsov.com\public_html\shop\skin1\buttons\button.tpl --> ftp.vorojtsov.com /public_html/vorojtsov/shop/skin1/buttons button.tpl
2007.01.15 11:25 B C:\Serguei_All\Vorojtsov.com\public_html\shop\skin1\buttons\buy_now.tpl --> ftp.vorojtsov.com /public_html/vorojtsov/shop/skin1/buttons buy_now.tpl
2007.01.15 11:25 B C:\Serguei_All\Vorojtsov.com\public_html\shop\skin1\buttons\clone.tpl --> ftp.vorojtsov.com /public_html/vorojtsov/shop/skin1/buttons clone.tpl
2007.01.15 11:25 B C:\Serguei_All\Vorojtsov.com\public_html\shop\skin1\buttons\continue.tpl --> ftp.vorojtsov.com /public_html/vorojtsov/shop/skin1/buttons continue.tpl
2007.01.15 11:25 B C:\Serguei_All\Vorojtsov.com\public_html\shop\skin1\buttons\create_profile_menu.tpl --> ftp.vorojtsov.com /public_html/vorojtsov/shop/skin1/buttons create_profile_menu.tpl
2007.01.15 11:25 B C:\Serguei_All\Vorojtsov.com\public_html\shop\skin1\buttons\decline_order.tpl --> ftp.vorojtsov.com /public_html/vorojtsov/shop/skin1/buttons decline_order.tpl
2007.01.15 11:25 B C:\Serguei_All\Vorojtsov.com\public_html\shop\skin1\buttons\delete.tpl --> ftp.vorojtsov.com /public_html/vorojtsov/shop/skin1/buttons delete.tpl
2007.01.15 11:25 B C:\Serguei_All\Vorojtsov.com\public_html\shop\skin1\buttons\delete_item.tpl --> ftp.vorojtsov.com /public_html/vorojtsov/shop/skin1/buttons delete_item.tpl
2007.01.15 11:25 B C:\Serguei_All\Vorojtsov.com\public_html\shop\skin1\buttons\details.tpl --> ftp.vorojtsov.com /public_html/vorojtsov/shop/skin1/buttons details.tpl
2007.01.15 11:25 B C:\Serguei_All\Vorojtsov.com\public_html\shop\skin1\buttons\edit_product_options.tpl --> ftp.vorojtsov.com /public_html/vorojtsov/shop/skin1/buttons edit_product_options.tpl
2007.01.15 11:25 B C:\Serguei_All\Vorojtsov.com\public_html\shop\skin1\buttons\enter_mpassword.tpl --> ftp.vorojtsov.com /public_html/vorojtsov/shop/skin1/buttons enter_mpassword.tpl
2007.01.15 11:25 B C:\Serguei_All\Vorojtsov.com\public_html\shop\skin1\buttons\gc_update.tpl --> ftp.vorojtsov.com /public_html/vorojtsov/shop/skin1/buttons gc_update.tpl
2007.01.15 11:25 B C:\Serguei_All\Vorojtsov.com\public_html\shop\skin1\buttons\go.tpl --> ftp.vorojtsov.com /public_html/vorojtsov/shop/skin1/buttons go.tpl
2007.01.15 11:25 B C:\Serguei_All\Vorojtsov.com\public_html\shop\skin1\buttons\go_back.tpl --> ftp.vorojtsov.com /public_html/vorojtsov/shop/skin1/buttons go_back.tpl
2007.01.15 11:25 B C:\Serguei_All\Vorojtsov.com\public_html\shop\skin1\buttons\go_image.tpl --> ftp.vorojtsov.com /public_html/vorojtsov/shop/skin1/buttons go_image.tpl
2007.01.15 11:25 B C:\Serguei_All\Vorojtsov.com\public_html\shop\skin1\buttons\go_image_menu.tpl --> ftp.vorojtsov.com /public_html/vorojtsov/shop/skin1/buttons go_image_menu.tpl
2007.01.15 11:25 B C:\Serguei_All\Vorojtsov.com\public_html\shop\skin1\buttons\login_menu.tpl --> ftp.vorojtsov.com /public_html/vorojtsov/shop/skin1/buttons login_menu.tpl
2007.01.15 11:25 B C:\Serguei_All\Vorojtsov.com\public_html\shop\skin1\buttons\logout_menu.tpl --> ftp.vorojtsov.com /public_html/vorojtsov/shop/skin1/buttons logout_menu.tpl
2007.01.15 11:25 B C:\Serguei_All\Vorojtsov.com\public_html\shop\skin1\buttons\modify.tpl --> ftp.vorojtsov.com /public_html/vorojtsov/shop/skin1/buttons modify.tpl
2007.01.15 11:25 B C:\Serguei_All\Vorojtsov.com\public_html\shop\skin1\buttons\no.tpl --> ftp.vorojtsov.com /public_html/vorojtsov/shop/skin1/buttons no.tpl
2007.01.15 11:25 B C:\Serguei_All\Vorojtsov.com\public_html\shop\skin1\buttons\rarrow.tpl --> ftp.vorojtsov.com /public_html/vorojtsov/shop/skin1/buttons rarrow.tpl
2007.01.15 11:25 B C:\Serguei_All\Vorojtsov.com\public_html\shop\skin1\buttons\search.tpl --> ftp.vorojtsov.com /public_html/vorojtsov/shop/skin1/buttons search.tpl
2007.01.15 11:25 B C:\Serguei_All\Vorojtsov.com\public_html\shop\skin1\buttons\search_bw.tpl --> ftp.vorojtsov.com /public_html/vorojtsov/shop/skin1/buttons search_bw.tpl
2007.01.15 11:25 B C:\Serguei_All\Vorojtsov.com\public_html\shop\skin1\buttons\search_head.tpl --> ftp.vorojtsov.com /public_html/vorojtsov/shop/skin1/buttons search_head.tpl
2007.01.15 11:25 B C:\Serguei_All\Vorojtsov.com\public_html\shop\skin1\buttons\secure_login.tpl --> ftp.vorojtsov.com /public_html/vorojtsov/shop/skin1/buttons secure_login.tpl
2007.01.15 11:25 B C:\Serguei_All\Vorojtsov.com\public_html\shop\skin1\buttons\sort_pointer.tpl --> ftp.vorojtsov.com /public_html/vorojtsov/shop/skin1/buttons sort_pointer.tpl
2007.01.15 11:25 B C:\Serguei_All\Vorojtsov.com\public_html\shop\skin1\buttons\submit.tpl --> ftp.vorojtsov.com /public_html/vorojtsov/shop/skin1/buttons submit.tpl
2007.01.15 11:25 B C:\Serguei_All\Vorojtsov.com\public_html\shop\skin1\buttons\subscribe_menu.tpl --> ftp.vorojtsov.com /public_html/vorojtsov/shop/skin1/buttons subscribe_menu.tpl
2007.01.15 11:25 B C:\Serguei_All\Vorojtsov.com\public_html\shop\skin1\buttons\update.tpl --> ftp.vorojtsov.com /public_html/vorojtsov/shop/skin1/buttons update.tpl
